Preparing immutable observed pitch schedules...

--- Rep 1/5 (seed=97) ---

--- Rep 2/5 (seed=1000100) ---

--- Rep 3/5 (seed=2000103) ---

--- Rep 4/5 (seed=3000106) ---

--- Rep 5/5 (seed=4000109) ---

=== Held-out next-pitch resolution (B+D) ===
  n=708908  NLL=0.6884  Brier=0.3319
  conditioning: observed pitch + prior history; launch marginalized; includes continuation

=== Marginal outcome calibration ===
  outcome   real%    sim%   ratio      recal
       K   22.58   22.15   0.981     0.0192
      BB    8.18   13.55   1.656    -0.5047
     HBP    1.11    1.38   1.243    -0.2179
      1B   14.20   12.46   0.878     0.1303
      2B    4.26    3.00   0.703     0.3521
      3B    0.38    0.17   0.440     0.8211
      HR    2.99    2.79   0.934     0.0678
     out   46.30   44.50   0.961     0.0397
       E    0.00    0.00     nan        nan

=== Score distribution ===
                   real      sim
  mean             8.63 8.61 +/- 0.05
  std              4.27     4.43
  median            8.0      8.0
  shutout%         13.4     15.8
  blowout%         28.3     28.5

=== Runs-by-inning fraction (fatigue shape test) ===
  inning   1    2    3    4    5    6    7    8    9   | late(6-9)
  real  11.7 10.8 11.7 11.8 11.9 11.8 11.0 11.0  8.2  | 42.0%
  sim   13.2 10.9 11.4 11.6 11.2 11.6 11.4 11.6  7.1  | 41.7%

=== ABCD PITCHFORMER GAME EVAL (2429 games, 5 reps, 8198s) ===
  runs/game   real 8.63   sim 8.61 +/- 0.05
  home runs/g 4.26 +/- 0.06   away 4.35 +/- 0.07   home-win 50.8 +/- 1.0%  (ties 0)
  extras      real 8.9%   sim 34.1 +/- 1.0%   walk-offs 7.0 +/- 0.5%
  truncated half-innings: 27
  extra half-innings: 11.6   unresolved: 0.2

=== Sampling consistency only (generated B+D, 182604 terminal PAs) ===
  mean=0.4999  std=0.2888  (ideal: mean=0.5, std=0.2887)
  KS stat=0.0019  p=0.5402
  PIT histogram (10 bins, expected 18260 each):
    18131  18495  18134  18368  18445  18062  18225  18197  18168  18379
     0.99   1.01   0.99   1.01   1.01   0.99   1.00   1.00   0.99   1.01

=== Player-level via ABCD game eval (382 batters >= 150 PA) ===
  stat      real      sim      MAE    corr
  AVG     0.2390   0.2269   0.0274   0.283
  OBP     0.3097   0.3440   0.0400   0.419
  SLG     0.3905   0.3699   0.0563   0.351
  K%      0.2260   0.2041   0.0354   0.769
  BB%     0.0814   0.1368   0.0559   0.635
  HR%     0.0292   0.0287   0.0098   0.483

=== Coverage (5 reps, 382 batters) ===
  stat    cov50%   cov90%   cov95%
  AVG       27.5     49.2     52.6
  OBP       17.3     34.8     36.9
  SLG       27.0     49.7     53.1
  K%        16.2     36.1     37.2
  BB%        3.9      5.5      6.5
  HR%       25.9     46.1     48.7
saved paired-rate artifact -> data/eval2/prod_rates_v26b_pa_abcd_s97_abcd.npz
saved benchmark arrays -> data/eval2/calib_v26b_pa_abcd_s97_abcd-observed-schedule_arrays.npz
{
  "tag": "v26b_pa_abcd_s97",
  "season": 2024,
  "c_events": true,
  "games": 2429,
  "reps": 5,
  "elapsed_s": 8197.8852622509,
  "truncated_half_innings": 27,
  "batch_games": 256,
  "total_mean": 8.605599011939068,
  "total_std": 0.04645010360664715,
  "home_mean": 4.26002470152326,
  "away_mean": 4.345574310415809,
  "home_win_rate": 0.5081926718814327,
  "real_total_mean": 8.634829147797447,
  "score_dist": {
    "sim_std": 4.4264151444081,
    "sim_median": 8.0,
    "sim_shutout_rate": 15.792507204610951,
    "sim_blowout_rate": 28.538493207081107,
    "real_std": 4.270741335866924,
    "real_median": 8.0,
    "real_shutout_rate": 13.421160971593249,
    "real_blowout_rate": 28.324413338822563
  },
  "pa_outcomes_sim": {
    "K": 41144.8,
    "BB": 25177.2,
    "HBP": 2557.4,
    "1B": 23150.0,
    "2B": 5563.8,
    "3B": 312.2,
    "HR": 5187.8,
    "out": 82666.2,
    "E": 0.0
  },
  "pa_outcomes_real": {
    "K": 41197.0,
    "BB": 14929.0,
    "HBP": 2020.0,
    "1B": 25902.0,
    "2B": 7771.0,
    "3B": 697.0,
    "HR": 5453.0,
    "out": 84480.0,
    "E": 0.0
  },
  "runs_by_inning_frac_sim": [
    0.13229957764073685,
    0.1085245186492435,
    0.1140072574408598,
    0.11593067755943763,
    0.11210366639566932,
    0.11584144672919434,
    0.1142055481747338,
    0.11574230136225734,
    0.07134500604786738
  ],
  "runs_by_inning_frac_real": [
    0.11716795054217163,
    0.10794367302880134,
    0.11741327707178255,
    0.1183945831902262,
    0.11927775869682547,
    0.11760953829547127,
    0.11020067710122172,
    0.11044600363083264,
    0.0815465384426672
  ],
  "extra_runs_per_game": 0.30078221490325235,
  "sim_extra_rate": 34.13750514615067,
  "real_extra_rate": 8.892548373816386,
  "walkoff_rate": 7.048167970358173,
  "n_ties_mean": 0.2,
  "n_extra_half_innings_mean": 11.6,
  "n_unresolved_mean": 0.2,
  "events": [
    1815.8,
    227.6,
    98.8,
    2947.8,
    287.2,
    8556.2,
    34.2,
    190.8
  ],
  "simulation_consistency": {
    "n": 182604,
    "histogram": [
      18131,
      18495,
      18134,
      18368,
      18445,
      18062,
      18225,
      18197,
      18168,
      18379
    ],
    "bin_edges": [
      0.0,
      0.1,
      0.2,
      0.30000000000000004,
      0.4,
      0.5,
      0.6000000000000001,
      0.7000000000000001,
      0.8,
      0.9,
      1.0
    ],
    "chi2": 10.988390177652187,
    "ks_stat": 0.0018769173402159445,
    "ks_pvalue": 0.5401816037961004,
    "mean": 0.49988456684514293,
    "std": 0.2888080764241684
  },
  "heldout_pitch_calibration": {
    "scope": "heldout_next_pitch_resolution",
    "n": 708908,
    "conditioning": "observed pitch and prior history; launch marginalized; includes continuation",
    "nll": 0.6884150498889365,
    "brier": 0.33193081163056953,
    "pit_histogram": [
      77573,
      70352,
      69403,
      69222,
      69445,
      69734,
      69987,
      70207,
      70840,
      72145
    ],
    "predicted_rates": [
      0.05927415933063119,
      0.02093946324982563,
      0.002650451179059482,
      0.03328268960070224,
      0.007940564389608785,
      0.0004594270884820237,
      0.007235022004734537,
      0.11820894725999573,
      2.0720019107995167e-09,
      0.7500092738249474
    ],
    "observed_rates": [
      0.05803150761452826,
      0.02027625587523346,
      0.0028494529614562117,
      0.036518137755533864,
      0.010961930179938722,
      0.0009817917134522392,
      0.007687880514819977,
      0.11912829309303886,
      0.0,
      0.7435647502919984
    ],
    "launch_samples": 16
  },
  "skill_policy": {
    "mode": "fixed",
    "resample_per_rep": false,
    "skill_seeds": [],
    "calibration_mode": "fixed_checkpoint",
    "source_world": null
  },
  "completion_diagnostics": {
    "per_rep": [
      {
        "flagged_games": 248,
        "no_detected_completion_fault": 2181,
        "flagged_fraction": 0.1020996294771511,
        "reasons": {
          "regulation_truncated": [
            744820,
            744931,
            744941,
            745134,
            745151,
            745289,
            745391,
            745548,
            745582,
            745655,
            745785,
            746052,
            746207,
            746329,
            746342,
            746402,
            746412,
            746466,
            746502,
            746626,
            746640,
            746725,
            746739,
            746873,
            746885,
            747104,
            747148,
            747168,
            747214
          ],
          "extra_truncated": [],
          "unresolved_tie": [],
          "skipped_extra_innings": [
            744796,
            744825,
            744826,
            744834,
            744848,
            744855,
            744860,
            744874,
            744885,
            744886,
            744908,
            744925,
            744930,
            744938,
            744945,
            744956,
            744957,
            744961,
            744980,
            745001,
            745015,
            745028,
            745030,
            745031,
            745042,
            745052,
            745054,
            745057,
            745075,
            745078,
            745083,
            745088,
            745094,
            745110,
            745127,
            745130,
            745141,
            745143,
            745146,
            745155,
            745162,
            745184,
            745191,
            745207,
            745210,
            745232,
            745237,
            745241,
            745244,
            745246,
            745259,
            745289,
            745294,
            745333,
            745339,
            745372,
            745384,
            745386,
            745400,
            745411,
            745416,
            745417,
            745419,
            745439,
            745469,
            745482,
            745487,
            745490,
            745509,
            745521,
            745523,
            745542,
            745555,
            745574,
            745576,
            745577,
            745599,
            745604,
            745610,
            745616,
            745619,
            745627,
            745630,
            745636,
            745652,
            745658,
            745675,
            745700,
            745725,
            745733,
            745742,
            745751,
            745759,
            745764,
            745765,
            745766,
            745767,
            745792,
            745803,
            745806,
            745808,
            745817,
            745892,
            745893,
            745894,
            745918,
            745919,
            745927,
            745930,
            745942,
            745949,
            745992,
            746009,
            746042,
            746054,
            746137,
            746171,
            746174,
            746183,
            746191,
            746198,
            746218,
            746226,
            746259,
            746263,
            746264,
            746295,
            746298,
            746302,
            746324,
            746339,
            746365,
            746366,
            746374,
            746375,
            746376,
            746377,
            746382,
            746386,
            746392,
            746417,
            746430,
            746432,
            746434,
            746455,
            746474,
            746479,
            746482,
            746488,
            746514,
            746567,
            746576,
            746606,
            746616,
            746625,
            746632,
            746637,
            746638,
            746644,
            746660,
            746665,
            746672,
            746673,
            746687,
            746690,
            746697,
            746738,
            746773,
            746777,
            746782,
            746785,
            746787,
            746792,
            746816,
            746825,
            746829,
            746831,
            746847,
            746851,
            746853,
            746854,
            746865,
            746867,
            746872,
            746887,
            746893,
            746901,
            746906,
            746909,
            746928,
            746935,
            746947,
            746961,
            746964,
            746986,
            746990,
            746993,
            746997,
            747000,
            747008,
            747069,
            747073,
            747076,
            747091,
            747102,
            747136,
            747139,
            747144,
            747159,
            747160,
            747161,
            747164,
            747166,
            747179,
            747180,
            747186,
            747190,
            747200,
            747213,
            747214,
            747218
          ]
        },
        "mean_total_all": 8.559489501852614,
        "mean_total_no_detected_fault": 8.548372306281522
      },
      {
        "flagged_games": 247,
        "no_detected_completion_fault": 2182,
        "flagged_fraction": 0.10168793742280774,
        "reasons": {
          "regulation_truncated": [
            745140,
            745171,
            745364,
            745373,
            745503,
            745643,
            745655,
            745737,
            745853,
            745910,
            746052,
            746132,
            746269,
            746554,
            746640,
            746741,
            746753,
            747013,
            747041,
            747104,
            747132,
            747168,
            747181,
            747214
          ],
          "extra_truncated": [],
          "unresolved_tie": [],
          "skipped_extra_innings": [
            744801,
            744808,
            744815,
            744821,
            744826,
            744827,
            744856,
            744878,
            744897,
            744906,
            744922,
            744923,
            744931,
            744935,
            744936,
            744937,
            744940,
            744948,
            744956,
            744971,
            744972,
            744981,
            744988,
            744991,
            744996,
            745022,
            745035,
            745037,
            745052,
            745054,
            745097,
            745123,
            745125,
            745131,
            745132,
            745134,
            745137,
            745140,
            745164,
            745170,
            745173,
            745178,
            745182,
            745199,
            745205,
            745215,
            745216,
            745218,
            745245,
            745251,
            745261,
            745291,
            745293,
            745302,
            745320,
            745332,
            745341,
            745360,
            745361,
            745384,
            745386,
            745402,
            745405,
            745410,
            745421,
            745433,
            745462,
            745472,
            745475,
            745481,
            745489,
            745495,
            745507,
            745534,
            745539,
            745543,
            745593,
            745595,
            745600,
            745601,
            745613,
            745614,
            745615,
            745629,
            745655,
            745656,
            745666,
            745689,
            745692,
            745702,
            745739,
            745754,
            745770,
            745776,
            745795,
            745802,
            745803,
            745809,
            745811,
            745825,
            745845,
            745848,
            745852,
            745856,
            745863,
            745890,
            745946,
            745950,
            745980,
            745994,
            746007,
            746018,
            746022,
            746048,
            746056,
            746059,
            746061,
            746063,
            746070,
            746071,
            746075,
            746132,
            746168,
            746173,
            746215,
            746234,
            746254,
            746256,
            746266,
            746269,
            746272,
            746281,
            746286,
            746299,
            746305,
            746312,
            746313,
            746349,
            746358,
            746379,
            746388,
            746390,
            746393,
            746399,
            746402,
            746408,
            746415,
            746421,
            746429,
            746430,
            746440,
            746452,
            746462,
            746482,
            746515,
            746532,
            746553,
            746556,
            746559,
            746566,
            746576,
            746579,
            746584,
            746596,
            746597,
            746623,
            746633,
            746647,
            746659,
            746670,
            746674,
            746678,
            746692,
            746707,
            746719,
            746720,
            746741,
            746742,
            746743,
            746748,
            746750,
            746755,
            746763,
            746773,
            746775,
            746791,
            746805,
            746825,
            746828,
            746847,
            746861,
            746862,
            746881,
            746898,
            746908,
            746928,
            746936,
            746945,
            746954,
            746975,
            746989,
            747001,
            747018,
            747024,
            747029,
            747030,
            747031,
            747032,
            747042,
            747047,
            747053,
            747057,
            747059,
            747063,
            747076,
            747090,
            747096,
            747108,
            747122,
            747132,
            747134,
            747135,
            747142,
            747154,
            747185,
            747202,
            747217,
            747221,
            747222
          ]
        },
        "mean_total_all": 8.653355290242898,
        "mean_total_no_detected_fault": 8.538955087076078
      },
      {
        "flagged_games": 229,
        "no_detected_completion_fault": 2200,
        "flagged_fraction": 0.09427748044462742,
        "reasons": {
          "regulation_truncated": [
            745194,
            745241,
            745249,
            745328,
            745364,
            745454,
            745503,
            745655,
            745679,
            745821,
            745910,
            745921,
            745997,
            746052,
            746326,
            746362,
            746442,
            746479,
            746502,
            746534,
            746819,
            746873,
            746885,
            747104,
            747214
          ],
          "extra_truncated": [],
          "unresolved_tie": [
            745738
          ],
          "skipped_extra_innings": [
            744808,
            744815,
            744826,
            744854,
            744855,
            744876,
            744898,
            744908,
            744949,
            744994,
            745026,
            745028,
            745045,
            745052,
            745060,
            745063,
            745088,
            745106,
            745113,
            745116,
            745121,
            745122,
            745134,
            745140,
            745142,
            745196,
            745234,
            745254,
            745262,
            745279,
            745290,
            745297,
            745299,
            745302,
            745356,
            745357,
            745382,
            745392,
            745413,
            745430,
            745432,
            745433,
            745445,
            745456,
            745465,
            745469,
            745504,
            745507,
            745515,
            745535,
            745542,
            745557,
            745567,
            745569,
            745573,
            745590,
            745600,
            745623,
            745631,
            745640,
            745642,
            745643,
            745650,
            745684,
            745701,
            745711,
            745723,
            745733,
            745738,
            745750,
            745768,
            745785,
            745788,
            745789,
            745801,
            745813,
            745825,
            745860,
            745872,
            745882,
            745902,
            745908,
            745911,
            745913,
            745928,
            745950,
            745951,
            745952,
            745956,
            745960,
            745992,
            746000,
            746005,
            746012,
            746014,
            746019,
            746025,
            746027,
            746032,
            746035,
            746059,
            746068,
            746087,
            746097,
            746100,
            746109,
            746131,
            746145,
            746149,
            746153,
            746164,
            746193,
            746198,
            746210,
            746242,
            746243,
            746248,
            746269,
            746304,
            746312,
            746329,
            746336,
            746342,
            746357,
            746358,
            746361,
            746364,
            746374,
            746387,
            746391,
            746393,
            746396,
            746403,
            746422,
            746426,
            746431,
            746432,
            746434,
            746446,
            746452,
            746457,
            746464,
            746476,
            746485,
            746486,
            746520,
            746527,
            746540,
            746557,
            746562,
            746573,
            746587,
            746596,
            746604,
            746624,
            746649,
            746659,
            746665,
            746688,
            746720,
            746731,
            746743,
            746745,
            746746,
            746748,
            746756,
            746781,
            746793,
            746805,
            746813,
            746823,
            746827,
            746849,
            746856,
            746860,
            746870,
            746892,
            746914,
            746946,
            746954,
            746967,
            746969,
            746970,
            746974,
            746976,
            746980,
            746984,
            747004,
            747008,
            747015,
            747032,
            747045,
            747063,
            747068,
            747107,
            747123,
            747135,
            747141,
            747155,
            747165,
            747174,
            747186,
            747200,
            747211
          ]
        },
        "mean_total_all": 8.670234664470975,
        "mean_total_no_detected_fault": 8.62
      },
      {
        "flagged_games": 242,
        "no_detected_completion_fault": 2187,
        "flagged_fraction": 0.09962947715109098,
        "reasons": {
          "regulation_truncated": [
            744865,
            745112,
            745291,
            745503,
            745631,
            745655,
            745969,
            746052,
            746058,
            746150,
            746228,
            746281,
            746640,
            746712,
            746739,
            746873,
            746885,
            747041,
            747168,
            747214
          ],
          "extra_truncated": [],
          "unresolved_tie": [],
          "skipped_extra_innings": [
            744806,
            744827,
            744852,
            744873,
            744883,
            744901,
            744909,
            744919,
            744923,
            744941,
            744948,
            744950,
            744955,
            744965,
            744968,
            744969,
            744977,
            744979,
            744990,
            744991,
            745001,
            745002,
            745003,
            745010,
            745026,
            745046,
            745054,
            745066,
            745077,
            745095,
            745113,
            745119,
            745161,
            745174,
            745205,
            745206,
            745247,
            745253,
            745266,
            745268,
            745278,
            745296,
            745301,
            745312,
            745313,
            745326,
            745331,
            745334,
            745352,
            745363,
            745408,
            745414,
            745416,
            745435,
            745445,
            745483,
            745496,
            745502,
            745503,
            745515,
            745521,
            745546,
            745550,
            745556,
            745573,
            745574,
            745581,
            745586,
            745590,
            745597,
            745626,
            745627,
            745634,
            745639,
            745648,
            745657,
            745691,
            745696,
            745697,
            745711,
            745719,
            745721,
            745755,
            745772,
            745776,
            745808,
            745822,
            745827,
            745828,
            745829,
            745832,
            745835,
            745838,
            745845,
            745852,
            745856,
            745858,
            745863,
            745866,
            745872,
            745882,
            745901,
            745923,
            745949,
            745952,
            745975,
            745984,
            745995,
            746012,
            746020,
            746036,
            746037,
            746038,
            746042,
            746047,
            746060,
            746099,
            746109,
            746110,
            746139,
            746142,
            746143,
            746144,
            746148,
            746154,
            746166,
            746170,
            746183,
            746196,
            746204,
            746239,
            746241,
            746244,
            746251,
            746277,
            746279,
            746298,
            746300,
            746304,
            746309,
            746320,
            746324,
            746331,
            746355,
            746363,
            746374,
            746380,
            746386,
            746388,
            746394,
            746397,
            746399,
            746423,
            746428,
            746429,
            746442,
            746448,
            746461,
            746469,
            746514,
            746534,
            746550,
            746559,
            746569,
            746572,
            746578,
            746586,
            746589,
            746598,
            746599,
            746603,
            746614,
            746626,
            746653,
            746664,
            746667,
            746668,
            746679,
            746706,
            746720,
            746722,
            746732,
            746744,
            746751,
            746760,
            746762,
            746782,
            746793,
            746819,
            746834,
            746842,
            746859,
            746860,
            746866,
            746870,
            746873,
            746904,
            746906,
            746912,
            746931,
            746932,
            746941,
            746956,
            746979,
            746991,
            746997,
            747009,
            747022,
            747025,
            747039,
            747057,
            747091,
            747094,
            747097,
            747127,
            747133,
            747139,
            747142,
            747177,
            747178,
            747191,
            747216,
            747217,
            747223
          ]
        },
        "mean_total_all": 8.574310415808975,
        "mean_total_no_detected_fault": 8.482853223593965
      },
      {
        "flagged_games": 272,
        "no_detected_completion_fault": 2157,
        "flagged_fraction": 0.11198023878139152,
        "reasons": {
          "regulation_truncated": [
            744816,
            744865,
            745139,
            745140,
            745503,
            745535,
            745679,
            745695,
            745785,
            745821,
            745877,
            745910,
            745995,
            746052,
            746141,
            746207,
            746326,
            746357,
            746502,
            746700,
            746727,
            746822,
            746885,
            746902,
            746906,
            746925,
            747041,
            747057,
            747095,
            747104,
            747127,
            747130,
            747143,
            747180,
            747193,
            747214
          ],
          "extra_truncated": [],
          "unresolved_tie": [],
          "skipped_extra_innings": [
            744798,
            744846,
            744848,
            744854,
            744862,
            744874,
            744878,
            744895,
            744911,
            744916,
            744930,
            744932,
            744938,
            744979,
            745033,
            745055,
            745056,
            745083,
            745092,
            745097,
            745104,
            745111,
            745115,
            745117,
            745124,
            745125,
            745131,
            745132,
            745185,
            745229,
            745232,
            745235,
            745238,
            745242,
            745269,
            745279,
            745291,
            745302,
            745305,
            745321,
            745322,
            745340,
            745344,
            745352,
            745366,
            745368,
            745376,
            745382,
            745397,
            745399,
            745407,
            745415,
            745422,
            745423,
            745425,
            745430,
            745432,
            745435,
            745440,
            745444,
            745447,
            745450,
            745458,
            745464,
            745475,
            745478,
            745480,
            745482,
            745486,
            745499,
            745500,
            745506,
            745513,
            745553,
            745566,
            745573,
            745586,
            745587,
            745589,
            745595,
            745600,
            745609,
            745612,
            745613,
            745615,
            745626,
            745637,
            745639,
            745648,
            745649,
            745656,
            745659,
            745661,
            745674,
            745678,
            745685,
            745704,
            745707,
            745712,
            745722,
            745726,
            745727,
            745750,
            745769,
            745780,
            745790,
            745797,
            745803,
            745820,
            745830,
            745850,
            745856,
            745866,
            745876,
            745884,
            745889,
            745893,
            745896,
            745912,
            745922,
            745924,
            745925,
            745933,
            745985,
            746031,
            746037,
            746048,
            746049,
            746064,
            746067,
            746081,
            746084,
            746086,
            746099,
            746107,
            746114,
            746153,
            746196,
            746216,
            746224,
            746232,
            746233,
            746236,
            746252,
            746255,
            746257,
            746269,
            746271,
            746282,
            746293,
            746304,
            746313,
            746341,
            746348,
            746356,
            746377,
            746387,
            746406,
            746423,
            746427,
            746451,
            746469,
            746476,
            746494,
            746501,
            746505,
            746509,
            746514,
            746521,
            746523,
            746544,
            746545,
            746551,
            746567,
            746592,
            746612,
            746619,
            746622,
            746625,
            746637,
            746641,
            746642,
            746660,
            746667,
            746668,
            746683,
            746697,
            746707,
            746711,
            746712,
            746713,
            746717,
            746723,
            746732,
            746734,
            746751,
            746752,
            746766,
            746774,
            746785,
            746790,
            746812,
            746814,
            746826,
            746829,
            746863,
            746871,
            746886,
            746896,
            746903,
            746917,
            746925,
            746932,
            746965,
            746975,
            746991,
            747008,
            747025,
            747026,
            747029,
            747034,
            747037,
            747049,
            747053,
            747078,
            747079,
            747093,
            747097,
            747110,
            747143,
            747155,
            747159,
            747165,
            747169,
            747171,
            747174,
            747190,
            747203
          ]
        },
        "mean_total_all": 8.570605187319885,
        "mean_total_no_detected_fault": 8.474733426054705
      }
    ],
    "simulation_changed": false,
    "headline_metrics_include_flagged_games": true,
    "note": "Diagnostic only. No detected fault is not certification of legal completion; observed lineup/staff policy and other modelling limitations remain. Filtered means are a sensitivity check, not an unbiased replacement benchmark."
  },
  "rate_export": {
    "path": "data/eval2/prod_rates_v26b_pa_abcd_s97_abcd.npz",
    "players": 543,
    "max_pa_per_game": 90,
    "note": "Generated-outcome rates on the selected observed 2024 PA denominator."
  },
  "arrays_export": {
    "path": "data/eval2/calib_v26b_pa_abcd_s97_abcd-observed-schedule_arrays.npz",
    "games": 2429,
    "reps": 5,
    "note": "Observed lineup/staff schedule; source rows cycle only if a generated half outlives its observed PA schedule. Not a pre-game roster/staff simulation."
  },
  "note": "Generated game state on observed lineup/staff schedule; a half that outlives its observed PA sources cycles those sources until a generated third out. Continuation PAs are excluded from the paired fixed-cohort rate export; not a pre-game roster/staff simulation.",
  "player_stats": {
    "n_batters": 382,
    "min_pa": 150,
    "stats": {
      "AVG": {
        "real_mean": 0.23902044238541253,
        "sim_mean": 0.2268650051744216,
        "mae": 0.02742344903033547,
        "corr": 0.2827852121874578
      },
      "OBP": {
        "real_mean": 0.3096612606472928,
        "sim_mean": 0.34399889297873754,
        "mae": 0.040030619083579064,
        "corr": 0.41908402622207663
      },
      "SLG": {
        "real_mean": 0.39053884214042284,
        "sim_mean": 0.36990828708432927,
        "mae": 0.05629905629331821,
        "corr": 0.35115046113002546
      },
      "K%": {
        "real_mean": 0.2260079387708535,
        "sim_mean": 0.20410847524421072,
        "mae": 0.035360421782021555,
        "corr": 0.7694365295398775
      },
      "BB%": {
        "real_mean": 0.08142517113076207,
        "sim_mean": 0.13680574419297672,
        "mae": 0.055878252877391725,
        "corr": 0.635112020990244
      },
      "HR%": {
        "real_mean": 0.029203748068456624,
        "sim_mean": 0.028735266123142287,
        "mae": 0.009819799948758002,
        "corr": 0.482500533450307
      }
    },
    "coverage": {
      "AVG": {
        "50": 27.486910994764397,
        "90": 49.21465968586388,
        "95": 52.617801047120416
      },
      "OBP": {
        "50": 17.277486910994764,
        "90": 34.81675392670157,
        "95": 36.910994764397905
      },
      "SLG": {
        "50": 26.96335078534031,
        "90": 49.73821989528796,
        "95": 53.141361256544506
      },
      "K%": {
        "50": 16.230366492146597,
        "90": 36.12565445026178,
        "95": 37.17277486910995
      },
      "BB%": {
        "50": 3.926701570680628,
        "90": 5.49738219895288,
        "95": 6.544502617801047
      },
      "HR%": {
        "50": 25.916230366492147,
        "90": 46.07329842931937,
        "95": 48.69109947643979
      }
    }
  },
  "per_rep": {
    "total_mean": [
      8.559489501852614,
      8.653355290242898,
      8.670234664470975,
      8.574310415808975,
      8.570605187319885
    ],
    "home_win_rate": [
      0.515850144092219,
      0.521613832853026,
      0.49938246191848495,
      0.49403046521202143,
      0.5100864553314121
    ],
    "walkoff_rate": [
      0.061342116097159324,
      0.06957595718402634,
      0.06957595718402634,
      0.07739810621655002,
      0.07451626183614657
    ],
    "extra_rate": [
      0.33100041169205435,
      0.33017702758336764,
      0.34705640181144504,
      0.3548785508439687,
      0.34376286537669826
    ]
  }
}
saved -> data/runs/joint_v26b_pa_abcd_s97/abcd_games.json
