Hybrid rollout: A/B/C generate pitches; the Model 7 PA head replaces D for in-play outcomes.
Preparing immutable observed pitch schedules...

--- Rep 1/5 (seed=97) ---

--- Rep 2/5 (seed=1000100) ---

--- Rep 3/5 (seed=2000103) ---

--- Rep 4/5 (seed=3000106) ---

--- Rep 5/5 (seed=4000109) ---

=== Held-out next-pitch resolution (B+D) ===
  not reported for the A/B/C + PA hybrid

=== Marginal outcome calibration ===
  outcome   real%    sim%   ratio      recal
       K   22.58   22.14   0.980     0.0199
      BB    8.18   13.55   1.656    -0.5041
     HBP    1.11    1.38   1.245    -0.2190
      1B   14.20   12.42   0.875     0.1337
      2B    4.26    3.67   0.862     0.1481
      3B    0.38    0.29   0.763     0.2710
      HR    2.99    2.89   0.966     0.0350
     out   46.30   43.67   0.943     0.0586
       E    0.00    0.00     nan        nan

=== Score distribution ===
                   real      sim
  mean             8.63 9.38 +/- 0.06
  std              4.27     4.69
  median            8.0      9.0
  shutout%         13.4     13.0
  blowout%         28.3     30.7

=== Runs-by-inning fraction (fatigue shape test) ===
  inning   1    2    3    4    5    6    7    8    9   | late(6-9)
  real  11.7 10.8 11.7 11.8 11.9 11.8 11.0 11.0  8.2  | 42.0%
  sim   12.9 11.3 11.9 11.5 11.2 11.6 11.7 11.0  6.9  | 41.3%

=== PA + ABCD HYBRID GAME EVAL (2429 games, 5 reps, 6401s) ===
  runs/game   real 8.63   sim 9.38 +/- 0.06
  home runs/g 4.63 +/- 0.04   away 4.75 +/- 0.07   home-win 50.8 +/- 1.2%  (ties 0)
  extras      real 8.9%   sim 9.0 +/- 0.8%   walk-offs 7.3 +/- 0.4%
  truncated half-innings: 29
  extra half-innings: 11.2   unresolved: 0.2

=== Player-level via ABCD game eval (382 batters >= 150 PA) ===
  stat      real      sim      MAE    corr
  AVG     0.2390   0.2324   0.0268   0.338
  OBP     0.3097   0.3491   0.0446   0.407
  SLG     0.3905   0.3885   0.0552   0.401
  K%      0.2260   0.2037   0.0355   0.769
  BB%     0.0814   0.1373   0.0563   0.645
  HR%     0.0292   0.0295   0.0096   0.567

=== Coverage (5 reps, 382 batters) ===
  stat    cov50%   cov90%   cov95%
  AVG       26.2     51.8     54.5
  OBP       14.4     25.9     27.2
  SLG       30.1     51.8     53.9
  K%        15.4     31.4     32.2
  BB%        2.4      5.2      5.5
  HR%       29.8     50.5     52.9
saved paired-rate artifact -> data/eval2/prod_rates_v26b_pa_abcd_s97_hybrid.npz
saved benchmark arrays -> data/eval2/calib_v26b_pa_abcd_s97_hybrid-observed-schedule_arrays.npz
{
  "tag": "v26b_pa_abcd_s97",
  "season": 2024,
  "c_events": true,
  "games": 2429,
  "reps": 5,
  "elapsed_s": 6401.037038326263,
  "truncated_half_innings": 28,
  "batch_games": 256,
  "total_mean": 9.383449979415396,
  "total_std": 0.056191124434650276,
  "home_mean": 4.628900782214904,
  "away_mean": 4.754549197200494,
  "home_win_rate": 0.507616303005352,
  "real_total_mean": 8.634829147797447,
  "score_dist": {
    "sim_std": 4.691339685872149,
    "sim_median": 9.0,
    "sim_shutout_rate": 12.968299711815561,
    "sim_blowout_rate": 30.728694936187733,
    "real_std": 4.270741335866924,
    "real_median": 8.0,
    "real_shutout_rate": 13.421160971593249,
    "real_blowout_rate": 28.324413338822563
  },
  "pa_outcomes_sim": {
    "K": 41650.4,
    "BB": 25489.6,
    "HBP": 2593.4,
    "1B": 23369.4,
    "2B": 6911.4,
    "3B": 548.2,
    "HR": 5430.4,
    "out": 82169.6,
    "E": 0.0
  },
  "pa_outcomes_real": {
    "K": 41197.0,
    "BB": 14929.0,
    "HBP": 2020.0,
    "1B": 25902.0,
    "2B": 7771.0,
    "3B": 697.0,
    "HR": 5453.0,
    "out": 84480.0,
    "E": 0.0
  },
  "runs_by_inning_frac_sim": [
    0.12905999149313568,
    0.11256210463443109,
    0.11852595951094581,
    0.11478836912551246,
    0.11244445651091865,
    0.11597390021629156,
    0.11688793563742658,
    0.11043538855555254,
    0.06932189431578567
  ],
  "runs_by_inning_frac_real": [
    0.11716795054217163,
    0.10794367302880134,
    0.11741327707178255,
    0.1183945831902262,
    0.11927775869682547,
    0.11760953829547127,
    0.11020067710122172,
    0.11044600363083264,
    0.0815465384426672
  ],
  "extra_runs_per_game": 0.28513791683820505,
  "sim_extra_rate": 9.007822149032524,
  "real_extra_rate": 8.892548373816386,
  "walkoff_rate": 7.262247838616716,
  "n_ties_mean": 0.2,
  "n_extra_half_innings_mean": 11.2,
  "n_unresolved_mean": 0.2,
  "events": [
    1873.6,
    229.4,
    98.8,
    2952.6,
    264.6,
    8501.2,
    39.2,
    199.0
  ],
  "simulation_consistency": null,
  "heldout_pitch_calibration": {
    "n": 0,
    "scope": "not_applicable_pa_replaces_d",
    "reason": "Native B+D held-out resolution is not a score for an A/B/C+PA hybrid."
  },
  "skill_policy": {
    "mode": "fixed",
    "resample_per_rep": false,
    "skill_seeds": [],
    "calibration_mode": "fixed_checkpoint",
    "source_world": null
  },
  "completion_diagnostics": {
    "per_rep": [
      {
        "flagged_games": 247,
        "no_detected_completion_fault": 2182,
        "flagged_fraction": 0.10168793742280774,
        "reasons": {
          "regulation_truncated": [
            745063,
            745291,
            745364,
            745535,
            745571,
            745643,
            745655,
            745731,
            745785,
            745910,
            746018,
            746052,
            746207,
            746228,
            746725,
            746779,
            746803,
            746816,
            746885,
            747041,
            747132
          ],
          "extra_truncated": [],
          "unresolved_tie": [
            745134
          ],
          "skipped_extra_innings": [
            744803,
            744804,
            744807,
            744818,
            744823,
            744827,
            744829,
            744843,
            744858,
            744884,
            744894,
            744920,
            744939,
            744943,
            744962,
            744974,
            744975,
            744985,
            744991,
            744998,
            745009,
            745010,
            745020,
            745051,
            745059,
            745062,
            745073,
            745094,
            745095,
            745122,
            745124,
            745134,
            745135,
            745145,
            745162,
            745171,
            745174,
            745181,
            745203,
            745212,
            745215,
            745223,
            745232,
            745264,
            745266,
            745272,
            745288,
            745325,
            745327,
            745330,
            745337,
            745338,
            745339,
            745370,
            745384,
            745401,
            745402,
            745407,
            745414,
            745416,
            745420,
            745421,
            745429,
            745445,
            745447,
            745453,
            745455,
            745472,
            745511,
            745539,
            745549,
            745585,
            745587,
            745591,
            745596,
            745607,
            745625,
            745638,
            745657,
            745663,
            745673,
            745682,
            745687,
            745696,
            745708,
            745711,
            745719,
            745726,
            745728,
            745746,
            745769,
            745788,
            745805,
            745822,
            745824,
            745851,
            745861,
            745867,
            745868,
            745875,
            745888,
            745891,
            745928,
            745931,
            745947,
            745965,
            745969,
            745978,
            745985,
            745990,
            745991,
            745992,
            746022,
            746027,
            746037,
            746039,
            746045,
            746063,
            746099,
            746118,
            746128,
            746133,
            746152,
            746154,
            746166,
            746167,
            746181,
            746187,
            746192,
            746193,
            746195,
            746202,
            746208,
            746209,
            746213,
            746223,
            746236,
            746251,
            746260,
            746268,
            746271,
            746284,
            746312,
            746335,
            746338,
            746344,
            746376,
            746378,
            746392,
            746395,
            746412,
            746416,
            746439,
            746445,
            746454,
            746473,
            746480,
            746481,
            746482,
            746502,
            746525,
            746531,
            746535,
            746560,
            746564,
            746598,
            746607,
            746608,
            746617,
            746683,
            746691,
            746696,
            746698,
            746713,
            746728,
            746731,
            746733,
            746734,
            746735,
            746738,
            746743,
            746746,
            746748,
            746786,
            746799,
            746804,
            746807,
            746821,
            746826,
            746829,
            746858,
            746861,
            746867,
            746877,
            746888,
            746904,
            746928,
            746930,
            746936,
            746951,
            746958,
            746959,
            746971,
            746981,
            746985,
            746990,
            746992,
            746994,
            746995,
            747000,
            747015,
            747039,
            747048,
            747054,
            747055,
            747061,
            747083,
            747108,
            747121,
            747126,
            747138,
            747146,
            747183,
            747216,
            747218,
            747224
          ]
        },
        "mean_total_all": 9.33182379580074,
        "mean_total_no_detected_fault": 9.23923006416132
      },
      {
        "flagged_games": 231,
        "no_detected_completion_fault": 2198,
        "flagged_fraction": 0.09510086455331412,
        "reasons": {
          "regulation_truncated": [
            744805,
            744820,
            744865,
            744866,
            744927,
            745362,
            745364,
            745457,
            745475,
            745485,
            745503,
            745527,
            745548,
            745655,
            745673,
            745744,
            745805,
            745863,
            745921,
            746052,
            746502,
            746534,
            746563,
            746859,
            746885,
            746925,
            747041,
            747068,
            747104,
            747168,
            747193,
            747214
          ],
          "extra_truncated": [],
          "unresolved_tie": [],
          "skipped_extra_innings": [
            744797,
            744818,
            744821,
            744824,
            744880,
            744898,
            744919,
            744947,
            744973,
            744976,
            744983,
            745005,
            745024,
            745048,
            745060,
            745074,
            745078,
            745081,
            745082,
            745091,
            745108,
            745112,
            745145,
            745148,
            745151,
            745159,
            745160,
            745163,
            745166,
            745241,
            745252,
            745261,
            745278,
            745279,
            745312,
            745341,
            745342,
            745352,
            745358,
            745364,
            745376,
            745391,
            745403,
            745432,
            745458,
            745459,
            745465,
            745475,
            745485,
            745494,
            745501,
            745503,
            745512,
            745513,
            745519,
            745524,
            745525,
            745535,
            745549,
            745569,
            745587,
            745607,
            745614,
            745670,
            745677,
            745683,
            745715,
            745718,
            745722,
            745724,
            745727,
            745757,
            745770,
            745780,
            745787,
            745791,
            745795,
            745796,
            745808,
            745837,
            745839,
            745867,
            745870,
            745871,
            745875,
            745879,
            745888,
            745911,
            745913,
            745921,
            745935,
            745941,
            745945,
            745954,
            745975,
            745996,
            746005,
            746006,
            746019,
            746021,
            746043,
            746061,
            746088,
            746127,
            746128,
            746133,
            746140,
            746216,
            746222,
            746225,
            746236,
            746265,
            746274,
            746288,
            746312,
            746318,
            746324,
            746329,
            746355,
            746359,
            746377,
            746379,
            746384,
            746397,
            746407,
            746422,
            746430,
            746439,
            746455,
            746456,
            746462,
            746466,
            746473,
            746478,
            746484,
            746488,
            746510,
            746513,
            746515,
            746546,
            746552,
            746562,
            746567,
            746590,
            746593,
            746594,
            746612,
            746615,
            746623,
            746627,
            746628,
            746629,
            746661,
            746677,
            746680,
            746691,
            746700,
            746706,
            746712,
            746721,
            746724,
            746743,
            746744,
            746763,
            746765,
            746770,
            746772,
            746785,
            746798,
            746806,
            746808,
            746833,
            746847,
            746886,
            746907,
            746917,
            746932,
            746933,
            746946,
            746948,
            746950,
            746955,
            746957,
            746958,
            746967,
            746982,
            746985,
            746989,
            747003,
            747018,
            747019,
            747042,
            747073,
            747084,
            747098,
            747103,
            747106,
            747123,
            747140,
            747142,
            747145,
            747178,
            747182,
            747212
          ]
        },
        "mean_total_all": 9.351996706463565,
        "mean_total_no_detected_fault": 9.279344858962693
      },
      {
        "flagged_games": 218,
        "no_detected_completion_fault": 2211,
        "flagged_fraction": 0.08974886784685056,
        "reasons": {
          "regulation_truncated": [
            744810,
            744813,
            744823,
            744878,
            744921,
            744935,
            745091,
            745503,
            745785,
            745830,
            745910,
            746058,
            746089,
            746127,
            746141,
            746156,
            746207,
            746412,
            746473,
            746640,
            746709,
            746885,
            747113,
            747168,
            747173
          ],
          "extra_truncated": [],
          "unresolved_tie": [],
          "skipped_extra_innings": [
            744830,
            744832,
            744836,
            744846,
            744862,
            744876,
            744878,
            744881,
            744890,
            744898,
            744899,
            744909,
            744920,
            744958,
            744976,
            744978,
            744984,
            744990,
            745003,
            745016,
            745018,
            745023,
            745047,
            745050,
            745062,
            745106,
            745111,
            745123,
            745141,
            745145,
            745154,
            745184,
            745250,
            745274,
            745291,
            745292,
            745323,
            745334,
            745348,
            745370,
            745385,
            745407,
            745411,
            745441,
            745442,
            745489,
            745520,
            745532,
            745537,
            745542,
            745548,
            745561,
            745567,
            745572,
            745579,
            745614,
            745616,
            745619,
            745626,
            745637,
            745638,
            745662,
            745675,
            745698,
            745709,
            745725,
            745737,
            745743,
            745744,
            745799,
            745807,
            745809,
            745824,
            745828,
            745834,
            745846,
            745849,
            745857,
            745864,
            745870,
            745887,
            745898,
            745942,
            745946,
            745960,
            745970,
            745976,
            745978,
            745980,
            745993,
            746003,
            746004,
            746005,
            746007,
            746039,
            746041,
            746062,
            746063,
            746066,
            746068,
            746069,
            746073,
            746100,
            746103,
            746126,
            746131,
            746133,
            746145,
            746148,
            746170,
            746192,
            746205,
            746216,
            746217,
            746220,
            746246,
            746252,
            746256,
            746288,
            746292,
            746293,
            746300,
            746319,
            746321,
            746323,
            746334,
            746355,
            746366,
            746371,
            746375,
            746379,
            746380,
            746402,
            746432,
            746434,
            746451,
            746463,
            746468,
            746480,
            746488,
            746502,
            746506,
            746509,
            746513,
            746551,
            746562,
            746626,
            746635,
            746644,
            746659,
            746692,
            746712,
            746720,
            746722,
            746729,
            746736,
            746744,
            746763,
            746767,
            746783,
            746787,
            746788,
            746798,
            746810,
            746824,
            746844,
            746868,
            746891,
            746918,
            746943,
            746946,
            746987,
            746995,
            747003,
            747015,
            747020,
            747023,
            747042,
            747051,
            747052,
            747095,
            747096,
            747103,
            747116,
            747142,
            747149,
            747154,
            747159,
            747162,
            747168,
            747176,
            747184,
            747203,
            747208,
            747220
          ]
        },
        "mean_total_all": 9.356937011115685,
        "mean_total_no_detected_fault": 9.266847580280416
      },
      {
        "flagged_games": 241,
        "no_detected_completion_fault": 2188,
        "flagged_fraction": 0.09921778509674763,
        "reasons": {
          "regulation_truncated": [
            744798,
            744820,
            744865,
            744910,
            744973,
            745034,
            745066,
            745269,
            745289,
            745390,
            745404,
            745484,
            745488,
            745503,
            745655,
            745910,
            745967,
            746069,
            746148,
            746412,
            746479,
            746509,
            746568,
            746885,
            747037,
            747041,
            747193
          ],
          "extra_truncated": [],
          "unresolved_tie": [],
          "skipped_extra_innings": [
            744796,
            744812,
            744815,
            744832,
            744846,
            744848,
            744857,
            744861,
            744880,
            744882,
            744892,
            744894,
            744898,
            744904,
            744911,
            744914,
            744923,
            744935,
            744959,
            744963,
            744965,
            744967,
            744986,
            745007,
            745017,
            745043,
            745054,
            745060,
            745061,
            745072,
            745089,
            745100,
            745127,
            745128,
            745133,
            745144,
            745162,
            745165,
            745170,
            745171,
            745173,
            745181,
            745183,
            745194,
            745195,
            745199,
            745221,
            745228,
            745234,
            745247,
            745287,
            745305,
            745313,
            745336,
            745340,
            745343,
            745359,
            745370,
            745374,
            745384,
            745405,
            745416,
            745418,
            745419,
            745437,
            745501,
            745508,
            745515,
            745527,
            745535,
            745538,
            745551,
            745558,
            745559,
            745567,
            745607,
            745610,
            745613,
            745633,
            745642,
            745648,
            745656,
            745665,
            745669,
            745684,
            745704,
            745710,
            745748,
            745751,
            745758,
            745795,
            745796,
            745815,
            745820,
            745831,
            745833,
            745843,
            745848,
            745865,
            745885,
            745890,
            745909,
            745910,
            745933,
            745970,
            745975,
            745993,
            745995,
            745997,
            746025,
            746059,
            746066,
            746070,
            746093,
            746122,
            746141,
            746159,
            746164,
            746191,
            746200,
            746226,
            746230,
            746238,
            746248,
            746255,
            746260,
            746262,
            746267,
            746277,
            746282,
            746291,
            746292,
            746318,
            746320,
            746329,
            746342,
            746352,
            746376,
            746379,
            746387,
            746390,
            746417,
            746425,
            746445,
            746450,
            746457,
            746463,
            746468,
            746514,
            746524,
            746534,
            746538,
            746543,
            746548,
            746550,
            746551,
            746555,
            746562,
            746563,
            746568,
            746584,
            746588,
            746589,
            746598,
            746621,
            746633,
            746650,
            746656,
            746672,
            746679,
            746692,
            746694,
            746749,
            746754,
            746763,
            746766,
            746770,
            746805,
            746807,
            746811,
            746848,
            746856,
            746863,
            746865,
            746882,
            746892,
            746918,
            746968,
            746971,
            746972,
            746986,
            746988,
            746994,
            746997,
            746998,
            747007,
            747008,
            747013,
            747014,
            747017,
            747018,
            747021,
            747029,
            747031,
            747037,
            747039,
            747115,
            747120,
            747138,
            747154,
            747160,
            747164,
            747165,
            747167,
            747184,
            747190,
            747200
          ]
        },
        "mean_total_all": 9.386167146974064,
        "mean_total_no_detected_fault": 9.30255941499086
      },
      {
        "flagged_games": 284,
        "no_detected_completion_fault": 2145,
        "flagged_fraction": 0.11692054343351173,
        "reasons": {
          "regulation_truncated": [
            744815,
            744820,
            744865,
            745045,
            745278,
            745303,
            745364,
            745503,
            745536,
            745582,
            745821,
            745857,
            745870,
            745874,
            745910,
            745962,
            745969,
            745990,
            746083,
            746149,
            746174,
            746207,
            746351,
            746362,
            746402,
            746412,
            746502,
            746741,
            746804,
            746805,
            746835,
            746903,
            747041,
            747127,
            747132,
            747168,
            747210,
            747214
          ],
          "extra_truncated": [],
          "unresolved_tie": [],
          "skipped_extra_innings": [
            744803,
            744809,
            744814,
            744820,
            744822,
            744826,
            744830,
            744850,
            744855,
            744862,
            744869,
            744882,
            744883,
            744886,
            744887,
            744891,
            744895,
            744916,
            744920,
            744924,
            744940,
            744941,
            744946,
            744956,
            744967,
            744973,
            744984,
            744985,
            744998,
            744999,
            745003,
            745007,
            745012,
            745015,
            745016,
            745018,
            745024,
            745054,
            745063,
            745084,
            745088,
            745095,
            745116,
            745142,
            745151,
            745157,
            745166,
            745189,
            745190,
            745213,
            745216,
            745226,
            745233,
            745235,
            745236,
            745241,
            745246,
            745257,
            745266,
            745269,
            745275,
            745282,
            745297,
            745306,
            745307,
            745310,
            745313,
            745315,
            745316,
            745322,
            745329,
            745330,
            745335,
            745336,
            745339,
            745344,
            745391,
            745398,
            745426,
            745429,
            745435,
            745438,
            745447,
            745480,
            745506,
            745512,
            745515,
            745526,
            745538,
            745567,
            745589,
            745594,
            745602,
            745609,
            745625,
            745635,
            745647,
            745675,
            745711,
            745731,
            745738,
            745751,
            745766,
            745785,
            745791,
            745796,
            745801,
            745805,
            745855,
            745857,
            745859,
            745865,
            745872,
            745874,
            745876,
            745882,
            745893,
            745915,
            745929,
            745940,
            745948,
            745964,
            745974,
            745977,
            746001,
            746007,
            746018,
            746041,
            746051,
            746064,
            746072,
            746146,
            746159,
            746162,
            746176,
            746215,
            746227,
            746235,
            746244,
            746258,
            746260,
            746284,
            746296,
            746310,
            746313,
            746314,
            746316,
            746339,
            746348,
            746352,
            746358,
            746363,
            746369,
            746371,
            746381,
            746386,
            746408,
            746416,
            746424,
            746427,
            746446,
            746467,
            746473,
            746492,
            746498,
            746505,
            746520,
            746523,
            746530,
            746550,
            746596,
            746606,
            746607,
            746616,
            746618,
            746646,
            746647,
            746649,
            746661,
            746663,
            746669,
            746674,
            746700,
            746703,
            746707,
            746709,
            746725,
            746731,
            746733,
            746743,
            746745,
            746746,
            746747,
            746773,
            746786,
            746797,
            746809,
            746815,
            746821,
            746829,
            746841,
            746843,
            746844,
            746849,
            746868,
            746878,
            746882,
            746888,
            746895,
            746902,
            746917,
            746918,
            746919,
            746949,
            746980,
            746983,
            746989,
            746992,
            747009,
            747014,
            747020,
            747023,
            747038,
            747058,
            747059,
            747061,
            747079,
            747084,
            747096,
            747107,
            747110,
            747118,
            747119,
            747120,
            747121,
            747132,
            747137,
            747148,
            747154,
            747160,
            747162,
            747163,
            747171,
            747177,
            747189,
            747210,
            747213,
            747214,
            747217,
            747221,
            747223,
            747224
          ]
        },
        "mean_total_all": 9.490325236722931,
        "mean_total_no_detected_fault": 9.346853146853148
      }
    ],
    "simulation_changed": false,
    "headline_metrics_include_flagged_games": true,
    "note": "Diagnostic only. No detected fault is not certification of legal completion; observed lineup/staff policy and other modelling limitations remain. Filtered means are a sensitivity check, not an unbiased replacement benchmark."
  },
  "rate_export": {
    "path": "data/eval2/prod_rates_v26b_pa_abcd_s97_hybrid.npz",
    "players": 543,
    "max_pa_per_game": 90,
    "note": "Generated-outcome rates on the selected observed 2024 PA denominator."
  },
  "arrays_export": {
    "path": "data/eval2/calib_v26b_pa_abcd_s97_hybrid-observed-schedule_arrays.npz",
    "games": 2429,
    "reps": 5,
    "note": "Observed lineup/staff schedule; source rows cycle only if a generated half outlives its observed PA schedule. Not a pre-game roster/staff simulation."
  },
  "note": "Generated game state on observed lineup/staff schedule; a half that outlives its observed PA sources cycles those sources until a generated third out. Continuation PAs are excluded from the paired fixed-cohort rate export; this is not pre-game roster selection. Hybrid mode generates pitches with A/B/C and replaces D's in-play outcome with the Model 7 PA head.",
  "hybrid_pa_checkpoint": "checkpoints/pa_abcd/pa_v26b_pa_abcd_s97.pkl",
  "hybrid_pa_skill_mode": "mean",
  "player_stats": {
    "n_batters": 382,
    "min_pa": 150,
    "stats": {
      "AVG": {
        "real_mean": 0.23902044238541253,
        "sim_mean": 0.232387314575909,
        "mae": 0.026816560603468233,
        "corr": 0.3384451086886933
      },
      "OBP": {
        "real_mean": 0.3096612606472928,
        "sim_mean": 0.3491283549373085,
        "mae": 0.04456220610677173,
        "corr": 0.40664885942366663
      },
      "SLG": {
        "real_mean": 0.39053884214042284,
        "sim_mean": 0.38846174805430667,
        "mae": 0.05520958448809022,
        "corr": 0.4008933733086691
      },
      "K%": {
        "real_mean": 0.2260079387708535,
        "sim_mean": 0.20366048945407594,
        "mae": 0.03546594841587622,
        "corr": 0.7686864782873082
      },
      "BB%": {
        "real_mean": 0.08142517113076207,
        "sim_mean": 0.13725265458043487,
        "mae": 0.05633183889793464,
        "corr": 0.6453450026044832
      },
      "HR%": {
        "real_mean": 0.029203748068456624,
        "sim_mean": 0.029466194688736604,
        "mae": 0.009631563267462583,
        "corr": 0.5669153894503084
      }
    },
    "coverage": {
      "AVG": {
        "50": 26.17801047120419,
        "90": 51.832460732984295,
        "95": 54.45026178010471
      },
      "OBP": {
        "50": 14.397905759162304,
        "90": 25.916230366492147,
        "95": 27.225130890052355
      },
      "SLG": {
        "50": 30.104712041884817,
        "90": 51.832460732984295,
        "95": 53.92670157068062
      },
      "K%": {
        "50": 15.44502617801047,
        "90": 31.413612565445025,
        "95": 32.19895287958115
      },
      "BB%": {
        "50": 2.356020942408377,
        "90": 5.2356020942408374,
        "95": 5.49738219895288
      },
      "HR%": {
        "50": 29.84293193717277,
        "90": 50.523560209424076,
        "95": 52.879581151832454
      }
    }
  },
  "per_rep": {
    "total_mean": [
      9.33182379580074,
      9.351996706463565,
      9.356937011115685,
      9.386167146974064,
      9.490325236722931
    ],
    "home_win_rate": [
      0.5286125977768629,
      0.5109098394400988,
      0.4956772334293948,
      0.5018526142445451,
      0.5010292301358584
    ],
    "walkoff_rate": [
      0.07122272540139975,
      0.07039934129271305,
      0.06669411280362289,
      0.07575133799917662,
      0.07904487443392343
    ],
    "extra_rate": [
      0.09304240428159737,
      0.08398517908604364,
      0.08027995059695348,
      0.0893371757925072,
      0.1037463976945245
    ]
  }
}
saved -> data/runs/joint_v26b_pa_abcd_s97/hybrid_games.json
