Hook dists: starter median 23 PA, reliever median 4 PA
Extracting lineups for 2429 games...
  2429 games usable

=== runs-by-inning fraction (fatigue shape test) ===
  inning   1    2    3    4    5    6    7    8    9   | late(6-9)
  real  11.7 10.8 11.7 11.8 11.9 11.8 11.0 11.0  8.2  | 42.0%
  sim   11.5 10.8 12.1 11.7 11.6 11.5 11.2 10.9  8.6  | 42.1%

=== TRUE SIMULATION v2 (2429 games, 47s, park) ===
  runs/game   real 8.63   sim 8.80
  occupancy   real 43.2%   sim 43.9%
  home runs/g 4.45   away 4.34   home-win 53.6%  (ties 0)
  extras      real 8.9%   sim 14.0%   walk-offs 10.0%   extra-inning runs 0.26/g
  saved per-game scores -> data/runs/joint_v26b_pa_abcd_s97/pa_scores_4.npz

=== Player-level via TRUE SIM (382 batters >= 150 PA) ===
  stat      real      sim      MAE    corr
  AVG     0.2390   0.2365   0.0315   0.215
  OBP     0.3097   0.3122   0.0319   0.339
  SLG     0.3905   0.3949   0.0666   0.326
  K%      0.2260   0.2290   0.0337   0.735
  HR%     0.0292   0.0317   0.0119   0.483
