Hook dists: starter median 23 PA, reliever median 4 PA
Extracting lineups for 2429 games...
  2429 games usable

=== runs-by-inning fraction (fatigue shape test) ===
  inning   1    2    3    4    5    6    7    8    9   | late(6-9)
  real  11.7 10.8 11.7 11.8 11.9 11.8 11.0 11.0  8.2  | 42.0%
  sim   11.5 10.6 12.1 11.9 11.7 11.6 11.2 11.4  7.9  | 42.2%

=== TRUE SIMULATION v2 (2429 games, 48s, park) ===
  runs/game   real 8.63   sim 8.66
  occupancy   real 43.2%   sim 43.9%
  home runs/g 4.39   away 4.27   home-win 53.9%  (ties 0)
  extras      real 8.9%   sim 13.0%   walk-offs 9.3%   extra-inning runs 0.26/g
  saved per-game scores -> data/runs/joint_v26b_pa_abcd_s97/pa_scores_0.npz

=== Player-level via TRUE SIM (382 batters >= 150 PA) ===
  stat      real      sim      MAE    corr
  AVG     0.2390   0.2382   0.0305   0.223
  OBP     0.3097   0.3121   0.0326   0.360
  SLG     0.3905   0.3981   0.0651   0.330
  K%      0.2260   0.2321   0.0359   0.710
  HR%     0.0292   0.0320   0.0120   0.468
