Hook dists: starter median 23 PA, reliever median 4 PA
Extracting lineups for 2429 games...
  2429 games usable

=== runs-by-inning fraction (fatigue shape test) ===
  inning   1    2    3    4    5    6    7    8    9   | late(6-9)
  real  11.7 10.8 11.7 11.8 11.9 11.8 11.0 11.0  8.2  | 42.0%
  sim   11.9 10.6 12.1 11.5 11.7 11.4 11.3 11.2  8.3  | 42.2%

=== TRUE SIMULATION v2 (2429 games, 46s, park) ===
  runs/game   real 8.63   sim 8.69
  occupancy   real 43.2%   sim 43.8%
  home runs/g 4.38   away 4.31   home-win 53.1%  (ties 0)
  extras      real 8.9%   sim 13.7%   walk-offs 9.1%   extra-inning runs 0.27/g
  saved per-game scores -> data/runs/joint_v26b_pa_abcd_s97/pa_scores_9.npz

=== Player-level via TRUE SIM (382 batters >= 150 PA) ===
  stat      real      sim      MAE    corr
  AVG     0.2390   0.2384   0.0308   0.268
  OBP     0.3097   0.3123   0.0335   0.356
  SLG     0.3905   0.3982   0.0651   0.343
  K%      0.2260   0.2314   0.0338   0.743
  HR%     0.0292   0.0320   0.0116   0.480
