Hook dists: starter median 23 PA, reliever median 4 PA
Extracting lineups for 2429 games...
  2429 games usable

=== runs-by-inning fraction (fatigue shape test) ===
  inning   1    2    3    4    5    6    7    8    9   | late(6-9)
  real  11.7 10.8 11.7 11.8 11.9 11.8 11.0 11.0  8.2  | 42.0%
  sim   11.1 11.0 12.2 11.6 11.8 12.0 11.2 11.2  8.1  | 42.4%

=== TRUE SIMULATION v2 (2429 games, 45s, park) ===
  runs/game   real 8.63   sim 8.70
  occupancy   real 43.2%   sim 43.7%
  home runs/g 4.39   away 4.31   home-win 54.5%  (ties 0)
  extras      real 8.9%   sim 11.8%   walk-offs 9.5%   extra-inning runs 0.24/g
  saved per-game scores -> data/runs/joint_v26b_pa_abcd_s97/pa_scores_8.npz

=== Player-level via TRUE SIM (382 batters >= 150 PA) ===
  stat      real      sim      MAE    corr
  AVG     0.2390   0.2380   0.0304   0.280
  OBP     0.3097   0.3140   0.0325   0.363
  SLG     0.3905   0.3971   0.0645   0.371
  K%      0.2260   0.2305   0.0334   0.730
  HR%     0.0292   0.0318   0.0118   0.492
