loading train seasons [2015, 2016, 2017, 2018, 2019, 2020, 2021, 2022, 2023], test 2024
pitchers=2257 batters=2498 parks=31 (index 0 reserved for unknown)
events table: 183,608 rows
game context file absent, running without environment
train seqs (58818, 160), pitches 7,241,262
test  seqs (7034, 160), pitches 859,258
C transition support coverage: {'train': {'eligible': 4467848, 'unsupported': 0}, 'test': {'eligible': 529133, 'unsupported': 7}}
baselines (test NLL): {'type': 1.9533794153352149, 'swing': 0.6611971050615835, 'contact': 0.5414490731373509, 'foul': 0.6920674288190509, 'hbp': 0.03379258994767147, 'swing_marginal': 0.470123827457428}
D baselines: {'outcome': 0.9294074220728962, 'hr': 0.18019937752272222, 'launch': 3.0469807775732347, 'p_outcome': [0.6732682762857661, 0.20959105596950794, 0.06508426808922381, 0.0061777924219965875, 0.04587860723350555, 0.0]}
[shared] 7,546,710 total parameters (28,720 shared embeddings)
[shared] step 200/4000 all heads loss 798.2537 (214s)
[shared] step 400/4000 all heads loss 757.0882 (396s)
[shared] step 600/4000 all heads loss 743.0984 (579s)
[shared] step 800/4000 all heads loss 697.2233 (761s)
[shared] step 1000/4000 all heads loss 646.8046 (943s)
[shared] step 1200/4000 all heads loss 623.9266 (1126s)
[shared] step 1400/4000 all heads loss 649.3693 (1309s)
[shared] step 1600/4000 all heads loss 661.7314 (1491s)
[shared] step 1800/4000 all heads loss 529.1091 (1674s)
[shared] step 2000/4000 all heads loss 684.7239 (1857s)
[shared] step 2200/4000 all heads loss 605.0216 (2040s)
[shared] step 2400/4000 all heads loss 639.4871 (2223s)
[shared] step 2600/4000 all heads loss 563.1200 (2406s)
[shared] step 2800/4000 all heads loss 621.2513 (2588s)
[shared] step 3000/4000 all heads loss 623.9674 (2771s)
[shared] step 3200/4000 all heads loss 582.3196 (2954s)
[shared] step 3400/4000 all heads loss 502.2200 (3137s)
[shared] step 3600/4000 all heads loss 603.7636 (3320s)
[shared] step 3800/4000 all heads loss 549.4852 (3503s)
[shared] step 4000/4000 all heads loss 512.2064 (3685s)
[shared/a] held-out: {'nll_stuff': 2.5358644844986733, 'nll_type': 1.450844742803742, 'loss': 3.9867092273024154, 'target_counts': {'nll_stuff': 709224.0, 'nll_type': 709224.0}}
[shared/b] held-out: {'nll_contact': 0.4354292564615972, 'nll_foul': 0.6607127807956438, 'nll_hbp': 0.014107456638135694, 'nll_swing': 0.4404497722187653, 'loss': 1.5506992661141419, 'target_counts': {'nll_contact': 340405.0, 'nll_foul': 261499.0, 'nll_hbp': 371493.0, 'nll_swing': 711898.0}}
[shared/c] held-out: {'nll_bundle': 0.10195120635131244, 'loss': 0.10195120635131244, 'target_counts': {'nll_bundle': 529126.0}}
[shared/d] held-out: {'nll_hr': 0.05830064006259841, 'nll_launch': 2.8078790061107832, 'nll_outcome': 0.5719622169014636, 'loss': 3.3798412230122468, 'target_counts': {'nll_hr': 124207.0, 'nll_launch': 123830.0, 'nll_outcome': 124207.0}}

=== HELD-OUT IMPROVEMENT OVER BASELINE (nats/pitch, higher better) ===
  type      +0.5025
  swing     +0.2207
  contact   +0.1060
  foul      +0.0314
  hbp       +0.0197
  bundle    +0.0433
  outcome   +0.3574
  hr        +0.1219
  launch    +0.2391
saved -> data/eval2/pitchformer_v25b_abcd_none_s97.json
