Importing JAX + NumPyro...
  JAX devices: [CudaDevice(id=0)]
Loading training seasons [2015, 2016, 2017, 2018, 2019, 2020, 2021, 2022, 2023]...
  6,009,774 pitches loaded.
Building player table...
  3,520 unique players.
Filtering to PA-terminal rows...
  1,541,926 plate appearances, 30 parks.
Starting SVI: 50000 steps, lr=0.0003  [outcome-only v6]
  player_skills KL scale = 0.00314744
Initialising SVI...
  Init done in 9.8s
  step      0  ELBO =  -16626.29    elapsed = 15s  nan_skips = 0
  step    500  ELBO =   -9346.94    elapsed = 77s  nan_skips = 0
  step   1000  ELBO =   -9324.67    elapsed = 86s  nan_skips = 0
  step   1500  ELBO =   -8908.66    elapsed = 90s  nan_skips = 0
  step   2000  ELBO =   -8643.31    elapsed = 95s  nan_skips = 0
  step   2500  ELBO =   -8330.75    elapsed = 99s  nan_skips = 0
  step   3000  ELBO =   -8830.41    elapsed = 104s  nan_skips = 0
  step   3500  ELBO =   -8241.98    elapsed = 108s  nan_skips = 0
  step   4000  ELBO =   -8085.05    elapsed = 113s  nan_skips = 0
  step   4500  ELBO =   -7853.58    elapsed = 117s  nan_skips = 0
  step   5000  ELBO =   -7890.15    elapsed = 122s  nan_skips = 0
  Checkpoint saved â†’ /home/jaden/Documents/Baseball/checkpoints/dwjax_pa_v24a_pa_s42/dwjax_step_0005000.pkl
  step   5500  ELBO =   -7885.34    elapsed = 127s  nan_skips = 0
  step   6000  ELBO =   -7794.34    elapsed = 131s  nan_skips = 0
  step   6500  ELBO =   -7524.68    elapsed = 136s  nan_skips = 0
  step   7000  ELBO =   -7931.57    elapsed = 140s  nan_skips = 0
  step   7500  ELBO =   -7522.76    elapsed = 145s  nan_skips = 0
  step   8000  ELBO =   -7285.83    elapsed = 149s  nan_skips = 0
  step   8500  ELBO =   -7599.57    elapsed = 154s  nan_skips = 0
  step   9000  ELBO =   -7581.86    elapsed = 158s  nan_skips = 0
  step   9500  ELBO =   -7535.88    elapsed = 163s  nan_skips = 0
  step  10000  ELBO =   -7436.81    elapsed = 167s  nan_skips = 0
  Checkpoint saved â†’ /home/jaden/Documents/Baseball/checkpoints/dwjax_pa_v24a_pa_s42/dwjax_step_0010000.pkl
  step  10500  ELBO =   -7450.47    elapsed = 172s  nan_skips = 0
  step  11000  ELBO =   -7294.41    elapsed = 176s  nan_skips = 0
  step  11500  ELBO =   -7494.14    elapsed = 181s  nan_skips = 0
  step  12000  ELBO =   -7536.58    elapsed = 185s  nan_skips = 0
  step  12500  ELBO =   -7272.36    elapsed = 190s  nan_skips = 0
  step  13000  ELBO =   -7119.64    elapsed = 194s  nan_skips = 0
  step  13500  ELBO =   -7415.85    elapsed = 199s  nan_skips = 0
  step  14000  ELBO =   -7343.15    elapsed = 203s  nan_skips = 0
  step  14500  ELBO =   -7094.27    elapsed = 208s  nan_skips = 0
  step  15000  ELBO =   -7396.21    elapsed = 212s  nan_skips = 0
  Checkpoint saved â†’ /home/jaden/Documents/Baseball/checkpoints/dwjax_pa_v24a_pa_s42/dwjax_step_0015000.pkl
  step  15500  ELBO =   -7416.15    elapsed = 217s  nan_skips = 0
  step  16000  ELBO =   -7317.97    elapsed = 222s  nan_skips = 0
  step  16500  ELBO =   -7505.28    elapsed = 226s  nan_skips = 0
  step  17000  ELBO =   -7234.52    elapsed = 231s  nan_skips = 0
  step  17500  ELBO =   -7164.22    elapsed = 236s  nan_skips = 0
  step  18000  ELBO =   -7384.21    elapsed = 240s  nan_skips = 0
  step  18500  ELBO =   -7117.10    elapsed = 244s  nan_skips = 0
  step  19000  ELBO =   -7216.99    elapsed = 249s  nan_skips = 0
  step  19500  ELBO =   -7140.15    elapsed = 253s  nan_skips = 0
  step  20000  ELBO =   -7307.84    elapsed = 257s  nan_skips = 0
  Checkpoint saved â†’ /home/jaden/Documents/Baseball/checkpoints/dwjax_pa_v24a_pa_s42/dwjax_step_0020000.pkl
  step  20500  ELBO =   -7278.06    elapsed = 262s  nan_skips = 0
  step  21000  ELBO =   -7401.99    elapsed = 266s  nan_skips = 0
  step  21500  ELBO =   -7164.27    elapsed = 271s  nan_skips = 0
  step  22000  ELBO =   -7524.21    elapsed = 275s  nan_skips = 0
  step  22500  ELBO =   -7284.66    elapsed = 280s  nan_skips = 0
  step  23000  ELBO =   -6984.73    elapsed = 284s  nan_skips = 0
  step  23500  ELBO =   -7343.15    elapsed = 288s  nan_skips = 0
  step  24000  ELBO =   -7053.80    elapsed = 293s  nan_skips = 0
  step  24500  ELBO =   -7279.39    elapsed = 297s  nan_skips = 0
  step  25000  ELBO =   -7003.08    elapsed = 301s  nan_skips = 0
  Checkpoint saved â†’ /home/jaden/Documents/Baseball/checkpoints/dwjax_pa_v24a_pa_s42/dwjax_step_0025000.pkl
  step  25500  ELBO =   -7244.48    elapsed = 306s  nan_skips = 0
  step  26000  ELBO =   -7205.81    elapsed = 310s  nan_skips = 0
  step  26500  ELBO =   -7362.25    elapsed = 315s  nan_skips = 0
  step  27000  ELBO =   -7139.48    elapsed = 319s  nan_skips = 0
  step  27500  ELBO =   -7178.74    elapsed = 323s  nan_skips = 0
  step  28000  ELBO =   -7351.46    elapsed = 328s  nan_skips = 0
  step  28500  ELBO =   -7090.54    elapsed = 332s  nan_skips = 0
  step  29000  ELBO =   -7324.47    elapsed = 337s  nan_skips = 0
  step  29500  ELBO =   -7131.17    elapsed = 341s  nan_skips = 0
  step  30000  ELBO =   -7464.75    elapsed = 345s  nan_skips = 0
  Checkpoint saved â†’ /home/jaden/Documents/Baseball/checkpoints/dwjax_pa_v24a_pa_s42/dwjax_step_0030000.pkl
  step  30500  ELBO =   -7096.84    elapsed = 350s  nan_skips = 0
  step  31000  ELBO =   -7048.28    elapsed = 354s  nan_skips = 0
  step  31500  ELBO =   -7316.19    elapsed = 359s  nan_skips = 0
  step  32000  ELBO =   -7017.43    elapsed = 363s  nan_skips = 0
  step  32500  ELBO =   -7126.72    elapsed = 367s  nan_skips = 0
  step  33000  ELBO =   -7169.43    elapsed = 372s  nan_skips = 0
  step  33500  ELBO =   -7262.27    elapsed = 376s  nan_skips = 0
  step  34000  ELBO =   -7144.23    elapsed = 381s  nan_skips = 0
  step  34500  ELBO =   -7035.33    elapsed = 385s  nan_skips = 0
  step  35000  ELBO =   -7301.10    elapsed = 389s  nan_skips = 0
  Checkpoint saved â†’ /home/jaden/Documents/Baseball/checkpoints/dwjax_pa_v24a_pa_s42/dwjax_step_0035000.pkl
  step  35500  ELBO =   -7064.80    elapsed = 394s  nan_skips = 0
  step  36000  ELBO =   -6916.85    elapsed = 398s  nan_skips = 0
  step  36500  ELBO =   -7084.88    elapsed = 403s  nan_skips = 0
  step  37000  ELBO =   -7316.42    elapsed = 407s  nan_skips = 0
  step  37500  ELBO =   -6984.61    elapsed = 411s  nan_skips = 0
  step  38000  ELBO =   -7336.97    elapsed = 416s  nan_skips = 0
  step  38500  ELBO =   -7187.24    elapsed = 420s  nan_skips = 0
  step  39000  ELBO =   -7119.49    elapsed = 425s  nan_skips = 0
  step  39500  ELBO =   -7157.73    elapsed = 429s  nan_skips = 0
  step  40000  ELBO =   -7027.04    elapsed = 433s  nan_skips = 0
  Checkpoint saved â†’ /home/jaden/Documents/Baseball/checkpoints/dwjax_pa_v24a_pa_s42/dwjax_step_0040000.pkl
  step  40500  ELBO =   -7216.30    elapsed = 438s  nan_skips = 0
  step  41000  ELBO =   -7391.76    elapsed = 442s  nan_skips = 0
  step  41500  ELBO =   -7056.05    elapsed = 447s  nan_skips = 0
  step  42000  ELBO =   -6912.04    elapsed = 451s  nan_skips = 0
  step  42500  ELBO =   -7343.11    elapsed = 455s  nan_skips = 0
  step  43000  ELBO =   -7136.49    elapsed = 460s  nan_skips = 0
  step  43500  ELBO =   -7104.35    elapsed = 464s  nan_skips = 0
  step  44000  ELBO =   -7061.48    elapsed = 469s  nan_skips = 0
  step  44500  ELBO =   -7051.30    elapsed = 473s  nan_skips = 0
  step  45000  ELBO =   -7114.57    elapsed = 477s  nan_skips = 0
  Checkpoint saved â†’ /home/jaden/Documents/Baseball/checkpoints/dwjax_pa_v24a_pa_s42/dwjax_step_0045000.pkl
  step  45500  ELBO =   -7369.46    elapsed = 482s  nan_skips = 0
  step  46000  ELBO =   -6940.27    elapsed = 487s  nan_skips = 0
  step  46500  ELBO =   -7043.62    elapsed = 491s  nan_skips = 0
  step  47000  ELBO =   -7205.84    elapsed = 496s  nan_skips = 0
  step  47500  ELBO =   -7235.41    elapsed = 500s  nan_skips = 0
  step  48000  ELBO =   -7223.95    elapsed = 504s  nan_skips = 0
  step  48500  ELBO =   -7476.34    elapsed = 509s  nan_skips = 0
  step  49000  ELBO =   -7055.47    elapsed = 513s  nan_skips = 0
  step  49500  ELBO =   -7253.50    elapsed = 518s  nan_skips = 0
  Checkpoint saved â†’ /home/jaden/Documents/Baseball/checkpoints/dwjax_pa_v24a_pa_s42/dwjax_step_0050000.pkl

Training done in 0.15h.
Final ELBO = -7073.63
Checkpoint dir: /home/jaden/Documents/Baseball/checkpoints/dwjax_pa_v24a_pa_s42
