/home/jaden/Documents/Baseball/diamondworldjax/scripts/simulator_benchmarks.py:40: RuntimeWarning: divide by zero encountered in scalar divide
  return np.where(ml > 0, 100.0 / (ml + 100.0), -ml / (-ml + 100.0))
SIMULATOR BENCHMARKS (v25a_abcd_none_s42-observed-schedule) — 2429 games, 2376 decided

1. WIN PROBABILITY (home), lower log-loss / Brier better, higher AUC better:
   model                       n   logloss    brier     AUC     ECE
   base rate (home 0.521)   2376    0.6923   0.2496       -       -
   DiamondWorld sim         2376    0.6909   0.2483   0.587   0.042
   Log5 (Pythagorean)       2376    0.6709   0.2391   0.617   0.019
   Market (devig close)     2302    0.6707   0.2391   0.614   0.019
   (common set n=2302: sim logloss 0.6901, Log5 0.6700, market 0.6707)

2. RUN-TOTAL DISTRIBUTION. mean/variance and how well each covers reality:
   real total: mean 8.63  var 18.24
   model                        mean     var  P(>=10)  P(<=5)  logscore
   real (empirical)             8.63   18.24    0.366   0.261         -
   DiamondWorld sim             5.19    7.85    0.081   0.612     2.977
   independent 2-Poisson        5.17    4.86    0.048   0.588     2.989
   league neg-binomial          8.66   17.38    0.376   0.245     2.971

   central-interval coverage (should equal the nominal level):
   model                          50%     80%     90%
   DiamondWorld sim             0.346   0.565   0.662
   independent 2-Poisson        0.299   0.472   0.551
   league neg-binomial          0.501   0.760   0.849

   randomized-PIT uniformity (KS distance from Uniform, lower = better calibrated):
   DiamondWorld sim           KS 0.3871
   independent 2-Poisson      KS 0.4213
   league neg-binomial        KS 0.0366

   overdispersion: sim within-game total variance is 1.51x the independent-Poisson
   value (var = mean); real is 2.11x. The summed model cannot produce this.
