Importing JAX + NumPyro...
  JAX devices: [CudaDevice(id=0)]
Loading training seasons [2015, 2016, 2017, 2018, 2019, 2020, 2021, 2022, 2023]...
  6,009,774 pitches loaded.
Building player table...
  3,520 unique players.
Filtering to PA-terminal rows...
  1,541,926 plate appearances, 30 parks.
Starting SVI: 50000 steps, lr=0.0003  [outcome-only v6]
  player_skills KL scale = 0.00314744
Initialising SVI...
  Init done in 9.6s
  step      0  ELBO =  -13218.52    elapsed = 15s  nan_skips = 0
  step    500  ELBO =   -9217.77    elapsed = 69s  nan_skips = 0
  step   1000  ELBO =   -9090.78    elapsed = 73s  nan_skips = 0
  step   1500  ELBO =   -8802.82    elapsed = 80s  nan_skips = 0
  step   2000  ELBO =   -8805.43    elapsed = 84s  nan_skips = 0
  step   2500  ELBO =   -8333.42    elapsed = 89s  nan_skips = 0
  step   3000  ELBO =   -8160.97    elapsed = 93s  nan_skips = 0
  step   3500  ELBO =   -8254.66    elapsed = 100s  nan_skips = 0
  step   4000  ELBO =   -8284.22    elapsed = 108s  nan_skips = 0
  step   4500  ELBO =   -8254.14    elapsed = 112s  nan_skips = 0
  step   5000  ELBO =   -8147.97    elapsed = 117s  nan_skips = 0
  Checkpoint saved â†’ /home/jaden/Documents/Baseball/checkpoints/dwjax_pa_v24b_pa_s97/dwjax_step_0005000.pkl
  step   5500  ELBO =   -7685.98    elapsed = 121s  nan_skips = 0
  step   6000  ELBO =   -7757.57    elapsed = 126s  nan_skips = 0
  step   6500  ELBO =   -7483.31    elapsed = 130s  nan_skips = 0
  step   7000  ELBO =   -7656.30    elapsed = 135s  nan_skips = 0
  step   7500  ELBO =   -7656.81    elapsed = 143s  nan_skips = 0
  step   8000  ELBO =   -7613.60    elapsed = 147s  nan_skips = 0
  step   8500  ELBO =   -7522.66    elapsed = 152s  nan_skips = 0
  step   9000  ELBO =   -7635.12    elapsed = 156s  nan_skips = 0
  step   9500  ELBO =   -7480.46    elapsed = 161s  nan_skips = 0
  step  10000  ELBO =   -7482.49    elapsed = 165s  nan_skips = 0
  Checkpoint saved â†’ /home/jaden/Documents/Baseball/checkpoints/dwjax_pa_v24b_pa_s97/dwjax_step_0010000.pkl
  step  10500  ELBO =   -7617.81    elapsed = 170s  nan_skips = 0
  step  11000  ELBO =   -7287.94    elapsed = 175s  nan_skips = 0
  step  11500  ELBO =   -7257.99    elapsed = 179s  nan_skips = 0
  step  12000  ELBO =   -7393.30    elapsed = 184s  nan_skips = 0
  step  12500  ELBO =   -7125.64    elapsed = 189s  nan_skips = 0
  step  13000  ELBO =   -7290.24    elapsed = 193s  nan_skips = 0
  step  13500  ELBO =   -7587.23    elapsed = 198s  nan_skips = 0
  step  14000  ELBO =   -7416.52    elapsed = 203s  nan_skips = 0
  step  14500  ELBO =   -7355.85    elapsed = 207s  nan_skips = 0
  step  15000  ELBO =   -7323.25    elapsed = 212s  nan_skips = 0
  Checkpoint saved â†’ /home/jaden/Documents/Baseball/checkpoints/dwjax_pa_v24b_pa_s97/dwjax_step_0015000.pkl
  step  15500  ELBO =   -7210.24    elapsed = 217s  nan_skips = 0
  step  16000  ELBO =   -7202.10    elapsed = 221s  nan_skips = 0
  step  16500  ELBO =   -7321.15    elapsed = 226s  nan_skips = 0
  step  17000  ELBO =   -7351.80    elapsed = 230s  nan_skips = 0
  step  17500  ELBO =   -7328.88    elapsed = 235s  nan_skips = 0
  step  18000  ELBO =   -7242.96    elapsed = 240s  nan_skips = 0
  step  18500  ELBO =   -7023.40    elapsed = 244s  nan_skips = 0
  step  19000  ELBO =   -7032.06    elapsed = 249s  nan_skips = 0
  step  19500  ELBO =   -7289.33    elapsed = 253s  nan_skips = 0
  step  20000  ELBO =   -7387.99    elapsed = 258s  nan_skips = 0
  Checkpoint saved â†’ /home/jaden/Documents/Baseball/checkpoints/dwjax_pa_v24b_pa_s97/dwjax_step_0020000.pkl
  step  20500  ELBO =   -7456.97    elapsed = 262s  nan_skips = 0
  step  21000  ELBO =   -7172.63    elapsed = 267s  nan_skips = 0
  step  21500  ELBO =   -7089.42    elapsed = 271s  nan_skips = 0
  step  22000  ELBO =   -7117.60    elapsed = 276s  nan_skips = 0
  step  22500  ELBO =   -7306.36    elapsed = 280s  nan_skips = 0
  step  23000  ELBO =   -7307.92    elapsed = 285s  nan_skips = 0
  step  23500  ELBO =   -7291.43    elapsed = 289s  nan_skips = 0
  step  24000  ELBO =   -7149.06    elapsed = 294s  nan_skips = 0
  step  24500  ELBO =   -7258.11    elapsed = 298s  nan_skips = 0
  step  25000  ELBO =   -7510.34    elapsed = 303s  nan_skips = 0
  Checkpoint saved â†’ /home/jaden/Documents/Baseball/checkpoints/dwjax_pa_v24b_pa_s97/dwjax_step_0025000.pkl
  step  25500  ELBO =   -7318.07    elapsed = 308s  nan_skips = 0
  step  26000  ELBO =   -7252.74    elapsed = 312s  nan_skips = 0
  step  26500  ELBO =   -7048.55    elapsed = 317s  nan_skips = 0
  step  27000  ELBO =   -7259.38    elapsed = 321s  nan_skips = 0
  step  27500  ELBO =   -7425.39    elapsed = 326s  nan_skips = 0
  step  28000  ELBO =   -7267.72    elapsed = 330s  nan_skips = 0
  step  28500  ELBO =   -7125.56    elapsed = 335s  nan_skips = 0
  step  29000  ELBO =   -7128.57    elapsed = 339s  nan_skips = 0
  step  29500  ELBO =   -7366.51    elapsed = 344s  nan_skips = 0
  step  30000  ELBO =   -7249.57    elapsed = 348s  nan_skips = 0
  Checkpoint saved â†’ /home/jaden/Documents/Baseball/checkpoints/dwjax_pa_v24b_pa_s97/dwjax_step_0030000.pkl
  step  30500  ELBO =   -7311.75    elapsed = 353s  nan_skips = 0
  step  31000  ELBO =   -7074.64    elapsed = 358s  nan_skips = 0
  step  31500  ELBO =   -7155.49    elapsed = 362s  nan_skips = 0
  step  32000  ELBO =   -7452.02    elapsed = 367s  nan_skips = 0
  step  32500  ELBO =   -7086.98    elapsed = 371s  nan_skips = 0
  step  33000  ELBO =   -7165.92    elapsed = 376s  nan_skips = 0
  step  33500  ELBO =   -7386.59    elapsed = 380s  nan_skips = 0
  step  34000  ELBO =   -7157.41    elapsed = 385s  nan_skips = 0
  step  34500  ELBO =   -7329.23    elapsed = 389s  nan_skips = 0
  step  35000  ELBO =   -6954.04    elapsed = 394s  nan_skips = 0
  Checkpoint saved â†’ /home/jaden/Documents/Baseball/checkpoints/dwjax_pa_v24b_pa_s97/dwjax_step_0035000.pkl
  step  35500  ELBO =   -7234.53    elapsed = 398s  nan_skips = 0
  step  36000  ELBO =   -7154.39    elapsed = 403s  nan_skips = 0
  step  36500  ELBO =   -7169.27    elapsed = 407s  nan_skips = 0
  step  37000  ELBO =   -7299.28    elapsed = 412s  nan_skips = 0
  step  37500  ELBO =   -7269.25    elapsed = 417s  nan_skips = 0
  step  38000  ELBO =   -6966.64    elapsed = 421s  nan_skips = 0
  step  38500  ELBO =   -7227.34    elapsed = 426s  nan_skips = 0
  step  39000  ELBO =   -7097.82    elapsed = 430s  nan_skips = 0
  step  39500  ELBO =   -7153.70    elapsed = 435s  nan_skips = 0
  step  40000  ELBO =   -7129.37    elapsed = 439s  nan_skips = 0
  Checkpoint saved â†’ /home/jaden/Documents/Baseball/checkpoints/dwjax_pa_v24b_pa_s97/dwjax_step_0040000.pkl
  step  40500  ELBO =   -7364.81    elapsed = 444s  nan_skips = 0
  step  41000  ELBO =   -7194.96    elapsed = 448s  nan_skips = 0
  step  41500  ELBO =   -7036.14    elapsed = 453s  nan_skips = 0
  step  42000  ELBO =   -7029.92    elapsed = 458s  nan_skips = 0
  step  42500  ELBO =   -7455.20    elapsed = 462s  nan_skips = 0
  step  43000  ELBO =   -7129.81    elapsed = 470s  nan_skips = 0
  step  43500  ELBO =   -7439.69    elapsed = 474s  nan_skips = 0
  step  44000  ELBO =   -7049.29    elapsed = 479s  nan_skips = 0
  step  44500  ELBO =   -7081.63    elapsed = 483s  nan_skips = 0
  step  45000  ELBO =   -7207.59    elapsed = 488s  nan_skips = 0
  Checkpoint saved â†’ /home/jaden/Documents/Baseball/checkpoints/dwjax_pa_v24b_pa_s97/dwjax_step_0045000.pkl
  step  45500  ELBO =   -7311.14    elapsed = 492s  nan_skips = 0
  step  46000  ELBO =   -7236.43    elapsed = 497s  nan_skips = 0
  step  46500  ELBO =   -7077.33    elapsed = 502s  nan_skips = 0
  step  47000  ELBO =   -7132.16    elapsed = 507s  nan_skips = 0
  step  47500  ELBO =   -7299.98    elapsed = 513s  nan_skips = 0
  step  48000  ELBO =   -7292.13    elapsed = 519s  nan_skips = 0
  step  48500  ELBO =   -7322.41    elapsed = 524s  nan_skips = 0
  step  49000  ELBO =   -7229.16    elapsed = 531s  nan_skips = 0
  step  49500  ELBO =   -6992.79    elapsed = 537s  nan_skips = 0
  Checkpoint saved â†’ /home/jaden/Documents/Baseball/checkpoints/dwjax_pa_v24b_pa_s97/dwjax_step_0050000.pkl

Training done in 0.15h.
Final ELBO = -7238.92
Checkpoint dir: /home/jaden/Documents/Baseball/checkpoints/dwjax_pa_v24b_pa_s97
