Preparing immutable observed pitch schedules...

--- Rep 1/5 (seed=97) ---

--- Rep 2/5 (seed=1000100) ---

--- Rep 3/5 (seed=2000103) ---

--- Rep 4/5 (seed=3000106) ---

--- Rep 5/5 (seed=4000109) ---

=== Held-out next-pitch resolution (B+D) ===
  n=708908  NLL=0.6577  Brier=0.3299
  conditioning: observed pitch + prior history; launch marginalized; includes continuation

=== Marginal outcome calibration ===
  outcome   real%    sim%   ratio      recal
       K   22.58   20.70   0.917     0.0871
      BB    8.18   12.18   1.489    -0.3981
     HBP    1.11    1.40   1.267    -0.2367
      1B   14.20   13.86   0.976     0.0239
      2B    4.26    3.49   0.819     0.2001
      3B    0.38    0.28   0.737     0.3058
      HR    2.99    3.24   1.083    -0.0801
     out   46.30   44.85   0.969     0.0319
       E    0.00    0.00     nan        nan

=== Score distribution ===
                   real      sim
  mean             8.63 9.86 +/- 0.09
  std              4.27     4.72
  median            8.0      9.0
  shutout%         13.4     10.6
  blowout%         28.3     31.0

=== Runs-by-inning fraction (fatigue shape test) ===
  inning   1    2    3    4    5    6    7    8    9   | late(6-9)
  real  11.7 10.8 11.7 11.8 11.9 11.8 11.0 11.0  8.2  | 42.0%
  sim   12.7 11.3 11.4 11.5 11.6 11.6 11.4 11.3  7.2  | 41.5%

=== ABCD PITCHFORMER GAME EVAL (2429 games, 5 reps, 6155s) ===
  runs/game   real 8.63   sim 9.86 +/- 0.09
  home runs/g 4.90 +/- 0.06   away 4.96 +/- 0.06   home-win 51.4 +/- 1.2%  (ties 0)
  extras      real 8.9%   sim 8.8 +/- 0.2%   walk-offs 7.5 +/- 0.5%
  truncated half-innings: 27
  extra half-innings: 10.8   unresolved: 0.0

=== Sampling consistency only (generated B+D, 185306 terminal PAs) ===
  mean=0.4992  std=0.2888  (ideal: mean=0.5, std=0.2887)
  KS stat=0.0021  p=0.3984
  PIT histogram (10 bins, expected 18531 each):
    18566  18626  18552  18608  18651  18454  18501  18372  18403  18573
     1.00   1.01   1.00   1.00   1.01   1.00   1.00   0.99   0.99   1.00

=== Player-level via ABCD game eval (382 batters >= 150 PA) ===
  stat      real      sim      MAE    corr
  AVG     0.2390   0.2408   0.0264   0.247
  OBP     0.3097   0.3443   0.0414   0.309
  SLG     0.3905   0.3991   0.0588   0.234
  K%      0.2260   0.2070   0.0406   0.638
  BB%     0.0814   0.1220   0.0418   0.564
  HR%     0.0292   0.0321   0.0113   0.306

=== Coverage (5 reps, 382 batters) ===
  stat    cov50%   cov90%   cov95%
  AVG       25.7     53.1     55.0
  OBP       16.2     31.7     33.5
  SLG       23.3     49.5     51.6
  K%        14.4     27.7     29.3
  BB%        7.3     14.7     15.4
  HR%       25.9     45.8     47.1
saved paired-rate artifact -> data/eval2/prod_rates_v27b_abcd_id_s97.npz
saved benchmark arrays -> data/eval2/calib_v27b_abcd_id_s97-observed-schedule_arrays.npz
{
  "tag": "v27b_abcd_id_s97",
  "season": 2024,
  "c_events": true,
  "games": 2429,
  "reps": 5,
  "elapsed_s": 6154.786156415939,
  "truncated_half_innings": 27,
  "batch_games": 256,
  "total_mean": 9.861095100864555,
  "total_std": 0.09383458127852559,
  "home_mean": 4.900452861259778,
  "away_mean": 4.960642239604776,
  "home_win_rate": 0.5137916838205022,
  "real_total_mean": 8.634829147797447,
  "score_dist": {
    "sim_std": 4.724023616590813,
    "sim_median": 9.0,
    "sim_shutout_rate": 10.580485796624126,
    "sim_blowout_rate": 31.04158089748868,
    "real_std": 4.270741335866924,
    "real_median": 8.0,
    "real_shutout_rate": 13.421160971593249,
    "real_blowout_rate": 28.324413338822563
  },
  "pa_outcomes_sim": {
    "K": 38985.0,
    "BB": 22949.8,
    "HBP": 2642.6,
    "1B": 26110.0,
    "2B": 6568.2,
    "3B": 530.0,
    "HR": 6099.4,
    "out": 84484.6,
    "E": 0.4
  },
  "pa_outcomes_real": {
    "K": 41197.0,
    "BB": 14929.0,
    "HBP": 2020.0,
    "1B": 25902.0,
    "2B": 7771.0,
    "3B": 697.0,
    "HR": 5453.0,
    "out": 84480.0,
    "E": 0.0
  },
  "runs_by_inning_frac_sim": [
    0.12686225964234263,
    0.11337031254043702,
    0.1141725830522511,
    0.11460391128440921,
    0.11635510390697112,
    0.11618257261410787,
    0.11351696413937078,
    0.1132409140707896,
    0.07169537874932065
  ],
  "runs_by_inning_frac_real": [
    0.11716795054217163,
    0.10794367302880134,
    0.11741327707178255,
    0.1183945831902262,
    0.11927775869682547,
    0.11760953829547127,
    0.11020067710122172,
    0.11044600363083264,
    0.0815465384426672
  ],
  "extra_runs_per_game": 0.316344174557431,
  "sim_extra_rate": 8.785508439687115,
  "real_extra_rate": 8.892548373816386,
  "walkoff_rate": 7.4763277068752565,
  "n_ties_mean": 0.0,
  "n_extra_half_innings_mean": 10.8,
  "n_unresolved_mean": 0.0,
  "events": [
    1549.0,
    323.2,
    117.0,
    2686.0,
    373.8,
    10749.0,
    33.8,
    230.0
  ],
  "simulation_consistency": {
    "n": 185306,
    "histogram": [
      18566,
      18626,
      18552,
      18608,
      18651,
      18454,
      18501,
      18372,
      18403,
      18573
    ],
    "bin_edges": [
      0.0,
      0.1,
      0.2,
      0.30000000000000004,
      0.4,
      0.5,
      0.6000000000000001,
      0.7000000000000001,
      0.8,
      0.9,
      1.0
    ],
    "chi2": 4.38606413176044,
    "ks_stat": 0.002080259414307284,
    "ks_pvalue": 0.39844431762477284,
    "mean": 0.4991588528666028,
    "std": 0.28879344752051034
  },
  "heldout_pitch_calibration": {
    "scope": "heldout_next_pitch_resolution",
    "n": 708908,
    "conditioning": "observed pitch and prior history; launch marginalized; includes continuation",
    "nll": 0.6577095467979337,
    "brier": 0.3299029567496436,
    "pit_histogram": [
      74410,
      71978,
      70854,
      70685,
      70301,
      70293,
      70049,
      69995,
      70001,
      70342
    ],
    "predicted_rates": [
      0.056083768096210226,
      0.019941214305970744,
      0.002693487127503491,
      0.035520587945448115,
      0.008601858589739279,
      0.0006860622196661112,
      0.007879429982337757,
      0.11684226379799416,
      6.082853178128689e-07,
      0.7517507196498052
    ],
    "observed_rates": [
      0.05803150761452826,
      0.02027625587523346,
      0.0028494529614562117,
      0.036518137755533864,
      0.010961930179938722,
      0.0009817917134522392,
      0.007687880514819977,
      0.11912829309303886,
      0.0,
      0.7435647502919984
    ],
    "launch_samples": 16
  },
  "skill_policy": {
    "mode": "fixed",
    "resample_per_rep": false,
    "skill_seeds": [],
    "calibration_mode": "fixed_checkpoint",
    "source_world": null
  },
  "completion_diagnostics": {
    "per_rep": [
      {
        "flagged_games": 242,
        "no_detected_completion_fault": 2187,
        "flagged_fraction": 0.09962947715109098,
        "reasons": {
          "regulation_truncated": [
            744816,
            744865,
            744878,
            745021,
            745066,
            745136,
            745166,
            745244,
            745249,
            745291,
            745380,
            745503,
            745582,
            745785,
            745910,
            745962,
            746018,
            746156,
            746174,
            746181,
            746255,
            746317,
            746640,
            746691,
            746709,
            746741,
            746826,
            746830,
            746882,
            746885,
            747041,
            747168
          ],
          "extra_truncated": [],
          "unresolved_tie": [],
          "skipped_extra_innings": [
            744800,
            744826,
            744848,
            744854,
            744857,
            744907,
            744941,
            744943,
            744945,
            744980,
            745006,
            745010,
            745027,
            745050,
            745078,
            745080,
            745083,
            745089,
            745091,
            745101,
            745125,
            745131,
            745155,
            745159,
            745167,
            745171,
            745208,
            745224,
            745230,
            745252,
            745261,
            745264,
            745273,
            745289,
            745292,
            745304,
            745334,
            745340,
            745351,
            745358,
            745360,
            745361,
            745369,
            745391,
            745398,
            745425,
            745427,
            745442,
            745446,
            745449,
            745450,
            745461,
            745462,
            745471,
            745485,
            745503,
            745506,
            745524,
            745528,
            745529,
            745538,
            745556,
            745564,
            745572,
            745584,
            745600,
            745607,
            745609,
            745614,
            745632,
            745639,
            745644,
            745646,
            745673,
            745677,
            745679,
            745683,
            745684,
            745704,
            745711,
            745724,
            745742,
            745747,
            745753,
            745758,
            745762,
            745776,
            745786,
            745787,
            745788,
            745791,
            745797,
            745810,
            745811,
            745823,
            745832,
            745840,
            745841,
            745846,
            745850,
            745857,
            745874,
            745875,
            745878,
            745879,
            745888,
            745898,
            745917,
            745930,
            745949,
            745991,
            745998,
            746017,
            746020,
            746022,
            746039,
            746081,
            746094,
            746114,
            746115,
            746122,
            746138,
            746147,
            746149,
            746206,
            746215,
            746222,
            746223,
            746227,
            746233,
            746250,
            746257,
            746258,
            746265,
            746276,
            746280,
            746287,
            746291,
            746293,
            746305,
            746308,
            746318,
            746322,
            746324,
            746339,
            746345,
            746348,
            746400,
            746416,
            746437,
            746446,
            746448,
            746465,
            746485,
            746497,
            746499,
            746515,
            746532,
            746544,
            746551,
            746567,
            746571,
            746576,
            746580,
            746591,
            746594,
            746595,
            746609,
            746613,
            746627,
            746629,
            746637,
            746640,
            746642,
            746653,
            746657,
            746678,
            746686,
            746780,
            746786,
            746798,
            746805,
            746815,
            746816,
            746839,
            746848,
            746866,
            746876,
            746896,
            746904,
            746927,
            746949,
            746952,
            746959,
            746963,
            746980,
            746991,
            746999,
            747006,
            747020,
            747031,
            747038,
            747066,
            747078,
            747113,
            747116,
            747117,
            747171,
            747192,
            747212,
            747220,
            747223
          ]
        },
        "mean_total_all": 9.849732400164676,
        "mean_total_no_detected_fault": 9.756744398719707
      },
      {
        "flagged_games": 234,
        "no_detected_completion_fault": 2195,
        "flagged_fraction": 0.09633594071634417,
        "reasons": {
          "regulation_truncated": [
            744820,
            744883,
            745264,
            745429,
            745503,
            745655,
            745674,
            746052,
            746056,
            746132,
            746412,
            746561,
            746564,
            746640,
            746682,
            746803,
            746814,
            746885,
            746902,
            747041,
            747098,
            747132,
            747168
          ],
          "extra_truncated": [],
          "unresolved_tie": [],
          "skipped_extra_innings": [
            744807,
            744808,
            744811,
            744823,
            744839,
            744840,
            744846,
            744881,
            744922,
            744938,
            744939,
            744952,
            744992,
            745035,
            745042,
            745061,
            745082,
            745090,
            745092,
            745094,
            745100,
            745112,
            745119,
            745124,
            745134,
            745135,
            745148,
            745171,
            745180,
            745193,
            745194,
            745230,
            745231,
            745234,
            745237,
            745262,
            745264,
            745281,
            745287,
            745291,
            745298,
            745311,
            745312,
            745316,
            745326,
            745333,
            745339,
            745356,
            745362,
            745373,
            745388,
            745403,
            745409,
            745457,
            745464,
            745479,
            745485,
            745486,
            745487,
            745488,
            745514,
            745525,
            745543,
            745601,
            745602,
            745603,
            745610,
            745611,
            745617,
            745632,
            745634,
            745639,
            745668,
            745685,
            745699,
            745706,
            745719,
            745721,
            745724,
            745736,
            745738,
            745746,
            745753,
            745799,
            745821,
            745836,
            745839,
            745859,
            745862,
            745868,
            745876,
            745906,
            745928,
            745930,
            745963,
            746001,
            746016,
            746020,
            746023,
            746024,
            746029,
            746042,
            746062,
            746067,
            746069,
            746075,
            746082,
            746085,
            746087,
            746091,
            746093,
            746116,
            746131,
            746134,
            746147,
            746164,
            746185,
            746188,
            746203,
            746205,
            746211,
            746212,
            746220,
            746227,
            746231,
            746243,
            746257,
            746276,
            746279,
            746295,
            746329,
            746335,
            746361,
            746376,
            746379,
            746382,
            746393,
            746396,
            746406,
            746412,
            746430,
            746460,
            746463,
            746467,
            746476,
            746511,
            746531,
            746566,
            746569,
            746575,
            746578,
            746602,
            746606,
            746616,
            746622,
            746630,
            746631,
            746654,
            746659,
            746671,
            746677,
            746687,
            746707,
            746719,
            746723,
            746724,
            746737,
            746747,
            746750,
            746754,
            746756,
            746769,
            746775,
            746784,
            746789,
            746795,
            746805,
            746822,
            746836,
            746838,
            746841,
            746867,
            746870,
            746877,
            746878,
            746903,
            746943,
            746945,
            746947,
            746965,
            746966,
            747012,
            747019,
            747022,
            747050,
            747057,
            747064,
            747068,
            747088,
            747090,
            747091,
            747102,
            747103,
            747106,
            747109,
            747125,
            747152,
            747156,
            747157,
            747169,
            747179,
            747198,
            747213
          ]
        },
        "mean_total_all": 9.785920131741458,
        "mean_total_no_detected_fault": 9.655125284738041
      },
      {
        "flagged_games": 236,
        "no_detected_completion_fault": 2193,
        "flagged_fraction": 0.09715932482503088,
        "reasons": {
          "regulation_truncated": [
            744951,
            745066,
            745145,
            745364,
            745407,
            745431,
            745503,
            745655,
            745876,
            745962,
            745992,
            745994,
            746048,
            746052,
            746072,
            746181,
            746473,
            746669,
            746803,
            746885,
            746925,
            747071
          ],
          "extra_truncated": [],
          "unresolved_tie": [],
          "skipped_extra_innings": [
            744801,
            744805,
            744815,
            744856,
            744880,
            744892,
            744894,
            744912,
            744953,
            744955,
            744971,
            744974,
            744980,
            744985,
            744986,
            744993,
            744994,
            745023,
            745025,
            745031,
            745038,
            745041,
            745087,
            745091,
            745103,
            745133,
            745146,
            745153,
            745158,
            745162,
            745164,
            745167,
            745176,
            745185,
            745186,
            745210,
            745214,
            745235,
            745245,
            745248,
            745261,
            745271,
            745294,
            745296,
            745312,
            745320,
            745328,
            745357,
            745379,
            745405,
            745433,
            745440,
            745443,
            745444,
            745471,
            745475,
            745478,
            745485,
            745503,
            745512,
            745521,
            745531,
            745532,
            745549,
            745551,
            745554,
            745565,
            745569,
            745582,
            745616,
            745618,
            745624,
            745630,
            745634,
            745649,
            745654,
            745656,
            745665,
            745735,
            745743,
            745748,
            745755,
            745759,
            745778,
            745797,
            745811,
            745812,
            745824,
            745838,
            745858,
            745860,
            745878,
            745888,
            745911,
            745941,
            745953,
            745956,
            745969,
            745973,
            745975,
            745979,
            745991,
            745992,
            746028,
            746068,
            746092,
            746105,
            746107,
            746111,
            746120,
            746136,
            746152,
            746165,
            746198,
            746202,
            746203,
            746210,
            746213,
            746229,
            746240,
            746251,
            746255,
            746267,
            746280,
            746309,
            746329,
            746335,
            746350,
            746360,
            746364,
            746371,
            746372,
            746379,
            746394,
            746422,
            746433,
            746446,
            746449,
            746469,
            746481,
            746488,
            746493,
            746495,
            746526,
            746536,
            746540,
            746553,
            746555,
            746563,
            746579,
            746595,
            746604,
            746618,
            746627,
            746628,
            746641,
            746658,
            746661,
            746665,
            746670,
            746675,
            746684,
            746693,
            746702,
            746707,
            746710,
            746725,
            746737,
            746740,
            746749,
            746772,
            746775,
            746788,
            746808,
            746828,
            746829,
            746851,
            746862,
            746870,
            746875,
            746878,
            746894,
            746895,
            746912,
            746914,
            746917,
            746922,
            746952,
            746955,
            746957,
            746961,
            746966,
            746988,
            746997,
            747003,
            747014,
            747020,
            747022,
            747024,
            747040,
            747052,
            747054,
            747057,
            747063,
            747066,
            747079,
            747092,
            747104,
            747107,
            747109,
            747120,
            747152,
            747190,
            747191,
            747211,
            747221
          ]
        },
        "mean_total_all": 9.90037052284891,
        "mean_total_no_detected_fault": 9.769721842225263
      },
      {
        "flagged_games": 252,
        "no_detected_completion_fault": 2177,
        "flagged_fraction": 0.1037463976945245,
        "reasons": {
          "regulation_truncated": [
            744824,
            744828,
            745025,
            745066,
            745143,
            745291,
            745373,
            745454,
            745484,
            745503,
            745569,
            745583,
            745821,
            745910,
            745982,
            746111,
            746304,
            746326,
            746412,
            746554,
            746568,
            746698,
            746720,
            746844,
            746853,
            746885,
            746906,
            747013,
            747041,
            747095,
            747100,
            747132,
            747214
          ],
          "extra_truncated": [],
          "unresolved_tie": [],
          "skipped_extra_innings": [
            744802,
            744810,
            744827,
            744835,
            744845,
            744853,
            744854,
            744868,
            744871,
            744893,
            744902,
            744912,
            744926,
            744940,
            744949,
            744953,
            744959,
            744964,
            744965,
            744988,
            745000,
            745006,
            745026,
            745057,
            745061,
            745063,
            745064,
            745066,
            745072,
            745078,
            745081,
            745084,
            745096,
            745099,
            745105,
            745108,
            745115,
            745127,
            745136,
            745154,
            745158,
            745168,
            745169,
            745205,
            745207,
            745210,
            745212,
            745236,
            745264,
            745274,
            745307,
            745309,
            745327,
            745332,
            745343,
            745355,
            745358,
            745365,
            745367,
            745374,
            745375,
            745420,
            745427,
            745429,
            745434,
            745439,
            745443,
            745451,
            745466,
            745472,
            745473,
            745504,
            745541,
            745547,
            745551,
            745560,
            745561,
            745562,
            745574,
            745611,
            745616,
            745619,
            745639,
            745643,
            745646,
            745649,
            745651,
            745678,
            745687,
            745693,
            745709,
            745714,
            745733,
            745747,
            745750,
            745764,
            745779,
            745782,
            745787,
            745788,
            745798,
            745803,
            745813,
            745815,
            745817,
            745831,
            745840,
            745846,
            745876,
            745886,
            745950,
            745958,
            745975,
            745984,
            745996,
            746011,
            746023,
            746043,
            746071,
            746086,
            746106,
            746112,
            746178,
            746192,
            746197,
            746205,
            746216,
            746217,
            746239,
            746242,
            746250,
            746274,
            746282,
            746287,
            746311,
            746353,
            746383,
            746404,
            746418,
            746451,
            746465,
            746471,
            746480,
            746498,
            746509,
            746537,
            746546,
            746578,
            746588,
            746594,
            746595,
            746599,
            746600,
            746606,
            746627,
            746635,
            746650,
            746656,
            746677,
            746678,
            746681,
            746692,
            746695,
            746702,
            746712,
            746736,
            746748,
            746759,
            746766,
            746781,
            746785,
            746789,
            746794,
            746805,
            746810,
            746813,
            746823,
            746835,
            746838,
            746839,
            746841,
            746842,
            746850,
            746855,
            746859,
            746860,
            746861,
            746872,
            746888,
            746911,
            746922,
            746928,
            746942,
            746944,
            746947,
            746995,
            747001,
            747004,
            747009,
            747018,
            747022,
            747039,
            747041,
            747047,
            747051,
            747057,
            747067,
            747070,
            747090,
            747098,
            747114,
            747126,
            747129,
            747132,
            747158,
            747164,
            747170,
            747177,
            747178,
            747210,
            747212,
            747217
          ]
        },
        "mean_total_all": 9.751337999176616,
        "mean_total_no_detected_fault": 9.63803399173174
      },
      {
        "flagged_games": 228,
        "no_detected_completion_fault": 2201,
        "flagged_fraction": 0.09386578839028406,
        "reasons": {
          "regulation_truncated": [
            744842,
            744908,
            744972,
            745133,
            745136,
            745141,
            745470,
            745503,
            745577,
            745612,
            745785,
            745819,
            745982,
            745986,
            746003,
            746033,
            746052,
            746202,
            746362,
            746516,
            746773,
            746833,
            746873,
            746967,
            747041
          ],
          "extra_truncated": [],
          "unresolved_tie": [],
          "skipped_extra_innings": [
            744807,
            744809,
            744812,
            744824,
            744833,
            744840,
            744848,
            744851,
            744868,
            744891,
            744906,
            744915,
            744918,
            744926,
            744943,
            744974,
            744975,
            744979,
            744985,
            744992,
            745047,
            745064,
            745068,
            745076,
            745080,
            745082,
            745083,
            745089,
            745119,
            745127,
            745146,
            745157,
            745159,
            745167,
            745200,
            745212,
            745215,
            745221,
            745225,
            745231,
            745232,
            745233,
            745263,
            745269,
            745281,
            745290,
            745291,
            745298,
            745313,
            745315,
            745366,
            745373,
            745374,
            745399,
            745434,
            745449,
            745463,
            745464,
            745477,
            745478,
            745489,
            745505,
            745512,
            745520,
            745523,
            745530,
            745568,
            745581,
            745604,
            745612,
            745628,
            745635,
            745643,
            745645,
            745647,
            745669,
            745686,
            745720,
            745739,
            745750,
            745754,
            745779,
            745780,
            745782,
            745783,
            745791,
            745799,
            745800,
            745803,
            745817,
            745830,
            745838,
            745850,
            745859,
            745867,
            745869,
            745871,
            745876,
            745878,
            745884,
            745898,
            745902,
            745909,
            745916,
            745925,
            745967,
            745969,
            745971,
            746008,
            746009,
            746023,
            746024,
            746038,
            746048,
            746077,
            746078,
            746085,
            746087,
            746123,
            746157,
            746164,
            746166,
            746233,
            746240,
            746295,
            746298,
            746299,
            746300,
            746302,
            746305,
            746307,
            746311,
            746315,
            746324,
            746334,
            746347,
            746348,
            746382,
            746411,
            746419,
            746429,
            746438,
            746451,
            746493,
            746540,
            746558,
            746593,
            746599,
            746622,
            746623,
            746627,
            746628,
            746645,
            746655,
            746680,
            746684,
            746701,
            746709,
            746717,
            746725,
            746732,
            746734,
            746738,
            746739,
            746750,
            746762,
            746786,
            746795,
            746800,
            746811,
            746813,
            746819,
            746820,
            746852,
            746878,
            746892,
            746906,
            746923,
            746931,
            746932,
            746948,
            746954,
            746955,
            746991,
            747009,
            747011,
            747032,
            747062,
            747089,
            747091,
            747129,
            747131,
            747140,
            747149,
            747150,
            747158,
            747173,
            747189,
            747199,
            747209,
            747213,
            747221,
            747222,
            747223
          ]
        },
        "mean_total_all": 10.018114450391108,
        "mean_total_no_detected_fault": 9.914584279872786
      }
    ],
    "simulation_changed": false,
    "headline_metrics_include_flagged_games": true,
    "note": "Diagnostic only. No detected fault is not certification of legal completion; observed lineup/staff policy and other modelling limitations remain. Filtered means are a sensitivity check, not an unbiased replacement benchmark."
  },
  "rate_export": {
    "path": "data/eval2/prod_rates_v27b_abcd_id_s97.npz",
    "players": 543,
    "max_pa_per_game": 90,
    "note": "Generated-outcome rates on the selected observed 2024 PA denominator."
  },
  "arrays_export": {
    "path": "data/eval2/calib_v27b_abcd_id_s97-observed-schedule_arrays.npz",
    "games": 2429,
    "reps": 5,
    "note": "Observed lineup/staff schedule; source rows cycle only if a generated half outlives its observed PA schedule. Not a pre-game roster/staff simulation."
  },
  "note": "Generated game state on observed lineup/staff schedule; a half that outlives its observed PA sources cycles those sources until a generated third out. Continuation PAs are excluded from the paired fixed-cohort rate export; not a pre-game roster/staff simulation.",
  "player_stats": {
    "n_batters": 382,
    "min_pa": 150,
    "stats": {
      "AVG": {
        "real_mean": 0.23902044238541253,
        "sim_mean": 0.24084668662325548,
        "mae": 0.026424850151976702,
        "corr": 0.24653418610344788
      },
      "OBP": {
        "real_mean": 0.3096612606472928,
        "sim_mean": 0.34426747697317217,
        "mae": 0.04140096366372042,
        "corr": 0.30863584487202983
      },
      "SLG": {
        "real_mean": 0.39053884214042284,
        "sim_mean": 0.3990682192080532,
        "mae": 0.05884079557128702,
        "corr": 0.234322858272789
      },
      "K%": {
        "real_mean": 0.2260079387708535,
        "sim_mean": 0.20696940436654185,
        "mae": 0.04055309642446975,
        "corr": 0.6380452727235206
      },
      "BB%": {
        "real_mean": 0.08142517113076207,
        "sim_mean": 0.12200029236818571,
        "mae": 0.041795501559380444,
        "corr": 0.5643338475076302
      },
      "HR%": {
        "real_mean": 0.029203748068456624,
        "sim_mean": 0.03210777711302419,
        "mae": 0.011316139538718465,
        "corr": 0.3057958191116576
      }
    },
    "coverage": {
      "AVG": {
        "50": 25.654450261780106,
        "90": 53.141361256544506,
        "95": 54.973821989528794
      },
      "OBP": {
        "50": 16.230366492146597,
        "90": 31.675392670157066,
        "95": 33.50785340314136
      },
      "SLG": {
        "50": 23.298429319371728,
        "90": 49.47643979057592,
        "95": 51.57068062827225
      },
      "K%": {
        "50": 14.397905759162304,
        "90": 27.748691099476442,
        "95": 29.31937172774869
      },
      "BB%": {
        "50": 7.329842931937172,
        "90": 14.659685863874344,
        "95": 15.44502617801047
      },
      "HR%": {
        "50": 25.916230366492147,
        "90": 45.811518324607334,
        "95": 47.12041884816754
      }
    }
  },
  "per_rep": {
    "total_mean": [
      9.849732400164676,
      9.785920131741458,
      9.90037052284891,
      9.751337999176616,
      10.018114450391108
    ],
    "home_win_rate": [
      0.5286125977768629,
      0.4969123095924249,
      0.5051461506792919,
      0.522848909016056,
      0.5154384520378756
    ],
    "walkoff_rate": [
      0.07533964594483326,
      0.0716344174557431,
      0.07410456978180321,
      0.08357348703170028,
      0.069164265129683
    ],
    "extra_rate": [
      0.08727871552079045,
      0.0876904075751338,
      0.08892548373816385,
      0.09139563606422396,
      0.08398517908604364
    ]
  }
}
saved -> data/runs/six_v27b_abcd_id_s97/games.json
