loading train seasons [2015, 2016, 2017, 2018, 2019, 2020, 2021, 2022, 2023], test 2024
pitchers=2257 batters=2498 parks=31 (index 0 reserved for unknown)
events table: 183,608 rows
game context file absent, running without environment
train seqs (58818, 160), pitches 7,241,262
test  seqs (7034, 160), pitches 859,258
C transition support coverage: {'train': {'eligible': 4467848, 'unsupported': 0}, 'test': {'eligible': 529133, 'unsupported': 7}}
baselines (test NLL): {'type': 1.9533794153352149, 'swing': 0.6611971050615835, 'contact': 0.5414490731373509, 'foul': 0.6920674288190509, 'hbp': 0.03379258994767147, 'called_strike': 0.6227946635758825, 'swing_marginal': 0.470123827457428}
D baselines: {'outcome': 0.9294074220728962, 'hr': 0.18019937752272222, 'launch': 3.0469807775732347, 'p_outcome': [0.6732682762857661, 0.20959105596950794, 0.06508426808922381, 0.0061777924219965875, 0.04587860723350555, 0.0]}
[shared] 8,079,399 total parameters (256,960 shared embeddings)
[shared] step 200/6000 all heads loss 855.1515 (218s)
[shared] step 400/6000 all heads loss 811.7371 (403s)
[shared] step 600/6000 all heads loss 783.4414 (587s)
[shared] step 800/6000 all heads loss 703.4413 (771s)
[shared] step 1000/6000 all heads loss 661.9988 (956s)
[shared] step 1200/6000 all heads loss 635.7131 (1141s)
[shared] step 1400/6000 all heads loss 655.3251 (1326s)
[shared] step 1600/6000 all heads loss 664.6343 (1511s)
[shared] step 1800/6000 all heads loss 532.7226 (1696s)
[shared] step 2000/6000 all heads loss 683.3256 (1881s)
[shared] step 2200/6000 all heads loss 603.8853 (2066s)
[shared] step 2400/6000 all heads loss 632.3674 (2251s)
[shared] step 2600/6000 all heads loss 550.9478 (2436s)
[shared] step 2800/6000 all heads loss 610.9886 (2621s)
[shared] step 3000/6000 all heads loss 610.4052 (2806s)
[shared] step 3200/6000 all heads loss 567.6799 (2991s)
[shared] step 3400/6000 all heads loss 490.2371 (3176s)
[shared] step 3600/6000 all heads loss 586.4652 (3361s)
[shared] step 3800/6000 all heads loss 529.5901 (3547s)
[shared] step 4000/6000 all heads loss 494.9598 (3732s)
[shared] step 4200/6000 all heads loss 524.8950 (3917s)
[shared] step 4400/6000 all heads loss 464.7639 (4102s)
[shared] step 4600/6000 all heads loss 521.0892 (4287s)
[shared] step 4800/6000 all heads loss 512.2277 (4472s)
[shared] step 5000/6000 all heads loss 546.7769 (4657s)
[shared] step 5200/6000 all heads loss 548.5306 (4842s)
[shared] step 5400/6000 all heads loss 528.3975 (5027s)
[shared] step 5600/6000 all heads loss 570.0725 (5212s)
[shared] step 5800/6000 all heads loss 517.6213 (5397s)
[shared] step 6000/6000 all heads loss 579.6448 (5582s)
[shared/a] held-out: {'nll_stuff': 2.3765648597818596, 'nll_type': 1.4100940790311316, 'loss': 3.786658938812991, 'target_counts': {'nll_stuff': 709224.0, 'nll_type': 709224.0}}
[shared/b] held-out: {'nll_called_strike': 0.16942316803480328, 'nll_contact': 0.4276403527270263, 'nll_foul': 0.6590798394665955, 'nll_hbp': 0.013618369942278222, 'nll_swing': 0.4275791624358748, 'loss': 1.697340892606578, 'target_counts': {'nll_called_strike': 711898.0, 'nll_contact': 340405.0, 'nll_foul': 261499.0, 'nll_hbp': 371493.0, 'nll_swing': 711898.0}}
[shared/c] held-out: {'nll_bundle': 0.10060044924435405, 'loss': 0.10060044924435405, 'target_counts': {'nll_bundle': 529126.0}}
[shared/d] held-out: {'nll_hr': 0.05635380019584157, 'nll_launch': 2.7884601819864683, 'nll_outcome': 0.5620999428790228, 'loss': 3.350560124865491, 'target_counts': {'nll_hr': 124207.0, 'nll_launch': 123830.0, 'nll_outcome': 124207.0}}

=== HELD-OUT IMPROVEMENT OVER BASELINE (nats/pitch, higher better) ===
  type      +0.5433
  swing     +0.2336
  contact   +0.1138
  foul      +0.0330
  hbp       +0.0202
  called_strike +0.4534
  bundle    +0.0446
  outcome   +0.3673
  hr        +0.1238
  launch    +0.2585
saved -> data/eval2/pitchformer_v27b_abcd_id_s97.json
