Preparing immutable observed pitch schedules...

--- Rep 1/5 (seed=97) ---

--- Rep 2/5 (seed=1000100) ---

--- Rep 3/5 (seed=2000103) ---

--- Rep 4/5 (seed=3000106) ---

--- Rep 5/5 (seed=4000109) ---

=== Held-out next-pitch resolution (B+D) ===
  n=708908  NLL=0.6603  Brier=0.3290
  conditioning: observed pitch + prior history; launch marginalized; includes continuation

=== Marginal outcome calibration ===
  outcome   real%    sim%   ratio      recal
       K   22.58   22.73   1.007    -0.0068
      BB    8.18   11.61   1.418    -0.3495
     HBP    1.11    1.39   1.251    -0.2240
      1B   14.20   12.94   0.911     0.0927
      2B    4.26    3.09   0.725     0.3214
      3B    0.38    0.23   0.608     0.4982
      HR    2.99    2.63   0.879     0.1284
     out   46.30   45.39   0.980     0.0200
       E    0.00    0.00     nan        nan

=== Score distribution ===
                   real      sim
  mean             8.63 8.06 +/- 0.08
  std              4.27     4.22
  median            8.0      7.0
  shutout%         13.4     17.7
  blowout%         28.3     26.7

=== Runs-by-inning fraction (fatigue shape test) ===
  inning   1    2    3    4    5    6    7    8    9   | late(6-9)
  real  11.7 10.8 11.7 11.8 11.9 11.8 11.0 11.0  8.2  | 42.0%
  sim   13.1 11.1 11.7 11.6 11.3 11.7 11.2 11.7  6.7  | 41.3%

=== ABCD PITCHFORMER GAME EVAL (2429 games, 5 reps, 6205s) ===
  runs/game   real 8.63   sim 8.06 +/- 0.08
  home runs/g 4.00 +/- 0.05   away 4.06 +/- 0.05   home-win 51.1 +/- 0.9%  (ties 0)
  extras      real 8.9%   sim 10.1 +/- 0.5%   walk-offs 7.7 +/- 0.5%
  truncated half-innings: 21
  extra half-innings: 12.0   unresolved: 0.0

=== Sampling consistency only (generated B+D, 180049 terminal PAs) ===
  mean=0.5000  std=0.2885  (ideal: mean=0.5, std=0.2887)
  KS stat=0.0015  p=0.8358
  PIT histogram (10 bins, expected 18005 each):
    18034  18012  17985  17755  18021  18321  17920  17993  18099  17909
     1.00   1.00   1.00   0.99   1.00   1.02   1.00   1.00   1.01   0.99

=== Player-level via ABCD game eval (382 batters >= 150 PA) ===
  stat      real      sim      MAE    corr
  AVG     0.2390   0.2283   0.0261   0.384
  OBP     0.3097   0.3305   0.0311   0.464
  SLG     0.3905   0.3665   0.0563   0.332
  K%      0.2260   0.2097   0.0331   0.772
  BB%     0.0814   0.1175   0.0379   0.659
  HR%     0.0292   0.0274   0.0098   0.477

=== Coverage (5 reps, 382 batters) ===
  stat    cov50%   cov90%   cov95%
  AVG       26.4     53.9     57.6
  OBP       22.0     44.0     47.4
  SLG       25.9     51.0     53.1
  K%        16.2     38.5     42.4
  BB%        6.0     14.9     16.5
  HR%       27.7     52.1     53.7
saved paired-rate artifact -> data/eval2/prod_rates_v27b_pa_abcd_s97_abcd.npz
saved benchmark arrays -> data/eval2/calib_v27b_pa_abcd_s97_abcd-observed-schedule_arrays.npz
{
  "tag": "v27b_pa_abcd_s97",
  "season": 2024,
  "c_events": true,
  "games": 2429,
  "reps": 5,
  "elapsed_s": 6205.313431024551,
  "truncated_half_innings": 21,
  "batch_games": 256,
  "total_mean": 8.058460271716756,
  "total_std": 0.08038649757862228,
  "home_mean": 4.001152737752161,
  "away_mean": 4.057307533964594,
  "home_win_rate": 0.5109098394400988,
  "real_total_mean": 8.634829147797447,
  "score_dist": {
    "sim_std": 4.220989849228926,
    "sim_median": 7.0,
    "sim_shutout_rate": 17.702758336764102,
    "sim_blowout_rate": 26.74351585014409,
    "real_std": 4.270741335866924,
    "real_median": 8.0,
    "real_shutout_rate": 13.421160971593249,
    "real_blowout_rate": 28.324413338822563
  },
  "pa_outcomes_sim": {
    "K": 41487.0,
    "BB": 21179.0,
    "HBP": 2527.8,
    "1B": 23613.2,
    "2B": 5636.2,
    "3B": 423.6,
    "HR": 4796.8,
    "out": 82826.2,
    "E": 0.0
  },
  "pa_outcomes_real": {
    "K": 41197.0,
    "BB": 14929.0,
    "HBP": 2020.0,
    "1B": 25902.0,
    "2B": 7771.0,
    "3B": 697.0,
    "HR": 5453.0,
    "out": 84480.0,
    "E": 0.0
  },
  "runs_by_inning_frac_sim": [
    0.13074152384797647,
    0.11057513520405454,
    0.11712018020123889,
    0.11627017435744871,
    0.11256202386391409,
    0.11657830147582267,
    0.11215827108811373,
    0.11672705249848593,
    0.06726733746294507
  ],
  "runs_by_inning_frac_real": [
    0.11716795054217163,
    0.10794367302880134,
    0.11741327707178255,
    0.1183945831902262,
    0.11927775869682547,
    0.11760953829547127,
    0.11020067710122172,
    0.11044600363083264,
    0.0815465384426672
  ],
  "extra_runs_per_game": 0.3090160559901194,
  "sim_extra_rate": 10.078221490325237,
  "real_extra_rate": 8.892548373816386,
  "walkoff_rate": 7.715109098394402,
  "n_ties_mean": 0.0,
  "n_extra_half_innings_mean": 12.0,
  "n_unresolved_mean": 0.0,
  "events": [
    1501.4,
    265.2,
    107.8,
    2900.6,
    342.6,
    8923.2,
    40.8,
    203.6
  ],
  "simulation_consistency": {
    "n": 180049,
    "histogram": [
      18034,
      18012,
      17985,
      17755,
      18021,
      18321,
      17920,
      17993,
      18099,
      17909
    ],
    "bin_edges": [
      0.0,
      0.1,
      0.2,
      0.30000000000000004,
      0.4,
      0.5,
      0.6000000000000001,
      0.7000000000000001,
      0.8,
      0.9,
      1.0
    ],
    "chi2": 10.515076451410449,
    "ks_stat": 0.0014618503839191055,
    "ks_pvalue": 0.8357637207846462,
    "mean": 0.5000188832364292,
    "std": 0.28851871705204135
  },
  "heldout_pitch_calibration": {
    "scope": "heldout_next_pitch_resolution",
    "n": 708908,
    "conditioning": "observed pitch and prior history; launch marginalized; includes continuation",
    "nll": 0.660324360400304,
    "brier": 0.32896328956371246,
    "pit_histogram": [
      75363,
      70322,
      69917,
      69565,
      69763,
      70259,
      70562,
      70876,
      71051,
      71230
    ],
    "predicted_rates": [
      0.05981401523391241,
      0.01997984278160115,
      0.002582723267396899,
      0.03426519479447334,
      0.008055421810783248,
      0.000602249625351663,
      0.0066968550332254856,
      0.12023074297012155,
      3.917091819869526e-09,
      0.7477729505660368
    ],
    "observed_rates": [
      0.05803150761452826,
      0.02027625587523346,
      0.0028494529614562117,
      0.036518137755533864,
      0.010961930179938722,
      0.0009817917134522392,
      0.007687880514819977,
      0.11912829309303886,
      0.0,
      0.7435647502919984
    ],
    "launch_samples": 16
  },
  "skill_policy": {
    "mode": "fixed",
    "resample_per_rep": false,
    "skill_seeds": [],
    "calibration_mode": "fixed_checkpoint",
    "source_world": null
  },
  "completion_diagnostics": {
    "per_rep": [
      {
        "flagged_games": 288,
        "no_detected_completion_fault": 2141,
        "flagged_fraction": 0.11856731165088513,
        "reasons": {
          "regulation_truncated": [
            744813,
            744820,
            744865,
            744889,
            744927,
            745373,
            745390,
            745503,
            745522,
            745613,
            745643,
            745655,
            746052,
            746207,
            746412,
            746502,
            746698,
            746885,
            746922,
            747104,
            747132,
            747168,
            747214
          ],
          "extra_truncated": [],
          "unresolved_tie": [],
          "skipped_extra_innings": [
            744799,
            744800,
            744805,
            744808,
            744814,
            744815,
            744850,
            744856,
            744858,
            744861,
            744868,
            744880,
            744903,
            744916,
            744935,
            744953,
            745005,
            745009,
            745016,
            745032,
            745037,
            745041,
            745050,
            745054,
            745061,
            745064,
            745066,
            745083,
            745091,
            745095,
            745130,
            745134,
            745141,
            745150,
            745152,
            745153,
            745154,
            745156,
            745160,
            745161,
            745165,
            745171,
            745200,
            745209,
            745212,
            745217,
            745226,
            745240,
            745261,
            745265,
            745268,
            745280,
            745284,
            745335,
            745347,
            745348,
            745349,
            745364,
            745372,
            745379,
            745388,
            745391,
            745400,
            745403,
            745407,
            745416,
            745422,
            745434,
            745440,
            745447,
            745487,
            745493,
            745495,
            745501,
            745506,
            745519,
            745532,
            745542,
            745561,
            745562,
            745566,
            745571,
            745579,
            745600,
            745621,
            745622,
            745627,
            745630,
            745631,
            745652,
            745660,
            745663,
            745667,
            745676,
            745682,
            745683,
            745687,
            745713,
            745727,
            745730,
            745771,
            745774,
            745775,
            745777,
            745785,
            745822,
            745840,
            745847,
            745855,
            745856,
            745860,
            745863,
            745872,
            745879,
            745882,
            745892,
            745905,
            745921,
            745922,
            745928,
            745942,
            745947,
            745951,
            745958,
            745975,
            745976,
            745977,
            745985,
            745992,
            745995,
            745997,
            745999,
            746003,
            746009,
            746013,
            746035,
            746045,
            746056,
            746063,
            746074,
            746077,
            746081,
            746101,
            746116,
            746126,
            746137,
            746143,
            746151,
            746152,
            746157,
            746160,
            746173,
            746175,
            746198,
            746204,
            746208,
            746214,
            746216,
            746224,
            746227,
            746234,
            746241,
            746250,
            746252,
            746257,
            746259,
            746261,
            746263,
            746270,
            746284,
            746285,
            746290,
            746293,
            746295,
            746312,
            746336,
            746339,
            746358,
            746360,
            746366,
            746371,
            746390,
            746392,
            746393,
            746394,
            746428,
            746446,
            746452,
            746454,
            746467,
            746480,
            746517,
            746526,
            746544,
            746546,
            746584,
            746604,
            746613,
            746616,
            746617,
            746619,
            746620,
            746643,
            746647,
            746649,
            746656,
            746662,
            746672,
            746674,
            746679,
            746681,
            746683,
            746691,
            746698,
            746704,
            746709,
            746713,
            746723,
            746731,
            746736,
            746765,
            746772,
            746783,
            746792,
            746793,
            746809,
            746835,
            746864,
            746882,
            746885,
            746892,
            746901,
            746935,
            746945,
            746949,
            746952,
            746955,
            746965,
            746989,
            747000,
            747012,
            747032,
            747046,
            747047,
            747051,
            747052,
            747056,
            747060,
            747062,
            747063,
            747072,
            747076,
            747080,
            747086,
            747088,
            747090,
            747092,
            747099,
            747100,
            747105,
            747106,
            747113,
            747130,
            747132,
            747156,
            747164,
            747216,
            747217
          ]
        },
        "mean_total_all": 8.20255249073693,
        "mean_total_no_detected_fault": 8.10555815039701
      },
      {
        "flagged_games": 259,
        "no_detected_completion_fault": 2170,
        "flagged_fraction": 0.10662824207492795,
        "reasons": {
          "regulation_truncated": [
            744820,
            745140,
            745178,
            745249,
            745250,
            745264,
            745503,
            745507,
            745655,
            745859,
            745967,
            746052,
            746156,
            746228,
            746255,
            746566,
            746725,
            746727,
            746803,
            746885,
            747041,
            747099,
            747214
          ],
          "extra_truncated": [],
          "unresolved_tie": [],
          "skipped_extra_innings": [
            744801,
            744816,
            744821,
            744839,
            744845,
            744846,
            744849,
            744851,
            744858,
            744872,
            744877,
            744880,
            744882,
            744899,
            744902,
            744905,
            744908,
            744954,
            744985,
            744991,
            745003,
            745013,
            745015,
            745023,
            745030,
            745034,
            745040,
            745074,
            745086,
            745091,
            745092,
            745102,
            745111,
            745113,
            745124,
            745144,
            745147,
            745154,
            745156,
            745165,
            745187,
            745200,
            745204,
            745207,
            745208,
            745210,
            745218,
            745223,
            745224,
            745227,
            745246,
            745257,
            745277,
            745283,
            745288,
            745290,
            745299,
            745305,
            745306,
            745333,
            745338,
            745350,
            745358,
            745372,
            745373,
            745383,
            745390,
            745391,
            745407,
            745417,
            745437,
            745441,
            745456,
            745463,
            745468,
            745473,
            745487,
            745488,
            745491,
            745497,
            745516,
            745517,
            745523,
            745527,
            745529,
            745542,
            745545,
            745559,
            745567,
            745587,
            745598,
            745610,
            745618,
            745621,
            745625,
            745630,
            745635,
            745667,
            745678,
            745686,
            745692,
            745700,
            745706,
            745736,
            745751,
            745754,
            745756,
            745785,
            745816,
            745833,
            745837,
            745838,
            745845,
            745879,
            745898,
            745909,
            745923,
            745934,
            745962,
            745967,
            745976,
            745979,
            745981,
            745998,
            746004,
            746009,
            746019,
            746021,
            746045,
            746053,
            746070,
            746089,
            746104,
            746106,
            746112,
            746120,
            746156,
            746165,
            746178,
            746193,
            746218,
            746221,
            746227,
            746236,
            746239,
            746261,
            746277,
            746296,
            746313,
            746315,
            746321,
            746346,
            746371,
            746379,
            746380,
            746389,
            746391,
            746404,
            746409,
            746416,
            746417,
            746424,
            746431,
            746438,
            746441,
            746450,
            746455,
            746471,
            746479,
            746483,
            746488,
            746495,
            746513,
            746516,
            746533,
            746543,
            746548,
            746556,
            746587,
            746599,
            746603,
            746607,
            746611,
            746654,
            746660,
            746669,
            746672,
            746697,
            746709,
            746718,
            746719,
            746732,
            746734,
            746737,
            746739,
            746747,
            746749,
            746770,
            746777,
            746808,
            746810,
            746818,
            746834,
            746859,
            746862,
            746882,
            746891,
            746909,
            746962,
            746975,
            746977,
            746979,
            746989,
            746991,
            746993,
            746995,
            746997,
            747017,
            747024,
            747028,
            747031,
            747036,
            747057,
            747066,
            747078,
            747089,
            747090,
            747112,
            747114,
            747118,
            747150,
            747154,
            747161,
            747193,
            747206,
            747208,
            747213,
            747218
          ]
        },
        "mean_total_all": 8.08233841086867,
        "mean_total_no_detected_fault": 8.03225806451613
      },
      {
        "flagged_games": 255,
        "no_detected_completion_fault": 2174,
        "flagged_fraction": 0.10498147385755455,
        "reasons": {
          "regulation_truncated": [
            744813,
            744865,
            744895,
            745147,
            745156,
            745175,
            745503,
            745510,
            745655,
            745785,
            745864,
            746097,
            746146,
            746297,
            746326,
            746678,
            746700,
            746709,
            746774,
            746895,
            747132,
            747214
          ],
          "extra_truncated": [],
          "unresolved_tie": [],
          "skipped_extra_innings": [
            744805,
            744814,
            744829,
            744831,
            744844,
            744854,
            744871,
            744876,
            744877,
            744879,
            744884,
            744894,
            744899,
            744909,
            744933,
            744943,
            744959,
            744973,
            744975,
            744994,
            744999,
            745009,
            745010,
            745022,
            745030,
            745031,
            745038,
            745041,
            745042,
            745053,
            745080,
            745096,
            745106,
            745118,
            745122,
            745128,
            745129,
            745135,
            745153,
            745161,
            745171,
            745172,
            745176,
            745182,
            745184,
            745189,
            745210,
            745215,
            745218,
            745219,
            745235,
            745237,
            745253,
            745267,
            745276,
            745277,
            745286,
            745320,
            745329,
            745336,
            745350,
            745359,
            745362,
            745375,
            745407,
            745437,
            745453,
            745461,
            745466,
            745475,
            745490,
            745491,
            745494,
            745512,
            745516,
            745520,
            745524,
            745542,
            745554,
            745557,
            745563,
            745586,
            745589,
            745595,
            745610,
            745617,
            745645,
            745657,
            745662,
            745665,
            745667,
            745697,
            745719,
            745721,
            745724,
            745727,
            745730,
            745744,
            745756,
            745776,
            745783,
            745795,
            745800,
            745812,
            745839,
            745844,
            745859,
            745877,
            745878,
            745886,
            745887,
            745890,
            745903,
            745932,
            745961,
            745978,
            745998,
            746002,
            746004,
            746009,
            746011,
            746029,
            746034,
            746042,
            746056,
            746063,
            746075,
            746097,
            746107,
            746115,
            746117,
            746127,
            746136,
            746143,
            746145,
            746171,
            746178,
            746179,
            746191,
            746210,
            746216,
            746231,
            746232,
            746237,
            746253,
            746254,
            746259,
            746289,
            746292,
            746297,
            746300,
            746303,
            746305,
            746313,
            746332,
            746336,
            746337,
            746340,
            746345,
            746355,
            746375,
            746388,
            746394,
            746396,
            746401,
            746429,
            746438,
            746441,
            746450,
            746457,
            746469,
            746480,
            746501,
            746516,
            746517,
            746528,
            746529,
            746531,
            746551,
            746555,
            746581,
            746602,
            746652,
            746653,
            746654,
            746660,
            746664,
            746677,
            746683,
            746685,
            746687,
            746719,
            746729,
            746734,
            746740,
            746743,
            746745,
            746747,
            746754,
            746756,
            746757,
            746788,
            746804,
            746815,
            746825,
            746836,
            746850,
            746853,
            746861,
            746864,
            746872,
            746879,
            746881,
            746883,
            746949,
            746953,
            746963,
            746964,
            747007,
            747008,
            747029,
            747039,
            747060,
            747085,
            747090,
            747101,
            747103,
            747105,
            747171,
            747183,
            747184,
            747196,
            747209,
            747212,
            747213
          ]
        },
        "mean_total_all": 8.033347056401812,
        "mean_total_no_detected_fault": 7.926402943882245
      },
      {
        "flagged_games": 257,
        "no_detected_completion_fault": 2172,
        "flagged_fraction": 0.10580485796624126,
        "reasons": {
          "regulation_truncated": [
            744820,
            744823,
            744865,
            745141,
            745289,
            745470,
            745485,
            745541,
            745821,
            745967,
            746269,
            746326,
            746489,
            746885,
            747041,
            747104
          ],
          "extra_truncated": [],
          "unresolved_tie": [],
          "skipped_extra_innings": [
            744798,
            744844,
            744846,
            744857,
            744861,
            744862,
            744865,
            744870,
            744886,
            744914,
            744916,
            744940,
            744948,
            744956,
            744970,
            744977,
            744983,
            744991,
            744992,
            745027,
            745036,
            745042,
            745045,
            745047,
            745059,
            745062,
            745089,
            745104,
            745105,
            745107,
            745111,
            745120,
            745129,
            745133,
            745144,
            745169,
            745195,
            745196,
            745206,
            745207,
            745213,
            745220,
            745229,
            745235,
            745242,
            745256,
            745267,
            745275,
            745278,
            745293,
            745295,
            745309,
            745313,
            745327,
            745330,
            745339,
            745359,
            745362,
            745363,
            745364,
            745369,
            745370,
            745376,
            745385,
            745392,
            745411,
            745422,
            745425,
            745453,
            745471,
            745473,
            745474,
            745480,
            745485,
            745499,
            745504,
            745518,
            745524,
            745535,
            745545,
            745549,
            745557,
            745562,
            745586,
            745603,
            745605,
            745631,
            745647,
            745659,
            745665,
            745668,
            745720,
            745723,
            745724,
            745728,
            745730,
            745744,
            745766,
            745767,
            745768,
            745769,
            745774,
            745775,
            745778,
            745830,
            745832,
            745854,
            745859,
            745874,
            745881,
            745884,
            745888,
            745898,
            745904,
            745919,
            745936,
            745964,
            745966,
            745980,
            745986,
            745999,
            746016,
            746024,
            746042,
            746047,
            746059,
            746064,
            746070,
            746072,
            746078,
            746086,
            746088,
            746098,
            746110,
            746121,
            746150,
            746152,
            746154,
            746158,
            746174,
            746186,
            746204,
            746209,
            746225,
            746230,
            746247,
            746254,
            746260,
            746263,
            746266,
            746268,
            746295,
            746296,
            746301,
            746319,
            746322,
            746328,
            746352,
            746354,
            746373,
            746380,
            746383,
            746388,
            746390,
            746391,
            746400,
            746408,
            746424,
            746432,
            746442,
            746444,
            746457,
            746473,
            746476,
            746485,
            746513,
            746523,
            746531,
            746539,
            746559,
            746560,
            746566,
            746570,
            746590,
            746591,
            746599,
            746610,
            746613,
            746619,
            746622,
            746624,
            746626,
            746630,
            746651,
            746665,
            746671,
            746678,
            746685,
            746709,
            746713,
            746718,
            746730,
            746732,
            746735,
            746738,
            746766,
            746774,
            746784,
            746785,
            746798,
            746827,
            746845,
            746867,
            746875,
            746879,
            746894,
            746904,
            746908,
            746911,
            746947,
            746948,
            746950,
            746964,
            746979,
            747002,
            747020,
            747032,
            747048,
            747063,
            747069,
            747080,
            747089,
            747096,
            747126,
            747144,
            747157,
            747158,
            747187,
            747191,
            747198,
            747202,
            747207,
            747216
          ]
        },
        "mean_total_all": 7.995471387402223,
        "mean_total_no_detected_fault": 7.900092081031308
      },
      {
        "flagged_games": 259,
        "no_detected_completion_fault": 2170,
        "flagged_fraction": 0.10662824207492795,
        "reasons": {
          "regulation_truncated": [
            744865,
            745133,
            745140,
            745484,
            745503,
            745566,
            745746,
            745785,
            745865,
            745910,
            745990,
            746033,
            746326,
            746859,
            746873,
            746895,
            746925,
            746969,
            747041,
            747143,
            747168
          ],
          "extra_truncated": [],
          "unresolved_tie": [],
          "skipped_extra_innings": [
            744802,
            744803,
            744816,
            744831,
            744837,
            744842,
            744845,
            744849,
            744854,
            744855,
            744865,
            744881,
            744885,
            744887,
            744891,
            744894,
            744909,
            744930,
            744935,
            744936,
            744947,
            744995,
            745017,
            745025,
            745029,
            745033,
            745041,
            745058,
            745060,
            745075,
            745077,
            745080,
            745126,
            745127,
            745129,
            745139,
            745154,
            745157,
            745164,
            745171,
            745182,
            745185,
            745193,
            745218,
            745223,
            745232,
            745253,
            745256,
            745263,
            745268,
            745277,
            745283,
            745299,
            745311,
            745318,
            745321,
            745325,
            745329,
            745341,
            745369,
            745371,
            745372,
            745380,
            745393,
            745397,
            745431,
            745434,
            745437,
            745442,
            745444,
            745470,
            745495,
            745511,
            745526,
            745528,
            745531,
            745537,
            745538,
            745591,
            745601,
            745612,
            745615,
            745630,
            745650,
            745663,
            745666,
            745691,
            745696,
            745711,
            745712,
            745729,
            745757,
            745771,
            745775,
            745805,
            745814,
            745823,
            745828,
            745855,
            745858,
            745890,
            745896,
            745897,
            745899,
            745902,
            745918,
            745921,
            745923,
            745924,
            745940,
            745946,
            745948,
            745949,
            745955,
            745977,
            745984,
            746009,
            746011,
            746014,
            746032,
            746045,
            746050,
            746053,
            746059,
            746068,
            746071,
            746072,
            746076,
            746083,
            746098,
            746104,
            746107,
            746122,
            746124,
            746131,
            746144,
            746146,
            746159,
            746163,
            746174,
            746179,
            746192,
            746194,
            746204,
            746209,
            746210,
            746228,
            746259,
            746262,
            746277,
            746303,
            746312,
            746316,
            746332,
            746333,
            746337,
            746343,
            746346,
            746356,
            746359,
            746363,
            746367,
            746370,
            746387,
            746389,
            746396,
            746421,
            746429,
            746453,
            746457,
            746479,
            746485,
            746504,
            746506,
            746542,
            746563,
            746580,
            746583,
            746585,
            746589,
            746591,
            746597,
            746642,
            746645,
            746661,
            746672,
            746681,
            746687,
            746691,
            746693,
            746705,
            746729,
            746730,
            746736,
            746739,
            746748,
            746753,
            746768,
            746769,
            746775,
            746776,
            746785,
            746786,
            746789,
            746794,
            746800,
            746817,
            746826,
            746838,
            746840,
            746864,
            746880,
            746892,
            746908,
            746913,
            746966,
            746984,
            747006,
            747026,
            747034,
            747039,
            747040,
            747053,
            747055,
            747062,
            747071,
            747079,
            747082,
            747126,
            747129,
            747135,
            747143,
            747159,
            747166,
            747170,
            747172,
            747185,
            747194,
            747204,
            747210
          ]
        },
        "mean_total_all": 7.978592013174146,
        "mean_total_no_detected_fault": 7.911059907834101
      }
    ],
    "simulation_changed": false,
    "headline_metrics_include_flagged_games": true,
    "note": "Diagnostic only. No detected fault is not certification of legal completion; observed lineup/staff policy and other modelling limitations remain. Filtered means are a sensitivity check, not an unbiased replacement benchmark."
  },
  "rate_export": {
    "path": "data/eval2/prod_rates_v27b_pa_abcd_s97_abcd.npz",
    "players": 543,
    "max_pa_per_game": 90,
    "note": "Generated-outcome rates on the selected observed 2024 PA denominator."
  },
  "arrays_export": {
    "path": "data/eval2/calib_v27b_pa_abcd_s97_abcd-observed-schedule_arrays.npz",
    "games": 2429,
    "reps": 5,
    "note": "Observed lineup/staff schedule; source rows cycle only if a generated half outlives its observed PA schedule. Not a pre-game roster/staff simulation."
  },
  "note": "Generated game state on observed lineup/staff schedule; a half that outlives its observed PA sources cycles those sources until a generated third out. Continuation PAs are excluded from the paired fixed-cohort rate export; not a pre-game roster/staff simulation.",
  "player_stats": {
    "n_batters": 382,
    "min_pa": 150,
    "stats": {
      "AVG": {
        "real_mean": 0.23902044238541253,
        "sim_mean": 0.2283096762114754,
        "mae": 0.026140330924870683,
        "corr": 0.384336499697782
      },
      "OBP": {
        "real_mean": 0.3096612606472928,
        "sim_mean": 0.3305449496606045,
        "mae": 0.031059280701828795,
        "corr": 0.4640955246043756
      },
      "SLG": {
        "real_mean": 0.39053884214042284,
        "sim_mean": 0.3664921665846215,
        "mae": 0.05626650555888996,
        "corr": 0.33189380697949794
      },
      "K%": {
        "real_mean": 0.2260079387708535,
        "sim_mean": 0.2096636123307533,
        "mae": 0.03308771696534103,
        "corr": 0.771651481252392
      },
      "BB%": {
        "real_mean": 0.08142517113076207,
        "sim_mean": 0.11753522292083732,
        "mae": 0.03785846626496524,
        "corr": 0.6594331832078695
      },
      "HR%": {
        "real_mean": 0.029203748068456624,
        "sim_mean": 0.02744062360123079,
        "mae": 0.009802111355903302,
        "corr": 0.47706145045777826
      }
    },
    "coverage": {
      "AVG": {
        "50": 26.439790575916227,
        "90": 53.92670157068062,
        "95": 57.59162303664922
      },
      "OBP": {
        "50": 21.98952879581152,
        "90": 43.97905759162304,
        "95": 47.38219895287958
      },
      "SLG": {
        "50": 25.916230366492147,
        "90": 51.047120418848166,
        "95": 53.141361256544506
      },
      "K%": {
        "50": 16.230366492146597,
        "90": 38.481675392670155,
        "95": 42.40837696335078
      },
      "BB%": {
        "50": 6.020942408376963,
        "90": 14.921465968586386,
        "95": 16.49214659685864
      },
      "HR%": {
        "50": 27.748691099476442,
        "90": 52.09424083769634,
        "95": 53.66492146596858
      }
    }
  },
  "per_rep": {
    "total_mean": [
      8.20255249073693,
      8.08233841086867,
      8.033347056401812,
      7.995471387402223,
      7.978592013174146
    ],
    "home_win_rate": [
      0.5133799917661589,
      0.5203787566899959,
      0.5125566076574722,
      0.5150267599835323,
      0.4932070811033347
    ],
    "walkoff_rate": [
      0.08522025524907369,
      0.07410456978180321,
      0.07780979827089338,
      0.07698641416220667,
      0.0716344174557431
    ],
    "extra_rate": [
      0.11033347056401811,
      0.09798270893371758,
      0.09674763277068753,
      0.10004116920543434,
      0.09880609304240429
    ]
  }
}
saved -> data/runs/joint_v27b_pa_abcd_s97/abcd_games.json
