/home/jaden/Documents/Baseball/diamondworldjax/scripts/simulator_benchmarks.py:40: RuntimeWarning: divide by zero encountered in scalar divide
  return np.where(ml > 0, 100.0 / (ml + 100.0), -ml / (-ml + 100.0))
SIMULATOR BENCHMARKS (v27b_pa_abcd_s97_abcd-observed-schedule) — 2429 games, 2376 decided

1. WIN PROBABILITY (home), lower log-loss / Brier better, higher AUC better:
   model                       n   logloss    brier     AUC     ECE
   base rate (home 0.521)   2376    0.6923   0.2496       -       -
   DiamondWorld sim         2376    1.3534   0.3083   0.503   0.206
   Log5 (Pythagorean)       2376    0.6709   0.2391   0.617   0.019
   Market (devig close)     2302    0.6707   0.2391   0.614   0.019
   (common set n=2302: sim logloss 1.3384, Log5 0.6700, market 0.6707)

2. RUN-TOTAL DISTRIBUTION. mean/variance and how well each covers reality:
   real total: mean 8.63  var 18.24
   model                        mean     var  P(>=10)  P(<=5)  logscore
   real (empirical)             8.63   18.24    0.366   0.261         -
   DiamondWorld sim             8.06   13.38    0.315   0.310     2.993
   independent 2-Poisson        8.04    6.26    0.313   0.250     2.980
   league neg-binomial          8.67   14.60    0.375   0.246     2.982

   central-interval coverage (should equal the nominal level):
   model                          50%     80%     90%
   DiamondWorld sim             0.401   0.564   0.605
   independent 2-Poisson        0.309   0.413   0.448
   league neg-binomial          0.408   0.571   0.616

   randomized-PIT uniformity (KS distance from Uniform, lower = better calibrated):
   DiamondWorld sim           KS 0.1886
   independent 2-Poisson      KS 0.2561
   league neg-binomial        KS 0.1412

   overdispersion: sim within-game total variance is 1.66x the independent-Poisson
   value (var = mean); real is 2.11x. The summed model cannot produce this.
