Hybrid rollout: A/B/C generate pitches; the Model 7 PA head replaces D for in-play outcomes.
Preparing immutable observed pitch schedules...

--- Rep 1/5 (seed=97) ---

--- Rep 2/5 (seed=1000100) ---

--- Rep 3/5 (seed=2000103) ---

--- Rep 4/5 (seed=3000106) ---

--- Rep 5/5 (seed=4000109) ---

=== Held-out next-pitch resolution (B+D) ===
  not reported for the A/B/C + PA hybrid

=== Marginal outcome calibration ===
  outcome   real%    sim%   ratio      recal
       K   22.58   22.76   1.008    -0.0078
      BB    8.18   11.63   1.422    -0.3520
     HBP    1.11    1.38   1.247    -0.2211
      1B   14.20   12.89   0.908     0.0965
      2B    4.26    4.34   1.018    -0.0183
      3B    0.38    0.38   0.991     0.0094
      HR    2.99    3.19   1.067    -0.0646
     out   46.30   43.43   0.938     0.0640
       E    0.00    0.00     nan        nan

=== Score distribution ===
                   real      sim
  mean             8.63 9.80 +/- 0.05
  std              4.27     4.80
  median            8.0      9.0
  shutout%         13.4     11.3
  blowout%         28.3     31.7

=== Runs-by-inning fraction (fatigue shape test) ===
  inning   1    2    3    4    5    6    7    8    9   | late(6-9)
  real  11.7 10.8 11.7 11.8 11.9 11.8 11.0 11.0  8.2  | 42.0%
  sim   12.8 10.7 11.9 11.7 11.2 11.5 11.5 11.7  7.1  | 41.8%

=== PA + ABCD HYBRID GAME EVAL (2429 games, 5 reps, 5412s) ===
  runs/game   real 8.63   sim 9.80 +/- 0.05
  home runs/g 4.80 +/- 0.04   away 5.00 +/- 0.06   home-win 50.4 +/- 0.9%  (ties 0)
  extras      real 8.9%   sim 9.2 +/- 0.3%   walk-offs 7.4 +/- 0.3%
  truncated half-innings: 26
  extra half-innings: 11.2   unresolved: 0.2

=== Player-level via ABCD game eval (382 batters >= 150 PA) ===
  stat      real      sim      MAE    corr
  AVG     0.2390   0.2453   0.0271   0.355
  OBP     0.3097   0.3456   0.0416   0.437
  SLG     0.3905   0.4175   0.0605   0.440
  K%      0.2260   0.2095   0.0334   0.765
  BB%     0.0814   0.1179   0.0380   0.676
  HR%     0.0292   0.0323   0.0100   0.599

=== Coverage (5 reps, 382 batters) ===
  stat    cov50%   cov90%   cov95%
  AVG       27.5     51.0     53.4
  OBP       14.1     29.6     31.9
  SLG       25.9     45.3     47.4
  K%        16.0     36.1     39.3
  BB%        5.8     13.6     15.4
  HR%       30.1     50.8     53.4
saved paired-rate artifact -> data/eval2/prod_rates_v27b_pa_abcd_s97_hybrid.npz
saved benchmark arrays -> data/eval2/calib_v27b_pa_abcd_s97_hybrid-observed-schedule_arrays.npz
{
  "tag": "v27b_pa_abcd_s97",
  "season": 2024,
  "c_events": true,
  "games": 2429,
  "reps": 5,
  "elapsed_s": 5411.889412641525,
  "truncated_half_innings": 25,
  "batch_games": 256,
  "total_mean": 9.800164676821737,
  "total_std": 0.0546243219924897,
  "home_mean": 4.804034582132565,
  "away_mean": 4.996130094689173,
  "home_win_rate": 0.5039934129271305,
  "real_total_mean": 8.634829147797447,
  "score_dist": {
    "sim_std": 4.79774545370065,
    "sim_median": 9.0,
    "sim_shutout_rate": 11.296829971181555,
    "sim_blowout_rate": 31.65088513791684,
    "real_std": 4.270741335866924,
    "real_median": 8.0,
    "real_shutout_rate": 13.421160971593249,
    "real_blowout_rate": 28.324413338822563
  },
  "pa_outcomes_sim": {
    "K": 42610.8,
    "BB": 21784.8,
    "HBP": 2586.0,
    "1B": 24136.4,
    "2B": 8122.6,
    "3B": 708.6,
    "HR": 5969.8,
    "out": 81326.2,
    "E": 0.0
  },
  "pa_outcomes_real": {
    "K": 41197.0,
    "BB": 14929.0,
    "HBP": 2020.0,
    "1B": 25902.0,
    "2B": 7771.0,
    "3B": 697.0,
    "HR": 5453.0,
    "out": 84480.0,
    "E": 0.0
  },
  "runs_by_inning_frac_sim": [
    0.12794875800656147,
    0.10730094256105815,
    0.11866201461577183,
    0.11665711954729294,
    0.11166657987467234,
    0.11503410925376242,
    0.1145046780884931,
    0.11683070353590583,
    0.0713950945164818
  ],
  "runs_by_inning_frac_real": [
    0.11716795054217163,
    0.10794367302880134,
    0.11741327707178255,
    0.1183945831902262,
    0.11927775869682547,
    0.11760953829547127,
    0.11020067710122172,
    0.11044600363083264,
    0.0815465384426672
  ],
  "extra_runs_per_game": 0.31329765335529025,
  "sim_extra_rate": 9.172498970769864,
  "real_extra_rate": 8.892548373816386,
  "walkoff_rate": 7.418690819267189,
  "n_ties_mean": 0.2,
  "n_extra_half_innings_mean": 11.2,
  "n_unresolved_mean": 0.2,
  "events": [
    1556.8,
    267.4,
    119.2,
    2865.0,
    345.8,
    8840.6,
    42.4,
    205.2
  ],
  "simulation_consistency": null,
  "heldout_pitch_calibration": {
    "n": 0,
    "scope": "not_applicable_pa_replaces_d",
    "reason": "Native B+D held-out resolution is not a score for an A/B/C+PA hybrid."
  },
  "skill_policy": {
    "mode": "fixed",
    "resample_per_rep": false,
    "skill_seeds": [],
    "calibration_mode": "fixed_checkpoint",
    "source_world": null
  },
  "completion_diagnostics": {
    "per_rep": [
      {
        "flagged_games": 234,
        "no_detected_completion_fault": 2195,
        "flagged_fraction": 0.09633594071634417,
        "reasons": {
          "regulation_truncated": [
            744813,
            744865,
            745067,
            745279,
            745290,
            745364,
            745390,
            745429,
            745484,
            745530,
            745643,
            745655,
            745686,
            745785,
            745972,
            746052,
            746108,
            746150,
            746341,
            746346,
            746445,
            747041,
            747071,
            747168,
            747197
          ],
          "extra_truncated": [],
          "unresolved_tie": [],
          "skipped_extra_innings": [
            744823,
            744839,
            744843,
            744879,
            744888,
            744904,
            744906,
            744924,
            744935,
            744944,
            744955,
            744960,
            744964,
            745010,
            745056,
            745072,
            745073,
            745074,
            745088,
            745090,
            745097,
            745107,
            745139,
            745142,
            745144,
            745153,
            745156,
            745171,
            745208,
            745213,
            745218,
            745220,
            745232,
            745250,
            745264,
            745285,
            745288,
            745301,
            745306,
            745326,
            745339,
            745372,
            745394,
            745421,
            745437,
            745438,
            745439,
            745460,
            745461,
            745468,
            745496,
            745501,
            745506,
            745508,
            745509,
            745525,
            745526,
            745534,
            745540,
            745578,
            745618,
            745625,
            745629,
            745630,
            745641,
            745647,
            745674,
            745676,
            745693,
            745722,
            745727,
            745734,
            745741,
            745750,
            745762,
            745765,
            745795,
            745806,
            745810,
            745814,
            745819,
            745821,
            745828,
            745843,
            745847,
            745850,
            745863,
            745864,
            745873,
            745874,
            745897,
            745906,
            745927,
            745936,
            745940,
            745945,
            745948,
            745977,
            745982,
            745987,
            745991,
            746012,
            746025,
            746028,
            746029,
            746037,
            746042,
            746050,
            746056,
            746069,
            746073,
            746084,
            746100,
            746132,
            746140,
            746164,
            746187,
            746207,
            746209,
            746215,
            746217,
            746219,
            746227,
            746238,
            746245,
            746252,
            746271,
            746292,
            746294,
            746331,
            746333,
            746336,
            746347,
            746348,
            746360,
            746364,
            746376,
            746378,
            746416,
            746429,
            746453,
            746456,
            746484,
            746492,
            746495,
            746502,
            746504,
            746508,
            746512,
            746529,
            746534,
            746549,
            746562,
            746571,
            746585,
            746599,
            746611,
            746614,
            746622,
            746632,
            746633,
            746666,
            746686,
            746688,
            746690,
            746702,
            746703,
            746713,
            746746,
            746756,
            746770,
            746775,
            746778,
            746792,
            746794,
            746827,
            746833,
            746845,
            746854,
            746855,
            746866,
            746868,
            746869,
            746870,
            746877,
            746898,
            746903,
            746905,
            746916,
            746917,
            746922,
            746924,
            746951,
            746973,
            746980,
            746995,
            747000,
            747023,
            747027,
            747061,
            747073,
            747079,
            747080,
            747141,
            747150,
            747168,
            747173,
            747176,
            747202,
            747206
          ]
        },
        "mean_total_all": 9.783449979415398,
        "mean_total_no_detected_fault": 9.650569476082005
      },
      {
        "flagged_games": 253,
        "no_detected_completion_fault": 2176,
        "flagged_fraction": 0.10415808974886785,
        "reasons": {
          "regulation_truncated": [
            744820,
            744927,
            744954,
            745338,
            745350,
            745431,
            745503,
            745624,
            745810,
            746052,
            746073,
            746097,
            746159,
            746221,
            746228,
            746490,
            746640,
            746885,
            746996,
            747104,
            747168
          ],
          "extra_truncated": [],
          "unresolved_tie": [],
          "skipped_extra_innings": [
            744801,
            744829,
            744838,
            744850,
            744854,
            744858,
            744862,
            744870,
            744898,
            744911,
            744950,
            744964,
            744971,
            744976,
            744993,
            744994,
            744995,
            745002,
            745015,
            745026,
            745035,
            745038,
            745057,
            745064,
            745093,
            745115,
            745128,
            745147,
            745156,
            745162,
            745163,
            745170,
            745171,
            745188,
            745196,
            745214,
            745259,
            745268,
            745271,
            745277,
            745278,
            745281,
            745312,
            745314,
            745321,
            745324,
            745336,
            745341,
            745374,
            745376,
            745380,
            745386,
            745393,
            745402,
            745403,
            745411,
            745434,
            745443,
            745451,
            745476,
            745477,
            745478,
            745485,
            745495,
            745497,
            745499,
            745503,
            745505,
            745510,
            745531,
            745547,
            745550,
            745569,
            745608,
            745617,
            745620,
            745622,
            745623,
            745626,
            745665,
            745666,
            745669,
            745682,
            745689,
            745738,
            745756,
            745767,
            745782,
            745784,
            745794,
            745797,
            745808,
            745837,
            745838,
            745840,
            745845,
            745856,
            745857,
            745858,
            745873,
            745874,
            745879,
            745895,
            745921,
            745923,
            745934,
            745939,
            745945,
            745949,
            745955,
            745966,
            745968,
            745985,
            745993,
            745996,
            746003,
            746007,
            746017,
            746030,
            746051,
            746060,
            746063,
            746064,
            746074,
            746096,
            746103,
            746111,
            746123,
            746124,
            746128,
            746133,
            746147,
            746153,
            746172,
            746173,
            746213,
            746218,
            746237,
            746239,
            746248,
            746264,
            746266,
            746267,
            746284,
            746285,
            746292,
            746307,
            746308,
            746312,
            746324,
            746351,
            746360,
            746363,
            746367,
            746368,
            746379,
            746383,
            746386,
            746395,
            746414,
            746421,
            746435,
            746437,
            746449,
            746452,
            746454,
            746461,
            746463,
            746468,
            746494,
            746501,
            746525,
            746530,
            746534,
            746538,
            746560,
            746568,
            746570,
            746585,
            746600,
            746609,
            746631,
            746644,
            746652,
            746660,
            746675,
            746676,
            746680,
            746699,
            746705,
            746709,
            746713,
            746727,
            746731,
            746737,
            746740,
            746757,
            746774,
            746777,
            746798,
            746840,
            746842,
            746854,
            746867,
            746891,
            746906,
            746913,
            746920,
            746927,
            746945,
            746954,
            746964,
            746972,
            746987,
            746995,
            746997,
            747027,
            747028,
            747030,
            747036,
            747044,
            747054,
            747070,
            747073,
            747090,
            747103,
            747141,
            747164,
            747175,
            747184,
            747195,
            747203,
            747205
          ]
        },
        "mean_total_all": 9.723342939481268,
        "mean_total_no_detected_fault": 9.556525735294118
      },
      {
        "flagged_games": 251,
        "no_detected_completion_fault": 2178,
        "flagged_fraction": 0.10333470564018114,
        "reasons": {
          "regulation_truncated": [
            744849,
            744866,
            745134,
            745140,
            745438,
            745503,
            745582,
            745655,
            745785,
            745904,
            745910,
            746058,
            746473,
            746555,
            746643,
            746709,
            746720,
            746779,
            746833,
            746873,
            746885,
            746895,
            747038,
            747068,
            747168,
            747205
          ],
          "extra_truncated": [],
          "unresolved_tie": [
            747110
          ],
          "skipped_extra_innings": [
            744815,
            744828,
            744833,
            744836,
            744845,
            744857,
            744859,
            744877,
            744882,
            744883,
            744892,
            744914,
            744925,
            744935,
            744945,
            744969,
            744970,
            744984,
            745003,
            745007,
            745043,
            745055,
            745060,
            745074,
            745077,
            745083,
            745089,
            745095,
            745143,
            745165,
            745173,
            745175,
            745184,
            745197,
            745199,
            745208,
            745209,
            745216,
            745223,
            745231,
            745245,
            745247,
            745254,
            745270,
            745279,
            745280,
            745286,
            745336,
            745340,
            745344,
            745354,
            745381,
            745391,
            745400,
            745405,
            745407,
            745422,
            745450,
            745464,
            745472,
            745475,
            745490,
            745508,
            745509,
            745515,
            745530,
            745536,
            745543,
            745551,
            745562,
            745566,
            745578,
            745587,
            745617,
            745618,
            745621,
            745626,
            745630,
            745631,
            745635,
            745642,
            745653,
            745667,
            745669,
            745673,
            745676,
            745686,
            745711,
            745775,
            745780,
            745790,
            745809,
            745846,
            745871,
            745874,
            745884,
            745891,
            745895,
            745922,
            745946,
            745949,
            745955,
            745957,
            745965,
            745968,
            745976,
            746002,
            746013,
            746027,
            746042,
            746061,
            746065,
            746113,
            746116,
            746117,
            746125,
            746134,
            746136,
            746137,
            746155,
            746181,
            746191,
            746204,
            746206,
            746225,
            746234,
            746235,
            746249,
            746254,
            746258,
            746267,
            746290,
            746304,
            746324,
            746325,
            746330,
            746335,
            746343,
            746354,
            746360,
            746374,
            746376,
            746378,
            746385,
            746395,
            746407,
            746419,
            746453,
            746454,
            746458,
            746462,
            746477,
            746485,
            746487,
            746490,
            746494,
            746498,
            746503,
            746505,
            746509,
            746511,
            746521,
            746537,
            746575,
            746582,
            746585,
            746586,
            746612,
            746617,
            746627,
            746630,
            746634,
            746636,
            746663,
            746666,
            746691,
            746694,
            746726,
            746762,
            746773,
            746786,
            746796,
            746819,
            746842,
            746868,
            746874,
            746886,
            746888,
            746890,
            746891,
            746894,
            746909,
            746926,
            746934,
            746948,
            746954,
            746956,
            746969,
            746977,
            746986,
            746988,
            746989,
            746994,
            746995,
            747009,
            747035,
            747036,
            747039,
            747052,
            747070,
            747074,
            747083,
            747085,
            747087,
            747091,
            747102,
            747110,
            747113,
            747126,
            747146,
            747167,
            747176,
            747195,
            747206,
            747224
          ]
        },
        "mean_total_all": 9.77274598600247,
        "mean_total_no_detected_fault": 9.696969696969697
      },
      {
        "flagged_games": 241,
        "no_detected_completion_fault": 2188,
        "flagged_fraction": 0.09921778509674763,
        "reasons": {
          "regulation_truncated": [
            744813,
            744820,
            744855,
            744865,
            745191,
            745275,
            745289,
            745503,
            745509,
            745655,
            745761,
            745821,
            745830,
            745876,
            746052,
            746141,
            746362,
            746412,
            746554,
            746685,
            746803,
            746804,
            746885,
            747041,
            747062,
            747127,
            747210
          ],
          "extra_truncated": [],
          "unresolved_tie": [],
          "skipped_extra_innings": [
            744795,
            744796,
            744801,
            744803,
            744827,
            744867,
            744872,
            744879,
            744881,
            744892,
            744933,
            744935,
            744939,
            744958,
            744963,
            744967,
            744989,
            744992,
            744995,
            745010,
            745036,
            745041,
            745044,
            745057,
            745077,
            745088,
            745089,
            745101,
            745107,
            745112,
            745128,
            745129,
            745142,
            745148,
            745152,
            745155,
            745173,
            745180,
            745186,
            745206,
            745207,
            745222,
            745223,
            745238,
            745252,
            745269,
            745274,
            745276,
            745298,
            745301,
            745312,
            745319,
            745331,
            745339,
            745347,
            745352,
            745372,
            745373,
            745387,
            745389,
            745393,
            745405,
            745411,
            745426,
            745430,
            745439,
            745447,
            745463,
            745466,
            745472,
            745487,
            745498,
            745518,
            745523,
            745539,
            745548,
            745555,
            745602,
            745618,
            745629,
            745632,
            745643,
            745653,
            745659,
            745663,
            745674,
            745680,
            745713,
            745715,
            745720,
            745724,
            745742,
            745774,
            745787,
            745812,
            745821,
            745823,
            745835,
            745843,
            745845,
            745890,
            745902,
            745903,
            745910,
            745911,
            745937,
            745949,
            745956,
            745971,
            745989,
            746015,
            746017,
            746028,
            746035,
            746037,
            746040,
            746068,
            746069,
            746081,
            746082,
            746083,
            746086,
            746093,
            746098,
            746124,
            746125,
            746126,
            746130,
            746153,
            746165,
            746193,
            746200,
            746235,
            746240,
            746246,
            746248,
            746255,
            746258,
            746263,
            746264,
            746269,
            746302,
            746304,
            746334,
            746362,
            746374,
            746382,
            746398,
            746402,
            746403,
            746414,
            746437,
            746447,
            746450,
            746470,
            746472,
            746486,
            746490,
            746505,
            746527,
            746528,
            746537,
            746547,
            746573,
            746581,
            746585,
            746602,
            746604,
            746610,
            746611,
            746620,
            746661,
            746674,
            746682,
            746690,
            746710,
            746712,
            746721,
            746733,
            746735,
            746745,
            746753,
            746784,
            746790,
            746840,
            746847,
            746882,
            746887,
            746897,
            746900,
            746913,
            746916,
            746917,
            746926,
            746928,
            746929,
            746949,
            746980,
            746995,
            747001,
            747006,
            747016,
            747022,
            747030,
            747035,
            747042,
            747054,
            747062,
            747076,
            747077,
            747104,
            747162,
            747170,
            747171,
            747192,
            747194,
            747218
          ]
        },
        "mean_total_all": 9.878962536023055,
        "mean_total_no_detected_fault": 9.794332723948811
      },
      {
        "flagged_games": 258,
        "no_detected_completion_fault": 2171,
        "flagged_fraction": 0.1062165500205846,
        "reasons": {
          "regulation_truncated": [
            744849,
            744865,
            744905,
            744927,
            745141,
            745191,
            745244,
            745291,
            745487,
            745536,
            745583,
            745789,
            745821,
            745857,
            745910,
            746109,
            746202,
            746397,
            746568,
            746595,
            746645,
            746741,
            746759,
            746804,
            746843,
            746885,
            747021,
            747132,
            747168,
            747176
          ],
          "extra_truncated": [],
          "unresolved_tie": [],
          "skipped_extra_innings": [
            744830,
            744863,
            744870,
            744883,
            744886,
            744887,
            744890,
            744907,
            744913,
            744916,
            744937,
            744942,
            744955,
            744973,
            744989,
            745015,
            745024,
            745033,
            745053,
            745054,
            745055,
            745056,
            745075,
            745076,
            745094,
            745112,
            745113,
            745116,
            745122,
            745144,
            745174,
            745175,
            745182,
            745185,
            745192,
            745196,
            745200,
            745203,
            745214,
            745218,
            745225,
            745233,
            745235,
            745239,
            745242,
            745247,
            745258,
            745264,
            745267,
            745269,
            745276,
            745279,
            745284,
            745291,
            745309,
            745315,
            745332,
            745349,
            745360,
            745367,
            745368,
            745371,
            745378,
            745379,
            745401,
            745424,
            745445,
            745450,
            745484,
            745494,
            745497,
            745499,
            745535,
            745545,
            745557,
            745570,
            745575,
            745577,
            745591,
            745604,
            745608,
            745621,
            745636,
            745651,
            745653,
            745668,
            745673,
            745683,
            745703,
            745719,
            745723,
            745734,
            745764,
            745769,
            745778,
            745784,
            745785,
            745790,
            745793,
            745810,
            745815,
            745818,
            745819,
            745827,
            745831,
            745837,
            745848,
            745855,
            745865,
            745873,
            745896,
            745897,
            745901,
            745904,
            745905,
            745906,
            745916,
            745932,
            745934,
            745949,
            745954,
            745976,
            745979,
            745993,
            745998,
            746006,
            746040,
            746047,
            746058,
            746069,
            746088,
            746096,
            746097,
            746100,
            746101,
            746107,
            746108,
            746166,
            746178,
            746179,
            746191,
            746201,
            746210,
            746214,
            746224,
            746239,
            746246,
            746250,
            746270,
            746275,
            746296,
            746328,
            746351,
            746353,
            746356,
            746358,
            746364,
            746367,
            746377,
            746382,
            746386,
            746406,
            746409,
            746437,
            746438,
            746442,
            746453,
            746476,
            746480,
            746490,
            746491,
            746499,
            746505,
            746511,
            746527,
            746578,
            746590,
            746620,
            746628,
            746629,
            746630,
            746653,
            746659,
            746673,
            746674,
            746721,
            746725,
            746737,
            746738,
            746768,
            746845,
            746858,
            746864,
            746872,
            746879,
            746890,
            746893,
            746912,
            746940,
            746941,
            746953,
            746955,
            746960,
            746967,
            746973,
            746983,
            746986,
            746987,
            746992,
            747004,
            747025,
            747033,
            747035,
            747073,
            747081,
            747089,
            747092,
            747115,
            747129,
            747131,
            747137,
            747138,
            747144,
            747146,
            747173,
            747186,
            747195,
            747196,
            747210
          ]
        },
        "mean_total_all": 9.842321943186496,
        "mean_total_no_detected_fault": 9.72961768770152
      }
    ],
    "simulation_changed": false,
    "headline_metrics_include_flagged_games": true,
    "note": "Diagnostic only. No detected fault is not certification of legal completion; observed lineup/staff policy and other modelling limitations remain. Filtered means are a sensitivity check, not an unbiased replacement benchmark."
  },
  "rate_export": {
    "path": "data/eval2/prod_rates_v27b_pa_abcd_s97_hybrid.npz",
    "players": 543,
    "max_pa_per_game": 90,
    "note": "Generated-outcome rates on the selected observed 2024 PA denominator."
  },
  "arrays_export": {
    "path": "data/eval2/calib_v27b_pa_abcd_s97_hybrid-observed-schedule_arrays.npz",
    "games": 2429,
    "reps": 5,
    "note": "Observed lineup/staff schedule; source rows cycle only if a generated half outlives its observed PA schedule. Not a pre-game roster/staff simulation."
  },
  "note": "Generated game state on observed lineup/staff schedule; a half that outlives its observed PA sources cycles those sources until a generated third out. Continuation PAs are excluded from the paired fixed-cohort rate export; this is not pre-game roster selection. Hybrid mode generates pitches with A/B/C and replaces D's in-play outcome with the Model 7 PA head.",
  "hybrid_pa_checkpoint": "checkpoints/pa_abcd/pa_v27b_pa_abcd_s97.pkl",
  "hybrid_pa_skill_mode": "mean",
  "player_stats": {
    "n_batters": 382,
    "min_pa": 150,
    "stats": {
      "AVG": {
        "real_mean": 0.23902044238541253,
        "sim_mean": 0.24534603208394054,
        "mae": 0.027129405797625527,
        "corr": 0.3545376226337359
      },
      "OBP": {
        "real_mean": 0.3096612606472928,
        "sim_mean": 0.34561252934418624,
        "mae": 0.041591304375543495,
        "corr": 0.4372063562745886
      },
      "SLG": {
        "real_mean": 0.39053884214042284,
        "sim_mean": 0.4175415443976693,
        "mae": 0.06046568073930733,
        "corr": 0.44007078041621733
      },
      "K%": {
        "real_mean": 0.2260079387708535,
        "sim_mean": 0.209543499875637,
        "mae": 0.033439822519936914,
        "corr": 0.7654423984879182
      },
      "BB%": {
        "real_mean": 0.08142517113076207,
        "sim_mean": 0.11787842774188265,
        "mae": 0.038033622585252926,
        "corr": 0.6755166324417777
      },
      "HR%": {
        "real_mean": 0.029203748068456624,
        "sim_mean": 0.03225373051772573,
        "mae": 0.010041393037264416,
        "corr": 0.5994987147600632
      }
    },
    "coverage": {
      "AVG": {
        "50": 27.486910994764397,
        "90": 51.047120418848166,
        "95": 53.403141361256544
      },
      "OBP": {
        "50": 14.136125654450263,
        "90": 29.581151832460733,
        "95": 31.93717277486911
      },
      "SLG": {
        "50": 25.916230366492147,
        "90": 45.287958115183244,
        "95": 47.38219895287958
      },
      "K%": {
        "50": 15.968586387434556,
        "90": 36.12565445026178,
        "95": 39.26701570680628
      },
      "BB%": {
        "50": 5.7591623036649215,
        "90": 13.612565445026178,
        "95": 15.44502617801047
      },
      "HR%": {
        "50": 30.104712041884817,
        "90": 50.78534031413613,
        "95": 53.403141361256544
      }
    }
  },
  "per_rep": {
    "total_mean": [
      9.783449979415398,
      9.723342939481268,
      9.77274598600247,
      9.878962536023055,
      9.842321943186496
    ],
    "home_win_rate": [
      0.5125566076574722,
      0.5162618361465624,
      0.4965006175380815,
      0.5002058460271717,
      0.49444215726636476
    ],
    "walkoff_rate": [
      0.06875257307533965,
      0.07492795389048991,
      0.07575133799917662,
      0.07616303005351997,
      0.07533964594483326
    ],
    "extra_rate": [
      0.08645533141210375,
      0.09592424866200082,
      0.09263071222725401,
      0.0893371757925072,
      0.09427748044462742
    ]
  }
}
saved -> data/runs/joint_v27b_pa_abcd_s97/hybrid_games.json
