/home/jaden/Documents/Baseball/diamondworldjax/scripts/simulator_benchmarks.py:40: RuntimeWarning: divide by zero encountered in scalar divide
  return np.where(ml > 0, 100.0 / (ml + 100.0), -ml / (-ml + 100.0))
SIMULATOR BENCHMARKS (v27b_pa_abcd_s97_hybrid-observed-schedule) — 2429 games, 2376 decided

1. WIN PROBABILITY (home), lower log-loss / Brier better, higher AUC better:
   model                       n   logloss    brier     AUC     ECE
   base rate (home 0.521)   2376    0.6923   0.2496       -       -
   DiamondWorld sim         2376    1.3270   0.3076   0.501   0.203
   Log5 (Pythagorean)       2376    0.6709   0.2391   0.617   0.019
   Market (devig close)     2302    0.6707   0.2391   0.614   0.019
   (common set n=2302: sim logloss 1.3256, Log5 0.6700, market 0.6707)

2. RUN-TOTAL DISTRIBUTION. mean/variance and how well each covers reality:
   real total: mean 8.63  var 18.24
   model                        mean     var  P(>=10)  P(<=5)  logscore
   real (empirical)             8.63   18.24    0.366   0.261         -
   DiamondWorld sim             9.80   17.26    0.469   0.194     3.007
   independent 2-Poisson        9.76    7.72    0.491   0.129     2.997
   league neg-binomial          8.69   14.68    0.379   0.242     2.993

   central-interval coverage (should equal the nominal level):
   model                          50%     80%     90%
   DiamondWorld sim             0.401   0.564   0.615
   independent 2-Poisson        0.291   0.400   0.432
   league neg-binomial          0.407   0.568   0.615

   randomized-PIT uniformity (KS distance from Uniform, lower = better calibrated):
   DiamondWorld sim           KS 0.1869
   independent 2-Poisson      KS 0.3030
   league neg-binomial        KS 0.1460

   overdispersion: sim within-game total variance is 1.76x the independent-Poisson
   value (var = mean); real is 2.11x. The summed model cannot produce this.
