/home/jaden/Documents/Baseball/diamondworldjax/scripts/simulator_benchmarks.py:40: RuntimeWarning: divide by zero encountered in scalar divide
  return np.where(ml > 0, 100.0 / (ml + 100.0), -ml / (-ml + 100.0))
SIMULATOR BENCHMARKS (v27b_pa_abcd_s97_pa-pregame-leakfree) — 2429 games, 2376 decided

1. WIN PROBABILITY (home), lower log-loss / Brier better, higher AUC better:
   model                       n   logloss    brier     AUC     ECE
   base rate (home 0.521)   2376    0.6923   0.2496       -       -
   DiamondWorld sim         2376    0.6870   0.2469   0.573   0.040
   Log5 (Pythagorean)       2376    0.6709   0.2391   0.617   0.019
   Market (devig close)     2302    0.6707   0.2391   0.614   0.019
   (common set n=2302: sim logloss 0.6868, Log5 0.6700, market 0.6707)

2. RUN-TOTAL DISTRIBUTION. mean/variance and how well each covers reality:
   real total: mean 8.63  var 18.24
   model                        mean     var  P(>=10)  P(<=5)  logscore
   real (empirical)             8.63   18.24    0.366   0.261         -
   DiamondWorld sim             9.20   18.90    0.420   0.221     2.860
   independent 2-Poisson        9.20    9.13    0.439   0.117     2.924
   league neg-binomial          8.63   18.20    0.371   0.249     2.860

   central-interval coverage (should equal the nominal level):
   model                          50%     80%     90%
   DiamondWorld sim             0.554   0.823   0.911
   independent 2-Poisson        0.417   0.658   0.763
   league neg-binomial          0.554   0.825   0.911

   randomized-PIT uniformity (KS distance from Uniform, lower = better calibrated):
   DiamondWorld sim           KS 0.0588
   independent 2-Poisson      KS 0.1577
   league neg-binomial        KS 0.0143

   overdispersion: sim within-game total variance is 2.05x the independent-Poisson
   value (var = mean); real is 2.11x. The summed model cannot produce this.
