/home/jaden/Documents/Baseball/diamondworldjax/scripts/simulator_benchmarks.py:40: RuntimeWarning: divide by zero encountered in scalar divide
  return np.where(ml > 0, 100.0 / (ml + 100.0), -ml / (-ml + 100.0))
SIMULATOR BENCHMARKS (v27a_abcd_bayesian_s42-observed-schedule) — 2429 games, 2376 decided

1. WIN PROBABILITY (home), lower log-loss / Brier better, higher AUC better:
   model                       n   logloss    brier     AUC     ECE
   base rate (home 0.521)   2376    0.6923   0.2496       -       -
   DiamondWorld sim         2376    1.1930   0.3070   0.484   0.207
   Log5 (Pythagorean)       2376    0.6709   0.2391   0.617   0.019
   Market (devig close)     2302    0.6707   0.2391   0.614   0.019
   (common set n=2302: sim logloss 1.1902, Log5 0.6700, market 0.6707)

2. RUN-TOTAL DISTRIBUTION. mean/variance and how well each covers reality:
   real total: mean 8.63  var 18.24
   model                        mean     var  P(>=10)  P(<=5)  logscore
   real (empirical)             8.63   18.24    0.366   0.261         -
   DiamondWorld sim             9.48   16.19    0.445   0.203     2.990
   independent 2-Poisson        9.46    7.48    0.462   0.140     2.981
   league neg-binomial          8.68   14.61    0.378   0.243     2.985

   central-interval coverage (should equal the nominal level):
   model                          50%     80%     90%
   DiamondWorld sim             0.408   0.577   0.625
   independent 2-Poisson        0.308   0.410   0.444
   league neg-binomial          0.417   0.577   0.625

   randomized-PIT uniformity (KS distance from Uniform, lower = better calibrated):
   DiamondWorld sim           KS 0.1709
   independent 2-Poisson      KS 0.2725
   league neg-binomial        KS 0.1441

   overdispersion: sim within-game total variance is 1.71x the independent-Poisson
   value (var = mean); real is 2.11x. The summed model cannot produce this.
