Preparing immutable observed pitch schedules...

--- Rep 1/5 (seed=42) ---

--- Rep 2/5 (seed=1000045) ---

--- Rep 3/5 (seed=2000048) ---

--- Rep 4/5 (seed=3000051) ---

--- Rep 5/5 (seed=4000054) ---

=== Held-out next-pitch resolution (B+D) ===
  n=708908  NLL=0.6667  Brier=0.3335
  conditioning: observed pitch + prior history; launch marginalized; includes continuation

=== Marginal outcome calibration ===
  outcome   real%    sim%   ratio      recal
       K   22.58   19.93   0.883     0.1249
      BB    8.18   12.59   1.538    -0.4306
     HBP    1.11    1.16   1.049    -0.0475
      1B   14.20   13.66   0.962     0.0384
      2B    4.26    3.18   0.747     0.2923
      3B    0.38    0.30   0.784     0.2434
      HR    2.99    3.13   1.046    -0.0454
     out   46.30   46.06   0.995     0.0054
       E    0.00    0.00     nan        nan

=== Score distribution ===
                   real      sim
  mean             8.63 9.48 +/- 0.04
  std              4.27     4.56
  median            8.0      9.0
  shutout%         13.4     11.7
  blowout%         28.3     30.5

=== Runs-by-inning fraction (fatigue shape test) ===
  inning   1    2    3    4    5    6    7    8    9   | late(6-9)
  real  11.7 10.8 11.7 11.8 11.9 11.8 11.0 11.0  8.2  | 42.0%
  sim   12.4 11.5 11.6 11.5 11.4 11.8 11.5 11.3  7.0  | 41.6%

=== ABCD PITCHFORMER GAME EVAL (2429 games, 5 reps, 5518s) ===
  runs/game   real 8.63   sim 9.48 +/- 0.04
  home runs/g 4.61 +/- 0.05   away 4.87 +/- 0.04   home-win 49.6 +/- 1.0%  (ties 0)
  extras      real 8.9%   sim 9.4 +/- 0.4%   walk-offs 7.6 +/- 0.3%
  truncated half-innings: 26
  extra half-innings: 11.6   unresolved: 0.2

=== Sampling consistency only (generated B+D, 184860 terminal PAs) ===
  mean=0.4997  std=0.2886  (ideal: mean=0.5, std=0.2887)
  KS stat=0.0014  p=0.868
  PIT histogram (10 bins, expected 18486 each):
    18517  18539  18435  18476  18657  18396  18448  18472  18470  18450
     1.00   1.00   1.00   1.00   1.01   1.00   1.00   1.00   1.00   1.00

=== Player-level via ABCD game eval (382 batters >= 150 PA) ===
  stat      real      sim      MAE    corr
  AVG     0.2390   0.2358   0.0264   0.231
  OBP     0.3097   0.3406   0.0398   0.160
  SLG     0.3905   0.3879   0.0599   0.105
  K%      0.2260   0.1965   0.0437   0.622
  BB%     0.0814   0.1250   0.0451   0.434
  HR%     0.0292   0.0312   0.0120   0.080

=== Coverage (5 reps, 382 batters) ===
  stat    cov50%   cov90%   cov95%
  AVG       24.9     51.3     53.1
  OBP       14.1     34.6     36.4
  SLG       24.9     49.5     52.6
  K%        15.7     31.7     33.2
  BB%        9.4     15.4     16.2
  HR%       21.7     45.0     47.6
saved paired-rate artifact -> data/eval2/prod_rates_v27a_abcd_bayesian_s42.npz
saved benchmark arrays -> data/eval2/calib_v27a_abcd_bayesian_s42-observed-schedule_arrays.npz
{
  "tag": "v27a_abcd_bayesian_s42",
  "season": 2024,
  "c_events": true,
  "games": 2429,
  "reps": 5,
  "elapsed_s": 5518.1578686237335,
  "truncated_half_innings": 25,
  "batch_games": 256,
  "total_mean": 9.477645121449155,
  "total_std": 0.044122480110457524,
  "home_mean": 4.611609715932483,
  "away_mean": 4.866035405516675,
  "home_win_rate": 0.49608892548373823,
  "real_total_mean": 8.634829147797447,
  "score_dist": {
    "sim_std": 4.562706872207084,
    "sim_median": 9.0,
    "sim_shutout_rate": 11.667352820090573,
    "sim_blowout_rate": 30.53108275010292,
    "real_std": 4.270741335866924,
    "real_median": 8.0,
    "real_shutout_rate": 13.421160971593249,
    "real_blowout_rate": 28.324413338822563
  },
  "pa_outcomes_sim": {
    "K": 37330.8,
    "BB": 23575.6,
    "HBP": 2174.8,
    "1B": 25590.4,
    "2B": 5956.0,
    "3B": 561.0,
    "HR": 5858.4,
    "out": 86270.6,
    "E": 1.2
  },
  "pa_outcomes_real": {
    "K": 41197.0,
    "BB": 14929.0,
    "HBP": 2020.0,
    "1B": 25902.0,
    "2B": 7771.0,
    "3B": 697.0,
    "HR": 5453.0,
    "out": 84480.0,
    "E": 0.0
  },
  "runs_by_inning_frac_sim": [
    0.1237202517626084,
    0.11537318674194333,
    0.11564331829601017,
    0.11546323059329894,
    0.11359031848510226,
    0.11753423917447797,
    0.11508504641760538,
    0.11341923516752658,
    0.07017117336142702
  ],
  "runs_by_inning_frac_real": [
    0.11716795054217163,
    0.10794367302880134,
    0.11741327707178255,
    0.1183945831902262,
    0.11927775869682547,
    0.11760953829547127,
    0.11020067710122172,
    0.11044600363083264,
    0.0815465384426672
  ],
  "extra_runs_per_game": 0.33338822560724574,
  "sim_extra_rate": 9.411280362289007,
  "real_extra_rate": 8.892548373816386,
  "walkoff_rate": 7.575133799917663,
  "n_ties_mean": 0.2,
  "n_extra_half_innings_mean": 11.6,
  "n_unresolved_mean": 0.2,
  "events": [
    1613.0,
    332.0,
    108.4,
    2517.8,
    391.6,
    10093.0,
    41.2,
    275.6
  ],
  "simulation_consistency": {
    "n": 184860,
    "histogram": [
      18517,
      18539,
      18435,
      18476,
      18657,
      18396,
      18448,
      18472,
      18470,
      18450
    ],
    "bin_edges": [
      0.0,
      0.1,
      0.2,
      0.30000000000000004,
      0.4,
      0.5,
      0.6000000000000001,
      0.7000000000000001,
      0.8,
      0.9,
      1.0
    ],
    "chi2": 2.542680947744239,
    "ks_stat": 0.0013879445854263484,
    "ks_pvalue": 0.8680486754616495,
    "mean": 0.4996816700254596,
    "std": 0.2885949094815537
  },
  "heldout_pitch_calibration": {
    "scope": "heldout_next_pitch_resolution",
    "n": 708908,
    "conditioning": "observed pitch and prior history; launch marginalized; includes continuation",
    "nll": 0.6666947516276888,
    "brier": 0.33347744105553856,
    "pit_histogram": [
      72289,
      71144,
      70665,
      70294,
      70907,
      70918,
      70480,
      71104,
      70845,
      70262
    ],
    "predicted_rates": [
      0.056612575155750966,
      0.01952145499853602,
      0.002444787120300793,
      0.03640960420322815,
      0.008260505355068169,
      0.0007623154416947995,
      0.00808507004428412,
      0.12495350739974578,
      1.5777700936063009e-06,
      0.7429486025112904
    ],
    "observed_rates": [
      0.05803150761452826,
      0.02027625587523346,
      0.0028494529614562117,
      0.036518137755533864,
      0.010961930179938722,
      0.0009817917134522392,
      0.007687880514819977,
      0.11912829309303886,
      0.0,
      0.7435647502919984
    ],
    "launch_samples": 16
  },
  "skill_policy": {
    "mode": "sample",
    "resample_per_rep": true,
    "skill_seeds": [
      2147483689,
      2148483692,
      2149483695,
      2150483698,
      2151483701
    ],
    "calibration_mode": "posterior_mean_skills",
    "source_world": null
  },
  "completion_diagnostics": {
    "per_rep": [
      {
        "flagged_games": 252,
        "no_detected_completion_fault": 2177,
        "flagged_fraction": 0.1037463976945245,
        "reasons": {
          "regulation_truncated": [
            744813,
            744865,
            745066,
            745080,
            745373,
            745380,
            745485,
            745503,
            745548,
            745614,
            745655,
            745785,
            745900,
            745910,
            746052,
            746074,
            746184,
            746207,
            746326,
            746362,
            746412,
            746502,
            746596,
            746691,
            746779,
            746873,
            747057,
            747127,
            747136,
            747168,
            747193,
            747214
          ],
          "extra_truncated": [],
          "unresolved_tie": [],
          "skipped_extra_innings": [
            744796,
            744809,
            744818,
            744849,
            744853,
            744893,
            744920,
            744930,
            744932,
            744940,
            744946,
            744947,
            744951,
            744974,
            744979,
            744996,
            745003,
            745008,
            745012,
            745028,
            745032,
            745033,
            745081,
            745102,
            745125,
            745126,
            745177,
            745182,
            745189,
            745194,
            745214,
            745237,
            745242,
            745252,
            745259,
            745262,
            745268,
            745271,
            745272,
            745280,
            745295,
            745316,
            745332,
            745338,
            745357,
            745365,
            745373,
            745375,
            745385,
            745386,
            745394,
            745400,
            745406,
            745408,
            745409,
            745411,
            745418,
            745420,
            745422,
            745430,
            745434,
            745440,
            745450,
            745455,
            745457,
            745476,
            745477,
            745484,
            745487,
            745525,
            745528,
            745529,
            745536,
            745547,
            745608,
            745627,
            745632,
            745641,
            745656,
            745666,
            745681,
            745685,
            745686,
            745688,
            745699,
            745735,
            745741,
            745749,
            745753,
            745756,
            745772,
            745773,
            745777,
            745778,
            745783,
            745795,
            745799,
            745804,
            745807,
            745815,
            745834,
            745835,
            745836,
            745838,
            745878,
            745894,
            745930,
            745933,
            745940,
            745977,
            745989,
            745993,
            746002,
            746026,
            746035,
            746062,
            746071,
            746081,
            746090,
            746103,
            746146,
            746157,
            746161,
            746165,
            746167,
            746175,
            746183,
            746241,
            746253,
            746262,
            746306,
            746312,
            746317,
            746326,
            746327,
            746329,
            746331,
            746344,
            746355,
            746368,
            746376,
            746384,
            746407,
            746409,
            746412,
            746416,
            746446,
            746456,
            746463,
            746471,
            746475,
            746476,
            746483,
            746539,
            746554,
            746564,
            746565,
            746566,
            746582,
            746585,
            746587,
            746594,
            746601,
            746620,
            746623,
            746635,
            746643,
            746647,
            746658,
            746663,
            746668,
            746677,
            746679,
            746681,
            746685,
            746690,
            746692,
            746700,
            746701,
            746704,
            746707,
            746720,
            746742,
            746752,
            746759,
            746783,
            746785,
            746789,
            746799,
            746811,
            746815,
            746819,
            746822,
            746838,
            746845,
            746846,
            746858,
            746871,
            746874,
            746884,
            746894,
            746897,
            746902,
            746906,
            746949,
            746963,
            746988,
            747007,
            747015,
            747020,
            747023,
            747052,
            747063,
            747065,
            747071,
            747084,
            747108,
            747119,
            747135,
            747144,
            747158,
            747166,
            747219
          ]
        },
        "mean_total_all": 9.46068340881021,
        "mean_total_no_detected_fault": 9.394120349104272
      },
      {
        "flagged_games": 265,
        "no_detected_completion_fault": 2164,
        "flagged_fraction": 0.10909839440098806,
        "reasons": {
          "regulation_truncated": [
            745066,
            745191,
            745304,
            745645,
            745797,
            745904,
            745910,
            746038,
            746052,
            746256,
            746304,
            746362,
            746587,
            746635,
            746640,
            746776,
            746873,
            747037,
            747132
          ],
          "extra_truncated": [],
          "unresolved_tie": [],
          "skipped_extra_innings": [
            744810,
            744823,
            744836,
            744838,
            744866,
            744869,
            744885,
            744892,
            744894,
            744906,
            744914,
            744924,
            744927,
            744930,
            744944,
            744945,
            744951,
            744962,
            744967,
            744969,
            744981,
            744985,
            744995,
            745019,
            745034,
            745038,
            745041,
            745050,
            745056,
            745065,
            745069,
            745092,
            745110,
            745130,
            745165,
            745169,
            745170,
            745182,
            745195,
            745211,
            745212,
            745218,
            745228,
            745233,
            745249,
            745274,
            745279,
            745284,
            745286,
            745289,
            745293,
            745301,
            745320,
            745326,
            745330,
            745342,
            745344,
            745359,
            745360,
            745377,
            745387,
            745389,
            745396,
            745407,
            745417,
            745419,
            745430,
            745464,
            745485,
            745486,
            745508,
            745510,
            745512,
            745529,
            745530,
            745539,
            745564,
            745569,
            745579,
            745583,
            745587,
            745597,
            745606,
            745638,
            745639,
            745649,
            745656,
            745689,
            745695,
            745703,
            745704,
            745709,
            745713,
            745771,
            745791,
            745797,
            745824,
            745833,
            745838,
            745843,
            745846,
            745863,
            745866,
            745876,
            745890,
            745901,
            745930,
            745950,
            745951,
            745969,
            745974,
            745982,
            745990,
            745994,
            746009,
            746017,
            746031,
            746039,
            746047,
            746048,
            746051,
            746054,
            746073,
            746093,
            746096,
            746097,
            746135,
            746154,
            746174,
            746180,
            746198,
            746205,
            746219,
            746228,
            746231,
            746236,
            746261,
            746270,
            746272,
            746284,
            746306,
            746319,
            746325,
            746330,
            746354,
            746369,
            746380,
            746384,
            746389,
            746400,
            746404,
            746407,
            746414,
            746418,
            746420,
            746422,
            746438,
            746448,
            746449,
            746455,
            746473,
            746475,
            746479,
            746480,
            746486,
            746491,
            746493,
            746498,
            746507,
            746516,
            746525,
            746535,
            746536,
            746537,
            746539,
            746545,
            746554,
            746579,
            746588,
            746591,
            746597,
            746599,
            746605,
            746615,
            746632,
            746639,
            746650,
            746656,
            746660,
            746661,
            746663,
            746668,
            746672,
            746691,
            746692,
            746720,
            746729,
            746750,
            746756,
            746792,
            746799,
            746803,
            746816,
            746823,
            746830,
            746841,
            746871,
            746878,
            746882,
            746883,
            746888,
            746890,
            746916,
            746921,
            746924,
            746928,
            746945,
            746947,
            746952,
            746987,
            747009,
            747011,
            747012,
            747029,
            747031,
            747042,
            747043,
            747046,
            747055,
            747060,
            747063,
            747085,
            747094,
            747099,
            747103,
            747105,
            747112,
            747122,
            747136,
            747157,
            747159,
            747165,
            747172,
            747178,
            747179,
            747192,
            747223
          ]
        },
        "mean_total_all": 9.542610127624537,
        "mean_total_no_detected_fault": 9.433456561922366
      },
      {
        "flagged_games": 256,
        "no_detected_completion_fault": 2173,
        "flagged_fraction": 0.1053931659118979,
        "reasons": {
          "regulation_truncated": [
            744816,
            745063,
            745091,
            745159,
            745522,
            745535,
            745560,
            745661,
            745673,
            745785,
            746048,
            746052,
            746058,
            746207,
            746307,
            746326,
            746341,
            746362,
            746565,
            746770,
            746873,
            747013,
            747041,
            747095,
            747104,
            747132,
            747136,
            747181,
            747210,
            747214
          ],
          "extra_truncated": [],
          "unresolved_tie": [],
          "skipped_extra_innings": [
            744821,
            744843,
            744872,
            744878,
            744886,
            744898,
            744921,
            744940,
            744950,
            744966,
            744994,
            745002,
            745007,
            745032,
            745054,
            745061,
            745069,
            745071,
            745072,
            745080,
            745095,
            745099,
            745152,
            745169,
            745182,
            745183,
            745189,
            745198,
            745200,
            745217,
            745236,
            745252,
            745253,
            745267,
            745279,
            745304,
            745311,
            745316,
            745319,
            745332,
            745333,
            745339,
            745344,
            745345,
            745346,
            745352,
            745377,
            745383,
            745432,
            745433,
            745444,
            745450,
            745453,
            745498,
            745517,
            745519,
            745523,
            745530,
            745532,
            745541,
            745563,
            745568,
            745577,
            745608,
            745629,
            745645,
            745657,
            745662,
            745665,
            745666,
            745674,
            745684,
            745688,
            745692,
            745700,
            745705,
            745741,
            745747,
            745754,
            745757,
            745758,
            745763,
            745770,
            745793,
            745807,
            745834,
            745840,
            745845,
            745858,
            745861,
            745892,
            745899,
            745936,
            745946,
            745952,
            745955,
            745958,
            745962,
            745967,
            745969,
            745979,
            745994,
            746001,
            746002,
            746010,
            746051,
            746055,
            746063,
            746078,
            746083,
            746085,
            746087,
            746089,
            746095,
            746100,
            746118,
            746126,
            746136,
            746152,
            746164,
            746175,
            746189,
            746206,
            746212,
            746224,
            746232,
            746266,
            746269,
            746275,
            746280,
            746284,
            746286,
            746290,
            746297,
            746304,
            746327,
            746329,
            746336,
            746354,
            746355,
            746370,
            746377,
            746382,
            746403,
            746416,
            746438,
            746440,
            746442,
            746448,
            746456,
            746457,
            746472,
            746482,
            746495,
            746497,
            746498,
            746501,
            746504,
            746507,
            746514,
            746518,
            746521,
            746539,
            746571,
            746602,
            746603,
            746606,
            746615,
            746629,
            746637,
            746646,
            746647,
            746652,
            746657,
            746660,
            746665,
            746706,
            746707,
            746710,
            746713,
            746723,
            746728,
            746769,
            746776,
            746791,
            746792,
            746807,
            746838,
            746840,
            746850,
            746851,
            746855,
            746864,
            746883,
            746890,
            746907,
            746917,
            746969,
            746996,
            746998,
            746999,
            747006,
            747019,
            747026,
            747029,
            747034,
            747037,
            747055,
            747088,
            747096,
            747101,
            747105,
            747109,
            747119,
            747138,
            747140,
            747148,
            747149,
            747153,
            747178,
            747179,
            747187,
            747195,
            747197,
            747204,
            747210,
            747216
          ]
        },
        "mean_total_all": 9.410045286125978,
        "mean_total_no_detected_fault": 9.295444086516337
      },
      {
        "flagged_games": 244,
        "no_detected_completion_fault": 2185,
        "flagged_fraction": 0.10045286125977769,
        "reasons": {
          "regulation_truncated": [
            744849,
            744905,
            744980,
            745282,
            745291,
            745373,
            745404,
            745429,
            745487,
            745633,
            745655,
            745821,
            745844,
            745908,
            745910,
            746058,
            746228,
            746314,
            746885,
            746895,
            747100,
            747104,
            747180,
            747181,
            747210
          ],
          "extra_truncated": [],
          "unresolved_tie": [],
          "skipped_extra_innings": [
            744795,
            744801,
            744825,
            744841,
            744845,
            744869,
            744870,
            744916,
            744939,
            744942,
            744952,
            744975,
            744987,
            744989,
            744991,
            744997,
            745000,
            745017,
            745018,
            745020,
            745027,
            745030,
            745031,
            745032,
            745052,
            745078,
            745085,
            745093,
            745094,
            745114,
            745117,
            745130,
            745153,
            745176,
            745202,
            745207,
            745211,
            745243,
            745254,
            745287,
            745294,
            745296,
            745320,
            745336,
            745342,
            745348,
            745351,
            745365,
            745376,
            745388,
            745405,
            745418,
            745420,
            745426,
            745433,
            745456,
            745462,
            745463,
            745468,
            745476,
            745511,
            745517,
            745519,
            745527,
            745530,
            745539,
            745542,
            745573,
            745610,
            745615,
            745618,
            745635,
            745650,
            745658,
            745665,
            745666,
            745668,
            745675,
            745677,
            745682,
            745690,
            745699,
            745705,
            745711,
            745717,
            745723,
            745729,
            745733,
            745736,
            745740,
            745745,
            745773,
            745778,
            745807,
            745808,
            745822,
            745824,
            745825,
            745837,
            745849,
            745852,
            745857,
            745863,
            745921,
            745935,
            745937,
            745940,
            745977,
            745984,
            745988,
            746002,
            746025,
            746033,
            746050,
            746051,
            746079,
            746082,
            746091,
            746105,
            746114,
            746130,
            746133,
            746139,
            746147,
            746155,
            746161,
            746165,
            746171,
            746182,
            746188,
            746198,
            746215,
            746216,
            746223,
            746226,
            746238,
            746242,
            746250,
            746264,
            746273,
            746281,
            746290,
            746324,
            746348,
            746349,
            746378,
            746387,
            746388,
            746390,
            746392,
            746394,
            746420,
            746445,
            746447,
            746476,
            746477,
            746487,
            746520,
            746522,
            746531,
            746573,
            746590,
            746599,
            746603,
            746613,
            746625,
            746646,
            746649,
            746669,
            746678,
            746685,
            746696,
            746700,
            746701,
            746710,
            746719,
            746724,
            746725,
            746758,
            746789,
            746796,
            746804,
            746807,
            746821,
            746826,
            746828,
            746834,
            746843,
            746845,
            746858,
            746859,
            746864,
            746900,
            746920,
            746922,
            746933,
            746943,
            746957,
            746987,
            746988,
            747003,
            747021,
            747026,
            747030,
            747056,
            747076,
            747095,
            747106,
            747113,
            747126,
            747129,
            747147,
            747170,
            747180,
            747189,
            747191,
            747196,
            747199,
            747202,
            747203
          ]
        },
        "mean_total_all": 9.502675998353231,
        "mean_total_no_detected_fault": 9.4
      },
      {
        "flagged_games": 244,
        "no_detected_completion_fault": 2185,
        "flagged_fraction": 0.10045286125977769,
        "reasons": {
          "regulation_truncated": [
            744805,
            744960,
            745289,
            745314,
            745364,
            745865,
            746052,
            746184,
            746319,
            746371,
            746402,
            746502,
            746613,
            746640,
            746709,
            746873,
            746914,
            747214
          ],
          "extra_truncated": [],
          "unresolved_tie": [
            745519
          ],
          "skipped_extra_innings": [
            744795,
            744797,
            744798,
            744817,
            744823,
            744852,
            744855,
            744857,
            744863,
            744873,
            744875,
            744885,
            744889,
            744892,
            744912,
            744937,
            744941,
            744944,
            744945,
            744954,
            744963,
            744967,
            744970,
            744979,
            744998,
            745001,
            745008,
            745024,
            745052,
            745069,
            745093,
            745094,
            745105,
            745119,
            745122,
            745144,
            745146,
            745160,
            745168,
            745189,
            745190,
            745195,
            745204,
            745207,
            745217,
            745224,
            745230,
            745235,
            745236,
            745245,
            745260,
            745265,
            745266,
            745292,
            745311,
            745320,
            745338,
            745352,
            745368,
            745376,
            745379,
            745380,
            745381,
            745386,
            745399,
            745410,
            745419,
            745422,
            745427,
            745429,
            745440,
            745449,
            745450,
            745467,
            745477,
            745488,
            745492,
            745519,
            745533,
            745541,
            745542,
            745557,
            745563,
            745570,
            745585,
            745590,
            745599,
            745637,
            745647,
            745666,
            745672,
            745676,
            745687,
            745710,
            745729,
            745732,
            745750,
            745761,
            745784,
            745788,
            745789,
            745796,
            745801,
            745807,
            745856,
            745859,
            745870,
            745901,
            745904,
            745911,
            745919,
            745929,
            745938,
            745940,
            745950,
            745968,
            745982,
            745984,
            745992,
            746023,
            746045,
            746056,
            746063,
            746064,
            746078,
            746111,
            746122,
            746130,
            746147,
            746173,
            746188,
            746190,
            746199,
            746200,
            746211,
            746221,
            746222,
            746224,
            746240,
            746247,
            746253,
            746258,
            746263,
            746307,
            746309,
            746314,
            746317,
            746321,
            746334,
            746346,
            746357,
            746368,
            746377,
            746434,
            746450,
            746459,
            746464,
            746495,
            746500,
            746545,
            746573,
            746574,
            746589,
            746597,
            746612,
            746618,
            746629,
            746630,
            746642,
            746664,
            746668,
            746680,
            746690,
            746693,
            746697,
            746703,
            746707,
            746712,
            746723,
            746729,
            746732,
            746758,
            746764,
            746799,
            746817,
            746818,
            746823,
            746841,
            746859,
            746869,
            746882,
            746884,
            746907,
            746922,
            746927,
            746932,
            746965,
            746969,
            746979,
            746993,
            746995,
            746998,
            747000,
            747010,
            747031,
            747038,
            747048,
            747049,
            747050,
            747064,
            747076,
            747092,
            747100,
            747104,
            747108,
            747127,
            747129,
            747137,
            747145,
            747147,
            747150,
            747156,
            747161,
            747170,
            747193,
            747223
          ]
        },
        "mean_total_all": 9.472210786331823,
        "mean_total_no_detected_fault": 9.354691075514873
      }
    ],
    "simulation_changed": false,
    "headline_metrics_include_flagged_games": true,
    "note": "Diagnostic only. No detected fault is not certification of legal completion; observed lineup/staff policy and other modelling limitations remain. Filtered means are a sensitivity check, not an unbiased replacement benchmark."
  },
  "rate_export": {
    "path": "data/eval2/prod_rates_v27a_abcd_bayesian_s42.npz",
    "players": 543,
    "max_pa_per_game": 90,
    "note": "Generated-outcome rates on the selected observed 2024 PA denominator."
  },
  "arrays_export": {
    "path": "data/eval2/calib_v27a_abcd_bayesian_s42-observed-schedule_arrays.npz",
    "games": 2429,
    "reps": 5,
    "note": "Observed lineup/staff schedule; source rows cycle only if a generated half outlives its observed PA schedule. Not a pre-game roster/staff simulation."
  },
  "note": "Generated game state on observed lineup/staff schedule; a half that outlives its observed PA sources cycles those sources until a generated third out. Continuation PAs are excluded from the paired fixed-cohort rate export; not a pre-game roster/staff simulation.",
  "player_stats": {
    "n_batters": 382,
    "min_pa": 150,
    "stats": {
      "AVG": {
        "real_mean": 0.23902044238541253,
        "sim_mean": 0.2357988490258252,
        "mae": 0.0263583311581998,
        "corr": 0.23148194846805992
      },
      "OBP": {
        "real_mean": 0.3096612606472928,
        "sim_mean": 0.3406135046066773,
        "mae": 0.03984885799781196,
        "corr": 0.15976868413379114
      },
      "SLG": {
        "real_mean": 0.39053884214042284,
        "sim_mean": 0.38786843368911633,
        "mae": 0.05987223824876687,
        "corr": 0.10538043771713053
      },
      "K%": {
        "real_mean": 0.2260079387708535,
        "sim_mean": 0.19653950409132287,
        "mae": 0.04374476595923798,
        "corr": 0.6224493577305044
      },
      "BB%": {
        "real_mean": 0.08142517113076207,
        "sim_mean": 0.1250109331800715,
        "mae": 0.0450661944945448,
        "corr": 0.43382378939748295
      },
      "HR%": {
        "real_mean": 0.029203748068456624,
        "sim_mean": 0.031157622869126496,
        "mae": 0.011969999379386025,
        "corr": 0.0803848648944775
      }
    },
    "coverage": {
      "AVG": {
        "50": 24.86910994764398,
        "90": 51.30890052356021,
        "95": 53.141361256544506
      },
      "OBP": {
        "50": 14.136125654450263,
        "90": 34.55497382198953,
        "95": 36.38743455497382
      },
      "SLG": {
        "50": 24.86910994764398,
        "90": 49.47643979057592,
        "95": 52.617801047120416
      },
      "K%": {
        "50": 15.706806282722512,
        "90": 31.675392670157066,
        "95": 33.246073298429316
      },
      "BB%": {
        "50": 9.424083769633508,
        "90": 15.44502617801047,
        "95": 16.230366492146597
      },
      "HR%": {
        "50": 21.727748691099478,
        "90": 45.0261780104712,
        "95": 47.64397905759162
      }
    }
  },
  "per_rep": {
    "total_mean": [
      9.46068340881021,
      9.542610127624537,
      9.410045286125978,
      9.502675998353231,
      9.472210786331823
    ],
    "home_win_rate": [
      0.48373816385343765,
      0.5072046109510087,
      0.5034993824619185,
      0.5002058460271717,
      0.4857966241251544
    ],
    "walkoff_rate": [
      0.07245780156442981,
      0.08110333470564018,
      0.07245780156442981,
      0.07451626183614657,
      0.07822149032523672
    ],
    "extra_rate": [
      0.09180732811856732,
      0.10168793742280774,
      0.09345409633594072,
      0.09057225195553725,
      0.09304240428159737
    ]
  }
}
saved -> data/runs/six_v27a_abcd_bayesian_s42/games.json
