Preparing immutable observed pitch schedules...

--- Rep 1/5 (seed=42) ---

--- Rep 2/5 (seed=1000045) ---

--- Rep 3/5 (seed=2000048) ---

--- Rep 4/5 (seed=3000051) ---

--- Rep 5/5 (seed=4000054) ---

=== Held-out next-pitch resolution (B+D) ===
  n=708908  NLL=0.6574  Brier=0.3301
  conditioning: observed pitch + prior history; launch marginalized; includes continuation

=== Marginal outcome calibration ===
  outcome   real%    sim%   ratio      recal
       K   22.58   20.43   0.905     0.0999
      BB    8.18   11.85   1.449    -0.3706
     HBP    1.11    1.33   1.203    -0.1848
      1B   14.20   13.92   0.980     0.0200
      2B    4.26    3.44   0.808     0.2131
      3B    0.38    0.28   0.737     0.3052
      HR    2.99    3.31   1.107    -0.1013
     out   46.30   45.43   0.981     0.0189
       E    0.00    0.00     nan        nan

=== Score distribution ===
                   real      sim
  mean             8.63 9.71 +/- 0.05
  std              4.27     4.66
  median            8.0      9.0
  shutout%         13.4     10.6
  blowout%         28.3     30.5

=== Runs-by-inning fraction (fatigue shape test) ===
  inning   1    2    3    4    5    6    7    8    9   | late(6-9)
  real  11.7 10.8 11.7 11.8 11.9 11.8 11.0 11.0  8.2  | 42.0%
  sim   12.4 11.5 11.6 11.6 11.4 11.7 11.4 11.4  6.9  | 41.5%

=== ABCD PITCHFORMER GAME EVAL (2429 games, 5 reps, 5418s) ===
  runs/game   real 8.63   sim 9.71 +/- 0.05
  home runs/g 4.75 +/- 0.04   away 4.96 +/- 0.06   home-win 50.2 +/- 0.8%  (ties 0)
  extras      real 8.9%   sim 9.4 +/- 0.5%   walk-offs 7.7 +/- 0.4%
  truncated half-innings: 26
  extra half-innings: 10.8   unresolved: 0.2

=== Sampling consistency only (generated B+D, 184640 terminal PAs) ===
  mean=0.5004  std=0.2886  (ideal: mean=0.5, std=0.2887)
  KS stat=0.0019  p=0.5108
  PIT histogram (10 bins, expected 18464 each):
    18186  18505  18761  18406  18409  18475  18403  18444  18463  18588
     0.98   1.00   1.02   1.00   1.00   1.00   1.00   1.00   1.00   1.01

=== Player-level via ABCD game eval (382 batters >= 150 PA) ===
  stat      real      sim      MAE    corr
  AVG     0.2390   0.2406   0.0260   0.289
  OBP     0.3097   0.3402   0.0379   0.324
  SLG     0.3905   0.4007   0.0573   0.254
  K%      0.2260   0.2057   0.0412   0.614
  BB%     0.0814   0.1175   0.0382   0.556
  HR%     0.0292   0.0330   0.0117   0.293

=== Coverage (5 reps, 382 batters) ===
  stat    cov50%   cov90%   cov95%
  AVG       26.7     53.9     55.5
  OBP       19.4     38.5     39.8
  SLG       30.4     50.5     51.8
  K%        12.0     29.3     30.4
  BB%        7.3     20.4     22.3
  HR%       22.0     45.0     48.2
saved paired-rate artifact -> data/eval2/prod_rates_v27a_abcd_id_s42.npz
saved benchmark arrays -> data/eval2/calib_v27a_abcd_id_s42-observed-schedule_arrays.npz
{
  "tag": "v27a_abcd_id_s42",
  "season": 2024,
  "c_events": true,
  "games": 2429,
  "reps": 5,
  "elapsed_s": 5417.984498977661,
  "truncated_half_innings": 26,
  "batch_games": 256,
  "total_mean": 9.709510086455332,
  "total_std": 0.05068502716118723,
  "home_mean": 4.74977356937011,
  "away_mean": 4.95973651708522,
  "home_win_rate": 0.5024289831206258,
  "real_total_mean": 8.634829147797447,
  "score_dist": {
    "sim_std": 4.655803353339378,
    "sim_median": 9.0,
    "sim_shutout_rate": 10.629888843145327,
    "sim_blowout_rate": 30.522848909016055,
    "real_std": 4.270741335866924,
    "real_median": 8.0,
    "real_shutout_rate": 13.421160971593249,
    "real_blowout_rate": 28.324413338822563
  },
  "pa_outcomes_sim": {
    "K": 38352.0,
    "BB": 22246.2,
    "HBP": 2499.8,
    "1B": 26117.8,
    "2B": 6460.0,
    "3B": 528.4,
    "HR": 6207.8,
    "out": 85273.6,
    "E": 0.4
  },
  "pa_outcomes_real": {
    "K": 41197.0,
    "BB": 14929.0,
    "HBP": 2020.0,
    "1B": 25902.0,
    "2B": 7771.0,
    "3B": 697.0,
    "HR": 5453.0,
    "out": 84480.0,
    "E": 0.0
  },
  "runs_by_inning_frac_sim": [
    0.12388239113458685,
    0.11522229339042386,
    0.11606461292785004,
    0.11585403304349351,
    0.11411674899755198,
    0.11662615928613418,
    0.11433610304375671,
    0.11443261882408681,
    0.06946503935211588
  ],
  "runs_by_inning_frac_real": [
    0.11716795054217163,
    0.10794367302880134,
    0.11741327707178255,
    0.1183945831902262,
    0.11927775869682547,
    0.11760953829547127,
    0.11020067710122172,
    0.11044600363083264,
    0.0815465384426672
  ],
  "extra_runs_per_game": 0.32531906134211613,
  "sim_extra_rate": 9.386578839028406,
  "real_extra_rate": 8.892548373816386,
  "walkoff_rate": 7.698641416220667,
  "n_ties_mean": 0.2,
  "n_extra_half_innings_mean": 10.8,
  "n_unresolved_mean": 0.2,
  "events": [
    1645.8,
    316.2,
    115.0,
    2306.8,
    413.4,
    10426.6,
    47.0,
    273.8
  ],
  "simulation_consistency": {
    "n": 184640,
    "histogram": [
      18186,
      18505,
      18761,
      18406,
      18409,
      18475,
      18403,
      18444,
      18463,
      18588
    ],
    "bin_edges": [
      0.0,
      0.1,
      0.2,
      0.30000000000000004,
      0.4,
      0.5,
      0.6000000000000001,
      0.7000000000000001,
      0.8,
      0.9,
      1.0
    ],
    "chi2": 10.462629982668977,
    "ks_stat": 0.0019091047505997577,
    "ks_pvalue": 0.510820020752285,
    "mean": 0.5004449195806112,
    "std": 0.28862118552513333
  },
  "heldout_pitch_calibration": {
    "scope": "heldout_next_pitch_resolution",
    "n": 708908,
    "conditioning": "observed pitch and prior history; launch marginalized; includes continuation",
    "nll": 0.6573607055634918,
    "brier": 0.3300582834449793,
    "pit_histogram": [
      73593,
      71462,
      70753,
      70537,
      71052,
      70552,
      69982,
      70680,
      70479,
      69818
    ],
    "predicted_rates": [
      0.056259526131357394,
      0.01958800448791817,
      0.002638166250386868,
      0.036451062922724604,
      0.008620723401406792,
      0.0006922860937342571,
      0.008062237120733926,
      0.11979200108347623,
      1.0380815909237212e-06,
      0.7478949544266522
    ],
    "observed_rates": [
      0.05803150761452826,
      0.02027625587523346,
      0.0028494529614562117,
      0.036518137755533864,
      0.010961930179938722,
      0.0009817917134522392,
      0.007687880514819977,
      0.11912829309303886,
      0.0,
      0.7435647502919984
    ],
    "launch_samples": 16
  },
  "skill_policy": {
    "mode": "fixed",
    "resample_per_rep": false,
    "skill_seeds": [],
    "calibration_mode": "fixed_checkpoint",
    "source_world": null
  },
  "completion_diagnostics": {
    "per_rep": [
      {
        "flagged_games": 256,
        "no_detected_completion_fault": 2173,
        "flagged_fraction": 0.1053931659118979,
        "reasons": {
          "regulation_truncated": [
            744820,
            744824,
            744831,
            744878,
            744941,
            744946,
            744980,
            745020,
            745094,
            745133,
            745314,
            745340,
            745429,
            745487,
            745503,
            745655,
            745686,
            745908,
            745921,
            746097,
            746258,
            746266,
            746304,
            746326,
            746384,
            746554,
            746626,
            746709,
            746758,
            746853,
            746962,
            747057,
            747068,
            747132
          ],
          "extra_truncated": [],
          "unresolved_tie": [],
          "skipped_extra_innings": [
            744795,
            744804,
            744806,
            744808,
            744825,
            744830,
            744837,
            744853,
            744855,
            744862,
            744864,
            744870,
            744871,
            744875,
            744877,
            744881,
            744893,
            744901,
            744910,
            744933,
            744940,
            744942,
            744943,
            744973,
            744984,
            744987,
            745001,
            745012,
            745030,
            745041,
            745092,
            745093,
            745097,
            745130,
            745132,
            745135,
            745153,
            745156,
            745181,
            745192,
            745198,
            745201,
            745205,
            745214,
            745216,
            745227,
            745231,
            745250,
            745257,
            745259,
            745272,
            745275,
            745279,
            745306,
            745311,
            745321,
            745329,
            745347,
            745351,
            745352,
            745355,
            745361,
            745362,
            745363,
            745379,
            745384,
            745386,
            745394,
            745397,
            745399,
            745409,
            745412,
            745426,
            745479,
            745511,
            745525,
            745530,
            745545,
            745567,
            745582,
            745588,
            745599,
            745615,
            745618,
            745637,
            745639,
            745643,
            745681,
            745684,
            745690,
            745697,
            745704,
            745723,
            745747,
            745752,
            745755,
            745759,
            745767,
            745781,
            745784,
            745797,
            745804,
            745821,
            745826,
            745834,
            745837,
            745843,
            745849,
            745859,
            745862,
            745865,
            745869,
            745883,
            745886,
            745891,
            745894,
            745898,
            745909,
            745911,
            745919,
            745921,
            745943,
            745952,
            745961,
            745964,
            745980,
            745995,
            745996,
            745998,
            746028,
            746040,
            746047,
            746049,
            746098,
            746103,
            746115,
            746116,
            746117,
            746134,
            746139,
            746161,
            746192,
            746203,
            746205,
            746206,
            746208,
            746231,
            746256,
            746303,
            746307,
            746322,
            746328,
            746329,
            746334,
            746335,
            746341,
            746361,
            746366,
            746372,
            746402,
            746414,
            746444,
            746446,
            746478,
            746488,
            746496,
            746500,
            746502,
            746506,
            746524,
            746533,
            746570,
            746584,
            746599,
            746627,
            746650,
            746662,
            746679,
            746682,
            746697,
            746702,
            746707,
            746710,
            746744,
            746753,
            746759,
            746761,
            746789,
            746795,
            746827,
            746829,
            746839,
            746840,
            746843,
            746849,
            746852,
            746872,
            746901,
            746940,
            746946,
            746982,
            746997,
            746999,
            747002,
            747017,
            747023,
            747030,
            747043,
            747046,
            747050,
            747056,
            747062,
            747066,
            747084,
            747088,
            747093,
            747101,
            747107,
            747146,
            747160,
            747165,
            747167,
            747206
          ]
        },
        "mean_total_all": 9.622478386167147,
        "mean_total_no_detected_fault": 9.48550391164289
      },
      {
        "flagged_games": 255,
        "no_detected_completion_fault": 2174,
        "flagged_fraction": 0.10498147385755455,
        "reasons": {
          "regulation_truncated": [
            744820,
            744843,
            744865,
            744936,
            744954,
            745289,
            745485,
            745503,
            746220,
            746267,
            746304,
            746362,
            746464,
            746640,
            746689,
            746693,
            746756,
            746873,
            746885,
            747041,
            747077
          ],
          "extra_truncated": [],
          "unresolved_tie": [
            745901
          ],
          "skipped_extra_innings": [
            744804,
            744847,
            744860,
            744886,
            744906,
            744914,
            744915,
            744939,
            744964,
            744969,
            744970,
            744981,
            744985,
            744992,
            744996,
            744998,
            745010,
            745014,
            745022,
            745024,
            745048,
            745050,
            745052,
            745054,
            745062,
            745084,
            745088,
            745091,
            745116,
            745124,
            745128,
            745129,
            745138,
            745163,
            745169,
            745173,
            745183,
            745193,
            745199,
            745200,
            745206,
            745212,
            745223,
            745228,
            745241,
            745267,
            745296,
            745298,
            745299,
            745316,
            745322,
            745345,
            745346,
            745347,
            745362,
            745374,
            745376,
            745379,
            745382,
            745398,
            745402,
            745413,
            745419,
            745424,
            745439,
            745452,
            745455,
            745462,
            745464,
            745478,
            745505,
            745520,
            745524,
            745563,
            745586,
            745595,
            745596,
            745608,
            745611,
            745630,
            745636,
            745637,
            745642,
            745646,
            745653,
            745670,
            745703,
            745719,
            745731,
            745737,
            745741,
            745763,
            745766,
            745769,
            745774,
            745784,
            745785,
            745801,
            745842,
            745862,
            745889,
            745890,
            745901,
            745902,
            745912,
            745918,
            745929,
            745943,
            745944,
            745971,
            745975,
            745977,
            745992,
            746002,
            746008,
            746023,
            746033,
            746035,
            746047,
            746074,
            746103,
            746132,
            746144,
            746146,
            746154,
            746158,
            746162,
            746190,
            746205,
            746206,
            746214,
            746222,
            746230,
            746238,
            746240,
            746244,
            746248,
            746252,
            746259,
            746260,
            746270,
            746276,
            746278,
            746285,
            746334,
            746367,
            746372,
            746407,
            746426,
            746436,
            746449,
            746469,
            746475,
            746476,
            746480,
            746483,
            746486,
            746491,
            746497,
            746538,
            746544,
            746548,
            746553,
            746565,
            746568,
            746580,
            746583,
            746608,
            746609,
            746619,
            746621,
            746631,
            746632,
            746639,
            746640,
            746648,
            746667,
            746672,
            746675,
            746678,
            746705,
            746719,
            746727,
            746728,
            746729,
            746731,
            746739,
            746756,
            746761,
            746785,
            746789,
            746812,
            746817,
            746819,
            746827,
            746865,
            746875,
            746881,
            746882,
            746888,
            746909,
            746913,
            746921,
            746927,
            746938,
            746939,
            746942,
            746949,
            746951,
            746973,
            746982,
            746985,
            746987,
            746992,
            747012,
            747016,
            747034,
            747036,
            747037,
            747045,
            747056,
            747071,
            747087,
            747093,
            747120,
            747129,
            747144,
            747154,
            747162,
            747170,
            747177,
            747178,
            747210,
            747219,
            747222,
            747223
          ]
        },
        "mean_total_all": 9.714285714285714,
        "mean_total_no_detected_fault": 9.634314627414904
      },
      {
        "flagged_games": 258,
        "no_detected_completion_fault": 2171,
        "flagged_fraction": 0.1062165500205846,
        "reasons": {
          "regulation_truncated": [
            744865,
            745136,
            745429,
            745442,
            745503,
            745568,
            745655,
            745661,
            745785,
            745908,
            746269,
            746362,
            746543,
            746568,
            746741,
            746782,
            746873,
            747013,
            747041,
            747104,
            747178
          ],
          "extra_truncated": [],
          "unresolved_tie": [],
          "skipped_extra_innings": [
            744809,
            744832,
            744843,
            744855,
            744856,
            744859,
            744864,
            744881,
            744884,
            744887,
            744891,
            744897,
            744901,
            744906,
            744912,
            744917,
            744941,
            744943,
            744984,
            744986,
            744997,
            745011,
            745015,
            745046,
            745075,
            745076,
            745101,
            745103,
            745114,
            745116,
            745124,
            745139,
            745166,
            745169,
            745175,
            745229,
            745237,
            745241,
            745243,
            745247,
            745262,
            745275,
            745278,
            745284,
            745302,
            745328,
            745340,
            745355,
            745361,
            745372,
            745378,
            745379,
            745403,
            745405,
            745408,
            745409,
            745422,
            745434,
            745440,
            745452,
            745467,
            745469,
            745482,
            745483,
            745485,
            745490,
            745498,
            745507,
            745517,
            745519,
            745535,
            745537,
            745549,
            745566,
            745573,
            745593,
            745604,
            745622,
            745632,
            745642,
            745670,
            745674,
            745685,
            745691,
            745699,
            745706,
            745709,
            745712,
            745715,
            745732,
            745734,
            745752,
            745754,
            745793,
            745808,
            745831,
            745868,
            745879,
            745884,
            745899,
            745902,
            745909,
            745913,
            745931,
            745956,
            745964,
            745970,
            745971,
            745980,
            746001,
            746007,
            746009,
            746015,
            746016,
            746027,
            746031,
            746035,
            746037,
            746040,
            746043,
            746045,
            746063,
            746088,
            746092,
            746093,
            746115,
            746127,
            746139,
            746140,
            746150,
            746163,
            746182,
            746195,
            746205,
            746206,
            746225,
            746241,
            746243,
            746254,
            746265,
            746281,
            746284,
            746285,
            746288,
            746316,
            746318,
            746354,
            746360,
            746362,
            746376,
            746389,
            746396,
            746402,
            746415,
            746416,
            746426,
            746436,
            746440,
            746449,
            746452,
            746455,
            746459,
            746466,
            746502,
            746505,
            746513,
            746523,
            746527,
            746555,
            746575,
            746589,
            746595,
            746599,
            746605,
            746611,
            746619,
            746621,
            746625,
            746637,
            746641,
            746642,
            746650,
            746663,
            746683,
            746698,
            746704,
            746714,
            746715,
            746738,
            746748,
            746763,
            746770,
            746798,
            746812,
            746818,
            746820,
            746850,
            746862,
            746872,
            746879,
            746897,
            746900,
            746924,
            746925,
            746940,
            746946,
            746951,
            746956,
            746959,
            746972,
            746989,
            746992,
            746998,
            746999,
            747041,
            747043,
            747057,
            747064,
            747065,
            747085,
            747094,
            747097,
            747112,
            747123,
            747135,
            747138,
            747143,
            747146,
            747147,
            747153,
            747154,
            747161,
            747179,
            747195,
            747197,
            747203,
            747208,
            747217,
            747224
          ]
        },
        "mean_total_all": 9.771099217785096,
        "mean_total_no_detected_fault": 9.64163979732842
      },
      {
        "flagged_games": 233,
        "no_detected_completion_fault": 2196,
        "flagged_fraction": 0.09592424866200082,
        "reasons": {
          "regulation_truncated": [
            744849,
            744865,
            745295,
            745503,
            745568,
            745655,
            745693,
            745821,
            745887,
            745893,
            745910,
            746052,
            746202,
            746228,
            746249,
            746371,
            746640,
            746685,
            746698,
            746709,
            746717,
            746758,
            746803,
            747012,
            747041,
            747082,
            747132,
            747214,
            747223
          ],
          "extra_truncated": [],
          "unresolved_tie": [],
          "skipped_extra_innings": [
            744817,
            744842,
            744858,
            744862,
            744889,
            744904,
            744907,
            744912,
            744916,
            744919,
            744975,
            745003,
            745040,
            745067,
            745071,
            745089,
            745125,
            745134,
            745135,
            745141,
            745152,
            745156,
            745167,
            745179,
            745188,
            745210,
            745212,
            745215,
            745219,
            745231,
            745240,
            745256,
            745257,
            745264,
            745273,
            745274,
            745285,
            745297,
            745306,
            745307,
            745330,
            745356,
            745371,
            745384,
            745402,
            745408,
            745411,
            745423,
            745428,
            745445,
            745469,
            745471,
            745480,
            745485,
            745486,
            745511,
            745516,
            745522,
            745541,
            745553,
            745560,
            745561,
            745567,
            745572,
            745584,
            745586,
            745610,
            745620,
            745623,
            745626,
            745636,
            745658,
            745659,
            745672,
            745684,
            745703,
            745704,
            745721,
            745723,
            745734,
            745739,
            745751,
            745758,
            745762,
            745769,
            745775,
            745778,
            745780,
            745790,
            745797,
            745798,
            745815,
            745819,
            745836,
            745847,
            745858,
            745862,
            745867,
            745869,
            745880,
            745901,
            745908,
            745913,
            745955,
            745990,
            745994,
            746004,
            746008,
            746009,
            746014,
            746015,
            746016,
            746030,
            746046,
            746073,
            746076,
            746085,
            746096,
            746113,
            746123,
            746135,
            746136,
            746137,
            746150,
            746175,
            746178,
            746186,
            746195,
            746197,
            746212,
            746228,
            746236,
            746245,
            746253,
            746261,
            746267,
            746273,
            746276,
            746293,
            746348,
            746350,
            746364,
            746366,
            746391,
            746394,
            746403,
            746409,
            746412,
            746426,
            746437,
            746471,
            746489,
            746507,
            746510,
            746531,
            746558,
            746559,
            746565,
            746572,
            746574,
            746584,
            746592,
            746594,
            746601,
            746619,
            746636,
            746650,
            746668,
            746687,
            746694,
            746722,
            746726,
            746727,
            746729,
            746783,
            746810,
            746812,
            746819,
            746833,
            746839,
            746844,
            746849,
            746863,
            746865,
            746907,
            746933,
            746990,
            747022,
            747049,
            747052,
            747053,
            747065,
            747084,
            747089,
            747100,
            747119,
            747129,
            747131,
            747133,
            747170,
            747172,
            747177,
            747178,
            747181,
            747224
          ]
        },
        "mean_total_all": 9.744750926307121,
        "mean_total_no_detected_fault": 9.70856102003643
      },
      {
        "flagged_games": 259,
        "no_detected_completion_fault": 2170,
        "flagged_fraction": 0.10662824207492795,
        "reasons": {
          "regulation_truncated": [
            744820,
            744849,
            744971,
            745364,
            745503,
            745582,
            745583,
            745655,
            745761,
            745910,
            745921,
            746002,
            746052,
            746161,
            746227,
            746362,
            746386,
            746412,
            746436,
            746466,
            746582,
            746885,
            746985,
            747040,
            747041,
            747168
          ],
          "extra_truncated": [],
          "unresolved_tie": [],
          "skipped_extra_innings": [
            744808,
            744814,
            744815,
            744820,
            744822,
            744829,
            744838,
            744848,
            744863,
            744867,
            744872,
            744883,
            744895,
            744910,
            744914,
            744915,
            744924,
            744934,
            744941,
            744952,
            744954,
            744957,
            744963,
            744974,
            744997,
            745003,
            745011,
            745021,
            745026,
            745033,
            745052,
            745062,
            745072,
            745080,
            745084,
            745093,
            745110,
            745112,
            745115,
            745124,
            745145,
            745149,
            745157,
            745165,
            745181,
            745190,
            745195,
            745202,
            745228,
            745232,
            745244,
            745259,
            745264,
            745266,
            745279,
            745288,
            745292,
            745295,
            745306,
            745310,
            745312,
            745320,
            745324,
            745325,
            745338,
            745368,
            745382,
            745385,
            745416,
            745417,
            745438,
            745455,
            745479,
            745487,
            745490,
            745501,
            745508,
            745533,
            745534,
            745538,
            745539,
            745546,
            745553,
            745577,
            745581,
            745582,
            745614,
            745616,
            745620,
            745631,
            745635,
            745649,
            745683,
            745693,
            745710,
            745724,
            745728,
            745730,
            745740,
            745748,
            745755,
            745763,
            745765,
            745770,
            745780,
            745788,
            745791,
            745797,
            745809,
            745814,
            745817,
            745819,
            745828,
            745850,
            745865,
            745873,
            745890,
            745891,
            745898,
            745900,
            745922,
            745923,
            745928,
            745931,
            745950,
            745959,
            745961,
            745971,
            745978,
            745979,
            746002,
            746003,
            746009,
            746019,
            746029,
            746047,
            746056,
            746061,
            746068,
            746114,
            746123,
            746132,
            746158,
            746159,
            746166,
            746194,
            746215,
            746217,
            746222,
            746232,
            746257,
            746261,
            746275,
            746279,
            746281,
            746297,
            746304,
            746305,
            746321,
            746330,
            746339,
            746341,
            746360,
            746363,
            746371,
            746373,
            746400,
            746412,
            746414,
            746425,
            746456,
            746484,
            746490,
            746508,
            746521,
            746531,
            746537,
            746551,
            746572,
            746587,
            746599,
            746600,
            746618,
            746632,
            746645,
            746669,
            746676,
            746683,
            746690,
            746727,
            746728,
            746735,
            746746,
            746755,
            746758,
            746759,
            746770,
            746793,
            746796,
            746808,
            746818,
            746821,
            746830,
            746870,
            746871,
            746881,
            746893,
            746894,
            746896,
            746932,
            746942,
            746954,
            746968,
            746978,
            746984,
            746986,
            746997,
            747011,
            747013,
            747027,
            747033,
            747036,
            747049,
            747097,
            747102,
            747105,
            747113,
            747117,
            747138,
            747141,
            747143,
            747148,
            747158,
            747159,
            747180,
            747203,
            747221
          ]
        },
        "mean_total_all": 9.694936187731576,
        "mean_total_no_detected_fault": 9.614285714285714
      }
    ],
    "simulation_changed": false,
    "headline_metrics_include_flagged_games": true,
    "note": "Diagnostic only. No detected fault is not certification of legal completion; observed lineup/staff policy and other modelling limitations remain. Filtered means are a sensitivity check, not an unbiased replacement benchmark."
  },
  "rate_export": {
    "path": "data/eval2/prod_rates_v27a_abcd_id_s42.npz",
    "players": 543,
    "max_pa_per_game": 90,
    "note": "Generated-outcome rates on the selected observed 2024 PA denominator."
  },
  "arrays_export": {
    "path": "data/eval2/calib_v27a_abcd_id_s42-observed-schedule_arrays.npz",
    "games": 2429,
    "reps": 5,
    "note": "Observed lineup/staff schedule; source rows cycle only if a generated half outlives its observed PA schedule. Not a pre-game roster/staff simulation."
  },
  "note": "Generated game state on observed lineup/staff schedule; a half that outlives its observed PA sources cycles those sources until a generated third out. Continuation PAs are excluded from the paired fixed-cohort rate export; not a pre-game roster/staff simulation.",
  "player_stats": {
    "n_batters": 382,
    "min_pa": 150,
    "stats": {
      "AVG": {
        "real_mean": 0.23902044238541253,
        "sim_mean": 0.24059745169504665,
        "mae": 0.025957393101452154,
        "corr": 0.2887633910369622
      },
      "OBP": {
        "real_mean": 0.3096612606472928,
        "sim_mean": 0.34021869167000773,
        "mae": 0.03788722463938932,
        "corr": 0.32407664107514805
      },
      "SLG": {
        "real_mean": 0.39053884214042284,
        "sim_mean": 0.40069811574900555,
        "mae": 0.05732632774588383,
        "corr": 0.2539508934957502
      },
      "K%": {
        "real_mean": 0.2260079387708535,
        "sim_mean": 0.20568619083097067,
        "mae": 0.04115190891830729,
        "corr": 0.6142362519791287
      },
      "BB%": {
        "real_mean": 0.08142517113076207,
        "sim_mean": 0.11751715013489888,
        "mae": 0.038240012369436284,
        "corr": 0.555640851544457
      },
      "HR%": {
        "real_mean": 0.029203748068456624,
        "sim_mean": 0.03298513350364163,
        "mae": 0.011715610969019935,
        "corr": 0.2928642500999789
      }
    },
    "coverage": {
      "AVG": {
        "50": 26.701570680628272,
        "90": 53.92670157068062,
        "95": 55.497382198952884
      },
      "OBP": {
        "50": 19.3717277486911,
        "90": 38.481675392670155,
        "95": 39.79057591623037
      },
      "SLG": {
        "50": 30.36649214659686,
        "90": 50.523560209424076,
        "95": 51.832460732984295
      },
      "K%": {
        "50": 12.041884816753926,
        "90": 29.31937172774869,
        "95": 30.36649214659686
      },
      "BB%": {
        "50": 7.329842931937172,
        "90": 20.418848167539267,
        "95": 22.25130890052356
      },
      "HR%": {
        "50": 21.98952879581152,
        "90": 45.0261780104712,
        "95": 48.167539267015705
      }
    }
  },
  "per_rep": {
    "total_mean": [
      9.622478386167147,
      9.714285714285714,
      9.771099217785096,
      9.744750926307121,
      9.694936187731576
    ],
    "home_win_rate": [
      0.5080279950596953,
      0.49361877315767805,
      0.4956772334293948,
      0.5154384520378756,
      0.49938246191848495
    ],
    "walkoff_rate": [
      0.0732811856731165,
      0.07904487443392343,
      0.07863318237958007,
      0.07204610951008646,
      0.08192671881432688
    ],
    "extra_rate": [
      0.09180732811856732,
      0.09715932482503088,
      0.09839440098806093,
      0.08439687114038699,
      0.09757101687937422
    ]
  }
}
saved -> data/runs/six_v27a_abcd_id_s42/games.json
