loading train seasons [2015, 2016, 2017, 2018, 2019, 2020, 2021, 2022, 2023], test 2024
pitchers=2257 batters=2498 parks=31 (index 0 reserved for unknown)
events table: 183,608 rows
game context file absent, running without environment
train seqs (58818, 160), pitches 7,241,262
test  seqs (7034, 160), pitches 859,258
C transition support coverage: {'train': {'eligible': 4467848, 'unsupported': 0}, 'test': {'eligible': 529133, 'unsupported': 7}}
baselines (test NLL): {'type': 1.9533794153352149, 'swing': 0.6611971050615835, 'contact': 0.5414490731373509, 'foul': 0.6920674288190509, 'hbp': 0.03379258994767147, 'called_strike': 0.6227946635758825, 'swing_marginal': 0.470123827457428}
D baselines: {'outcome': 0.9294074220728962, 'hr': 0.18019937752272222, 'launch': 3.0469807775732347, 'p_outcome': [0.6732682762857661, 0.20959105596950794, 0.06508426808922381, 0.0061777924219965875, 0.04587860723350555, 0.0]}
[shared] 8,079,399 total parameters (256,960 shared embeddings)
[shared] step 200/6000 all heads loss 914.5127 (247s)
[shared] step 400/6000 all heads loss 736.2012 (455s)
[shared] step 600/6000 all heads loss 741.2504 (669s)
[shared] step 800/6000 all heads loss 706.3250 (886s)
[shared] step 1000/6000 all heads loss 742.6189 (1098s)
[shared] step 1200/6000 all heads loss 565.2383 (1310s)
[shared] step 1400/6000 all heads loss 570.5677 (1522s)
[shared] step 1600/6000 all heads loss 687.4330 (1734s)
[shared] step 1800/6000 all heads loss 571.3420 (1946s)
[shared] step 2000/6000 all heads loss 606.0416 (2159s)
[shared] step 2200/6000 all heads loss 593.1682 (2371s)
[shared] step 2400/6000 all heads loss 534.7533 (2584s)
[shared] step 2600/6000 all heads loss 470.9872 (2797s)
[shared] step 2800/6000 all heads loss 573.4458 (3009s)
[shared] step 3000/6000 all heads loss 588.4226 (3221s)
[shared] step 3200/6000 all heads loss 590.8693 (3433s)
[shared] step 3400/6000 all heads loss 608.7284 (3645s)
[shared] step 3600/6000 all heads loss 542.9999 (3857s)
[shared] step 3800/6000 all heads loss 608.0896 (4069s)
[shared] step 4000/6000 all heads loss 556.0350 (4281s)
[shared] step 4200/6000 all heads loss 613.8680 (4494s)
[shared] step 4400/6000 all heads loss 570.1199 (4706s)
[shared] step 4600/6000 all heads loss 593.3601 (4918s)
[shared] step 4800/6000 all heads loss 536.5548 (5130s)
[shared] step 5000/6000 all heads loss 590.9592 (5342s)
[shared] step 5200/6000 all heads loss 573.5481 (5554s)
[shared] step 5400/6000 all heads loss 588.3613 (5765s)
[shared] step 5600/6000 all heads loss 566.4353 (5971s)
[shared] step 5800/6000 all heads loss 569.2352 (6175s)
[shared] step 6000/6000 all heads loss 527.1993 (6380s)
[shared/a] held-out: {'nll_stuff': 2.3738947858350867, 'nll_type': 1.4117926991784742, 'loss': 3.785687485013561, 'target_counts': {'nll_stuff': 709224.0, 'nll_type': 709224.0}}
[shared/b] held-out: {'nll_called_strike': 0.16893951424356363, 'nll_contact': 0.42657800946449836, 'nll_foul': 0.6589914314084907, 'nll_hbp': 0.013567184194923018, 'nll_swing': 0.42893741833194415, 'loss': 1.6970135576434198, 'target_counts': {'nll_called_strike': 711898.0, 'nll_contact': 340405.0, 'nll_foul': 261499.0, 'nll_hbp': 371493.0, 'nll_swing': 711898.0}}
[shared/c] held-out: {'nll_bundle': 0.10163225950126496, 'loss': 0.10163225950126496, 'target_counts': {'nll_bundle': 529126.0}}
[shared/d] held-out: {'nll_hr': 0.0564003495198411, 'nll_launch': 2.78671991842047, 'nll_outcome': 0.5601468621483335, 'loss': 3.3468667805688037, 'target_counts': {'nll_hr': 124207.0, 'nll_launch': 123830.0, 'nll_outcome': 124207.0}}

=== HELD-OUT IMPROVEMENT OVER BASELINE (nats/pitch, higher better) ===
  type      +0.5416
  swing     +0.2323
  contact   +0.1149
  foul      +0.0331
  hbp       +0.0202
  called_strike +0.4539
  bundle    +0.0436
  outcome   +0.3693
  hr        +0.1238
  launch    +0.2603
saved -> data/eval2/pitchformer_v27a_abcd_id_s42.json
