loading train seasons [2015, 2016, 2017, 2018, 2019, 2020, 2021, 2022, 2023], test 2024
pitchers=2257 batters=2498 parks=31 (index 0 reserved for unknown)
events table: 183,608 rows
game context file absent, running without environment
train seqs (58818, 160), pitches 7,241,262
test  seqs (7034, 160), pitches 859,258
C transition support coverage: {'train': {'eligible': 4467848, 'unsupported': 0}, 'test': {'eligible': 529133, 'unsupported': 7}}
baselines (test NLL): {'type': 1.9533794153352149, 'swing': 0.6611971050615835, 'contact': 0.5414490731373509, 'foul': 0.6920674288190509, 'hbp': 0.03379258994767147, 'called_strike': 0.6227946635758825, 'swing_marginal': 0.470123827457428}
D baselines: {'outcome': 0.9294074220728962, 'hr': 0.18019937752272222, 'launch': 3.0469807775732347, 'p_outcome': [0.6732682762857661, 0.20959105596950794, 0.06508426808922381, 0.0061777924219965875, 0.04587860723350555, 0.0]}
Jax plugin configuration error: Exception when calling jax_plugins.xla_cuda12.initialize()
Traceback (most recent call last):
  File "/home/jaden/Documents/Baseball/.venv/lib/python3.12/site-packages/jax/_src/xla_bridge.py", line 495, in discover_pjrt_plugins
    plugin_module.initialize()
  File "/home/jaden/Documents/Baseball/.venv/lib/python3.12/site-packages/jax_plugins/xla_cuda12/__init__.py", line 370, in initialize
    _check_cuda_versions(raise_on_first_error = True)
  File "/home/jaden/Documents/Baseball/.venv/lib/python3.12/site-packages/jax_plugins/xla_cuda12/__init__.py", line 274, in _check_cuda_versions
    for d in range(cuda_versions.cuda_device_count())
                   ^^^^^^^^^^^^^^^^^^^^^^^^^^^^^^^^^
RuntimeError: jaxlib/cuda/versions_helpers.cc:135: operation cuInit(0) failed: CUDA_ERROR_NO_DEVICE
[shared] 8,079,399 total parameters (256,960 shared embeddings)
(0 <= -47) is statically false.
