/home/jaden/Documents/Baseball/diamondworldjax/scripts/simulator_benchmarks.py:40: RuntimeWarning: divide by zero encountered in scalar divide
  return np.where(ml > 0, 100.0 / (ml + 100.0), -ml / (-ml + 100.0))
SIMULATOR BENCHMARKS (v26a_abcd_id_s42-observed-schedule) — 2429 games, 2376 decided

1. WIN PROBABILITY (home), lower log-loss / Brier better, higher AUC better:
   model                       n   logloss    brier     AUC     ECE
   base rate (home 0.521)   2376    0.6923   0.2496       -       -
   DiamondWorld sim         2376    0.7656   0.2833   0.415   0.142
   Log5 (Pythagorean)       2376    0.6709   0.2391   0.617   0.019
   Market (devig close)     2302    0.6707   0.2391   0.614   0.019
   (common set n=2302: sim logloss 0.7653, Log5 0.6700, market 0.6707)

2. RUN-TOTAL DISTRIBUTION. mean/variance and how well each covers reality:
   real total: mean 8.63  var 18.24
   model                        mean     var  P(>=10)  P(<=5)  logscore
   real (empirical)             8.63   18.24    0.366   0.261         -
   DiamondWorld sim             9.98   20.84    0.491   0.179     2.992
   independent 2-Poisson        9.97    9.52    0.529   0.082     2.973
   league neg-binomial          8.65   17.47    0.374   0.246     2.958

   central-interval coverage (should equal the nominal level):
   model                          50%     80%     90%
   DiamondWorld sim             0.496   0.754   0.840
   independent 2-Poisson        0.363   0.574   0.669
   league neg-binomial          0.503   0.757   0.856

   randomized-PIT uniformity (KS distance from Uniform, lower = better calibrated):
   DiamondWorld sim           KS 0.1249
   independent 2-Poisson      KS 0.2297
   league neg-binomial        KS 0.0403

   overdispersion: sim within-game total variance is 2.09x the independent-Poisson
   value (var = mean); real is 2.11x. The summed model cannot produce this.
