Preparing immutable observed pitch schedules...

--- Rep 1/5 (seed=97) ---

--- Rep 2/5 (seed=1000100) ---

--- Rep 3/5 (seed=2000103) ---

--- Rep 4/5 (seed=3000106) ---

--- Rep 5/5 (seed=4000109) ---

=== Held-out next-pitch resolution (B+D) ===
  n=708908  NLL=0.6691  Brier=0.3346
  conditioning: observed pitch + prior history; launch marginalized; includes continuation

=== Marginal outcome calibration ===
  outcome   real%    sim%   ratio      recal
       K   22.58   20.75   0.919     0.0846
      BB    8.18   13.11   1.602    -0.4715
     HBP    1.11    1.18   1.066    -0.0638
      1B   14.20   13.99   0.985     0.0149
      2B    4.26    3.48   0.817     0.2027
      3B    0.38    0.27   0.701     0.3554
      HR    2.99    3.28   1.096    -0.0917
     out   46.30   43.95   0.949     0.0521
       E    0.00    0.00     nan        nan

=== Score distribution ===
                   real      sim
  mean             8.63 10.30 +/- 0.05
  std              4.27     4.86
  median            8.0     10.0
  shutout%         13.4      9.2
  blowout%         28.3     31.7

=== Runs-by-inning fraction (fatigue shape test) ===
  inning   1    2    3    4    5    6    7    8    9   | late(6-9)
  real  11.7 10.8 11.7 11.8 11.9 11.8 11.0 11.0  8.2  | 42.0%
  sim   12.4 11.5 11.3 11.6 11.3 11.5 11.5 11.5  7.4  | 41.8%

=== ABCD PITCHFORMER GAME EVAL (2429 games, 5 reps, 6132s) ===
  runs/game   real 8.63   sim 10.30 +/- 0.05
  home runs/g 5.01 +/- 0.03   away 5.29 +/- 0.02   home-win 49.9 +/- 0.9%  (ties 0)
  extras      real 8.9%   sim 8.4 +/- 0.7%   walk-offs 7.0 +/- 0.6%
  truncated half-innings: 27
  extra half-innings: 9.6   unresolved: 0.0

=== Sampling consistency only (generated B+D, 187913 terminal PAs) ===
  mean=0.4988  std=0.2885  (ideal: mean=0.5, std=0.2887)
  KS stat=0.0029  p=0.09427
  PIT histogram (10 bins, expected 18791 each):
    18748  18881  19140  18864  18799  18821  18621  18571  18818  18650
     1.00   1.00   1.02   1.00   1.00   1.00   0.99   0.99   1.00   0.99

=== Player-level via ABCD game eval (382 batters >= 150 PA) ===
  stat      real      sim      MAE    corr
  AVG     0.2390   0.2498   0.0277   0.280
  OBP     0.3097   0.3546   0.0493   0.178
  SLG     0.3905   0.4126   0.0620   0.151
  K%      0.2260   0.1951   0.0442   0.649
  BB%     0.0814   0.1270   0.0471   0.438
  HR%     0.0292   0.0330   0.0123   0.115

=== Coverage (5 reps, 382 batters) ===
  stat    cov50%   cov90%   cov95%
  AVG       24.1     49.0     51.0
  OBP       12.8     24.1     26.4
  SLG       23.6     47.9     51.8
  K%        14.9     29.8     32.7
  BB%        6.5     14.9     15.7
  HR%       21.5     42.4     44.0
saved paired-rate artifact -> data/eval2/prod_rates_v27b_abcd_bayesian_s97.npz
saved benchmark arrays -> data/eval2/calib_v27b_abcd_bayesian_s97-observed-schedule_arrays.npz
{
  "tag": "v27b_abcd_bayesian_s97",
  "season": 2024,
  "c_events": true,
  "games": 2429,
  "reps": 5,
  "elapsed_s": 6132.297668218613,
  "truncated_half_innings": 27,
  "batch_games": 256,
  "total_mean": 10.303417044051049,
  "total_std": 0.047063442911662576,
  "home_mean": 5.013997529847674,
  "away_mean": 5.289419514203376,
  "home_win_rate": 0.49855907780979825,
  "real_total_mean": 8.634829147797447,
  "score_dist": {
    "sim_std": 4.862209303161882,
    "sim_median": 10.0,
    "sim_shutout_rate": 9.230135858377933,
    "sim_blowout_rate": 31.73322354878551,
    "real_std": 4.270741335866924,
    "real_median": 8.0,
    "real_shutout_rate": 13.421160971593249,
    "real_blowout_rate": 28.324413338822563
  },
  "pa_outcomes_sim": {
    "K": 39487.0,
    "BB": 24952.0,
    "HBP": 2245.8,
    "1B": 26619.8,
    "2B": 6618.6,
    "3B": 509.6,
    "HR": 6234.4,
    "out": 83643.2,
    "E": 1.6
  },
  "pa_outcomes_real": {
    "K": 41197.0,
    "BB": 14929.0,
    "HBP": 2020.0,
    "1B": 25902.0,
    "2B": 7771.0,
    "3B": 697.0,
    "HR": 5453.0,
    "out": 84480.0,
    "E": 0.0
  },
  "runs_by_inning_frac_sim": [
    0.1238982561734757,
    0.11498536504926413,
    0.11318794574761924,
    0.11637877726017232,
    0.113080760192934,
    0.11480397411056603,
    0.11540586222533702,
    0.11456486787319124,
    0.07369419136744032
  ],
  "runs_by_inning_frac_real": [
    0.11716795054217163,
    0.10794367302880134,
    0.11741327707178255,
    0.1183945831902262,
    0.11927775869682547,
    0.11760953829547127,
    0.11020067710122172,
    0.11044600363083264,
    0.0815465384426672
  ],
  "extra_runs_per_game": 0.3170028818443804,
  "sim_extra_rate": 8.414985590778098,
  "real_extra_rate": 8.892548373816386,
  "walkoff_rate": 7.023466447097572,
  "n_ties_mean": 0.0,
  "n_extra_half_innings_mean": 9.6,
  "n_unresolved_mean": 0.0,
  "events": [
    1887.2,
    356.0,
    129.4,
    2778.6,
    412.0,
    11420.8,
    48.0,
    436.8
  ],
  "simulation_consistency": {
    "n": 187913,
    "histogram": [
      18748,
      18881,
      19140,
      18864,
      18799,
      18821,
      18621,
      18571,
      18818,
      18650
    ],
    "bin_edges": [
      0.0,
      0.1,
      0.2,
      0.30000000000000004,
      0.4,
      0.5,
      0.6000000000000001,
      0.7000000000000001,
      0.8,
      0.9,
      1.0
    ],
    "chi2": 12.556454316625247,
    "ks_stat": 0.002850050164264095,
    "ks_pvalue": 0.09426798480216592,
    "mean": 0.49880740141084173,
    "std": 0.28853621488587433
  },
  "heldout_pitch_calibration": {
    "scope": "heldout_next_pitch_resolution",
    "n": 708908,
    "conditioning": "observed pitch and prior history; launch marginalized; includes continuation",
    "nll": 0.669081997371077,
    "brier": 0.33461543393112325,
    "pit_histogram": [
      72052,
      71271,
      70391,
      70118,
      70569,
      71173,
      70694,
      70757,
      70772,
      71111
    ],
    "predicted_rates": [
      0.05704781637051208,
      0.019719062747487994,
      0.0025403188256549764,
      0.03762331686871628,
      0.009084767202257328,
      0.0007347871071822027,
      0.008387910886011386,
      0.1200862641106268,
      1.2924941328564704e-06,
      0.7447744633874255
    ],
    "observed_rates": [
      0.05803150761452826,
      0.02027625587523346,
      0.0028494529614562117,
      0.036518137755533864,
      0.010961930179938722,
      0.0009817917134522392,
      0.007687880514819977,
      0.11912829309303886,
      0.0,
      0.7435647502919984
    ],
    "launch_samples": 16
  },
  "skill_policy": {
    "mode": "sample",
    "resample_per_rep": true,
    "skill_seeds": [
      2147483744,
      2148483747,
      2149483750,
      2150483753,
      2151483756
    ],
    "calibration_mode": "posterior_mean_skills",
    "source_world": null
  },
  "completion_diagnostics": {
    "per_rep": [
      {
        "flagged_games": 213,
        "no_detected_completion_fault": 2216,
        "flagged_fraction": 0.0876904075751338,
        "reasons": {
          "regulation_truncated": [
            744796,
            744820,
            744843,
            744865,
            744954,
            745014,
            745151,
            745241,
            745246,
            745277,
            745429,
            745503,
            745522,
            745893,
            745898,
            745919,
            745972,
            745976,
            746044,
            746052,
            746156,
            746174,
            746335,
            746362,
            746476,
            746479,
            746638,
            746753,
            747015,
            747132,
            747168,
            747214
          ],
          "extra_truncated": [],
          "unresolved_tie": [],
          "skipped_extra_innings": [
            744801,
            744807,
            744851,
            744854,
            744867,
            744875,
            744879,
            744895,
            744898,
            744900,
            744906,
            744909,
            744916,
            744918,
            744920,
            744927,
            744931,
            744941,
            744959,
            744960,
            744987,
            744991,
            745006,
            745027,
            745029,
            745037,
            745048,
            745051,
            745083,
            745102,
            745115,
            745119,
            745124,
            745128,
            745130,
            745131,
            745147,
            745158,
            745169,
            745173,
            745207,
            745225,
            745227,
            745251,
            745254,
            745264,
            745266,
            745271,
            745287,
            745315,
            745322,
            745329,
            745334,
            745382,
            745423,
            745425,
            745445,
            745446,
            745450,
            745472,
            745497,
            745503,
            745516,
            745529,
            745531,
            745555,
            745559,
            745563,
            745575,
            745587,
            745589,
            745603,
            745616,
            745621,
            745632,
            745647,
            745653,
            745698,
            745700,
            745704,
            745771,
            745774,
            745807,
            745820,
            745847,
            745852,
            745854,
            745879,
            745881,
            745896,
            745907,
            745912,
            745922,
            745930,
            745931,
            745935,
            745945,
            745983,
            746017,
            746022,
            746054,
            746063,
            746096,
            746100,
            746106,
            746127,
            746129,
            746132,
            746137,
            746139,
            746145,
            746150,
            746165,
            746202,
            746209,
            746211,
            746218,
            746241,
            746255,
            746268,
            746281,
            746282,
            746290,
            746291,
            746305,
            746309,
            746322,
            746364,
            746376,
            746416,
            746418,
            746444,
            746460,
            746475,
            746489,
            746498,
            746501,
            746535,
            746539,
            746569,
            746575,
            746579,
            746604,
            746608,
            746639,
            746642,
            746664,
            746666,
            746691,
            746709,
            746710,
            746717,
            746724,
            746738,
            746754,
            746762,
            746824,
            746830,
            746845,
            746862,
            746863,
            746875,
            746918,
            746943,
            746957,
            746962,
            746967,
            746980,
            746994,
            747044,
            747045,
            747056,
            747077,
            747099,
            747121,
            747129,
            747158,
            747160,
            747173,
            747179,
            747192,
            747205
          ]
        },
        "mean_total_all": 10.326883491148621,
        "mean_total_no_detected_fault": 10.182761732851986
      },
      {
        "flagged_games": 221,
        "no_detected_completion_fault": 2208,
        "flagged_fraction": 0.09098394400988061,
        "reasons": {
          "regulation_truncated": [
            745230,
            745244,
            745404,
            745429,
            745655,
            746052,
            746184,
            746337,
            746420,
            746458,
            746492,
            746709,
            746721,
            746763,
            746885,
            747168,
            747210
          ],
          "extra_truncated": [],
          "unresolved_tie": [],
          "skipped_extra_innings": [
            744797,
            744800,
            744805,
            744820,
            744821,
            744843,
            744852,
            744859,
            744861,
            744875,
            744910,
            744925,
            744931,
            744934,
            744935,
            744936,
            744938,
            744959,
            744962,
            744986,
            745007,
            745039,
            745041,
            745050,
            745055,
            745058,
            745059,
            745061,
            745073,
            745085,
            745089,
            745091,
            745098,
            745135,
            745140,
            745153,
            745161,
            745173,
            745174,
            745177,
            745182,
            745200,
            745209,
            745217,
            745236,
            745239,
            745268,
            745276,
            745296,
            745298,
            745310,
            745311,
            745313,
            745324,
            745334,
            745347,
            745371,
            745420,
            745435,
            745439,
            745451,
            745458,
            745462,
            745475,
            745485,
            745492,
            745509,
            745521,
            745548,
            745602,
            745619,
            745629,
            745666,
            745667,
            745685,
            745714,
            745716,
            745722,
            745728,
            745731,
            745741,
            745772,
            745781,
            745783,
            745787,
            745803,
            745809,
            745811,
            745840,
            745848,
            745851,
            745856,
            745885,
            745888,
            745895,
            745915,
            745936,
            745947,
            745995,
            745998,
            746002,
            746008,
            746021,
            746046,
            746064,
            746079,
            746090,
            746097,
            746106,
            746113,
            746114,
            746118,
            746130,
            746170,
            746172,
            746185,
            746187,
            746200,
            746209,
            746220,
            746231,
            746246,
            746278,
            746292,
            746312,
            746318,
            746361,
            746365,
            746374,
            746382,
            746388,
            746403,
            746406,
            746407,
            746416,
            746417,
            746431,
            746433,
            746438,
            746449,
            746470,
            746477,
            746492,
            746525,
            746529,
            746537,
            746544,
            746560,
            746588,
            746590,
            746595,
            746611,
            746615,
            746644,
            746645,
            746660,
            746687,
            746694,
            746698,
            746710,
            746718,
            746722,
            746735,
            746759,
            746760,
            746784,
            746807,
            746813,
            746815,
            746838,
            746848,
            746850,
            746891,
            746913,
            746970,
            746977,
            746980,
            746982,
            747005,
            747009,
            747016,
            747020,
            747024,
            747034,
            747042,
            747045,
            747048,
            747052,
            747055,
            747058,
            747062,
            747067,
            747073,
            747118,
            747135,
            747139,
            747140,
            747141,
            747157,
            747163,
            747165,
            747177,
            747184,
            747198,
            747218
          ]
        },
        "mean_total_all": 10.267188143268834,
        "mean_total_no_detected_fault": 10.190670289855072
      },
      {
        "flagged_games": 224,
        "no_detected_completion_fault": 2205,
        "flagged_fraction": 0.09221902017291066,
        "reasons": {
          "regulation_truncated": [
            744830,
            744865,
            745001,
            745364,
            745367,
            745429,
            745486,
            745503,
            745582,
            745583,
            745655,
            745785,
            745981,
            746162,
            746207,
            746255,
            746449,
            746479,
            746640,
            746642,
            746885,
            747041,
            747104,
            747136,
            747194
          ],
          "extra_truncated": [],
          "unresolved_tie": [],
          "skipped_extra_innings": [
            744800,
            744802,
            744813,
            744826,
            744827,
            744845,
            744854,
            744861,
            744867,
            744893,
            744896,
            744905,
            744907,
            744925,
            744927,
            744969,
            744972,
            744973,
            744974,
            744991,
            745000,
            745007,
            745018,
            745022,
            745029,
            745038,
            745039,
            745065,
            745068,
            745069,
            745096,
            745124,
            745128,
            745133,
            745151,
            745178,
            745180,
            745200,
            745213,
            745217,
            745238,
            745250,
            745252,
            745255,
            745259,
            745276,
            745290,
            745295,
            745330,
            745341,
            745357,
            745364,
            745377,
            745386,
            745390,
            745411,
            745413,
            745429,
            745444,
            745473,
            745476,
            745492,
            745522,
            745530,
            745534,
            745552,
            745559,
            745560,
            745567,
            745569,
            745579,
            745587,
            745589,
            745596,
            745603,
            745609,
            745618,
            745638,
            745641,
            745651,
            745666,
            745673,
            745690,
            745718,
            745757,
            745767,
            745774,
            745787,
            745798,
            745820,
            745822,
            745858,
            745877,
            745883,
            745912,
            745922,
            745962,
            745968,
            745973,
            745974,
            745982,
            745990,
            745992,
            746020,
            746022,
            746029,
            746045,
            746046,
            746146,
            746151,
            746156,
            746206,
            746208,
            746216,
            746234,
            746235,
            746242,
            746252,
            746261,
            746263,
            746276,
            746279,
            746283,
            746297,
            746315,
            746320,
            746344,
            746345,
            746348,
            746363,
            746364,
            746370,
            746376,
            746388,
            746396,
            746427,
            746441,
            746464,
            746470,
            746475,
            746477,
            746490,
            746518,
            746537,
            746561,
            746564,
            746565,
            746571,
            746574,
            746591,
            746594,
            746622,
            746649,
            746660,
            746683,
            746698,
            746699,
            746707,
            746711,
            746725,
            746736,
            746751,
            746754,
            746769,
            746799,
            746809,
            746814,
            746817,
            746826,
            746835,
            746839,
            746851,
            746864,
            746869,
            746874,
            746898,
            746940,
            746946,
            746959,
            746971,
            746973,
            747013,
            747016,
            747043,
            747055,
            747058,
            747062,
            747073,
            747086,
            747087,
            747121,
            747128,
            747135,
            747147,
            747165,
            747167,
            747172,
            747185,
            747193,
            747197,
            747216
          ]
        },
        "mean_total_all": 10.258954302181968,
        "mean_total_no_detected_fault": 10.193197278911565
      },
      {
        "flagged_games": 232,
        "no_detected_completion_fault": 2197,
        "flagged_fraction": 0.09551255660765748,
        "reasons": {
          "regulation_truncated": [
            744820,
            744824,
            744914,
            744973,
            745269,
            745364,
            745373,
            745441,
            745535,
            745655,
            745737,
            745821,
            745982,
            746052,
            746072,
            746162,
            746181,
            746207,
            746228,
            746255,
            746326,
            746428,
            746502,
            746660,
            746709,
            746774,
            746853,
            746885,
            746913,
            747013,
            747041,
            747051,
            747104,
            747165,
            747193,
            747196,
            747199
          ],
          "extra_truncated": [],
          "unresolved_tie": [],
          "skipped_extra_innings": [
            744798,
            744799,
            744802,
            744829,
            744834,
            744837,
            744840,
            744841,
            744847,
            744875,
            744887,
            744906,
            744913,
            744918,
            744923,
            744959,
            744963,
            744966,
            744968,
            744981,
            744990,
            745010,
            745011,
            745016,
            745035,
            745046,
            745049,
            745061,
            745071,
            745099,
            745115,
            745132,
            745145,
            745172,
            745173,
            745191,
            745193,
            745194,
            745197,
            745203,
            745206,
            745210,
            745215,
            745217,
            745223,
            745230,
            745237,
            745258,
            745275,
            745281,
            745284,
            745288,
            745304,
            745307,
            745326,
            745332,
            745341,
            745343,
            745346,
            745351,
            745359,
            745364,
            745369,
            745376,
            745386,
            745391,
            745393,
            745420,
            745441,
            745452,
            745467,
            745474,
            745475,
            745476,
            745512,
            745518,
            745522,
            745528,
            745545,
            745567,
            745589,
            745597,
            745623,
            745641,
            745654,
            745668,
            745685,
            745713,
            745716,
            745734,
            745738,
            745751,
            745759,
            745765,
            745780,
            745790,
            745813,
            745855,
            745856,
            745863,
            745875,
            745918,
            745920,
            745934,
            745947,
            745965,
            745979,
            745982,
            745985,
            745986,
            745999,
            746021,
            746022,
            746025,
            746034,
            746036,
            746045,
            746047,
            746048,
            746063,
            746093,
            746101,
            746105,
            746117,
            746122,
            746128,
            746143,
            746160,
            746163,
            746176,
            746180,
            746221,
            746231,
            746247,
            746251,
            746264,
            746286,
            746312,
            746331,
            746332,
            746352,
            746415,
            746428,
            746451,
            746453,
            746484,
            746498,
            746504,
            746509,
            746521,
            746558,
            746562,
            746576,
            746581,
            746614,
            746625,
            746634,
            746665,
            746668,
            746677,
            746685,
            746702,
            746704,
            746711,
            746731,
            746740,
            746755,
            746756,
            746774,
            746825,
            746849,
            746860,
            746865,
            746870,
            746878,
            746884,
            746912,
            746922,
            746923,
            746930,
            746937,
            746940,
            746949,
            746955,
            746970,
            747002,
            747036,
            747055,
            747063,
            747067,
            747082,
            747114,
            747121,
            747129,
            747151,
            747156,
            747166,
            747190,
            747191,
            747223
          ]
        },
        "mean_total_all": 10.384932070811033,
        "mean_total_no_detected_fault": 10.25034137460173
      },
      {
        "flagged_games": 253,
        "no_detected_completion_fault": 2176,
        "flagged_fraction": 0.10415808974886785,
        "reasons": {
          "regulation_truncated": [
            744806,
            744829,
            744866,
            744921,
            745051,
            745141,
            745291,
            745441,
            745503,
            745655,
            745838,
            745865,
            745910,
            745945,
            746056,
            746207,
            746228,
            746326,
            746341,
            746421,
            746566,
            746633,
            746803,
            747214
          ],
          "extra_truncated": [],
          "unresolved_tie": [],
          "skipped_extra_innings": [
            744802,
            744809,
            744812,
            744818,
            744837,
            744842,
            744848,
            744854,
            744859,
            744871,
            744889,
            744891,
            744911,
            744916,
            744936,
            744951,
            744959,
            744964,
            744966,
            744968,
            744971,
            744972,
            744974,
            744976,
            745004,
            745006,
            745018,
            745026,
            745027,
            745029,
            745030,
            745043,
            745048,
            745058,
            745063,
            745064,
            745072,
            745077,
            745094,
            745128,
            745135,
            745153,
            745162,
            745164,
            745170,
            745172,
            745195,
            745197,
            745230,
            745244,
            745275,
            745288,
            745334,
            745352,
            745370,
            745379,
            745380,
            745384,
            745395,
            745403,
            745405,
            745411,
            745436,
            745438,
            745453,
            745467,
            745468,
            745489,
            745503,
            745508,
            745524,
            745556,
            745562,
            745566,
            745583,
            745584,
            745589,
            745613,
            745614,
            745629,
            745632,
            745633,
            745655,
            745663,
            745674,
            745684,
            745690,
            745714,
            745717,
            745728,
            745736,
            745763,
            745785,
            745789,
            745792,
            745796,
            745805,
            745806,
            745809,
            745812,
            745815,
            745828,
            745832,
            745847,
            745854,
            745857,
            745874,
            745892,
            745898,
            745907,
            745918,
            745928,
            745931,
            745953,
            745962,
            745964,
            745965,
            745991,
            746003,
            746009,
            746015,
            746048,
            746055,
            746057,
            746065,
            746071,
            746074,
            746079,
            746081,
            746096,
            746109,
            746122,
            746141,
            746156,
            746171,
            746177,
            746181,
            746189,
            746191,
            746202,
            746228,
            746232,
            746239,
            746249,
            746250,
            746255,
            746268,
            746286,
            746296,
            746303,
            746321,
            746324,
            746326,
            746341,
            746343,
            746351,
            746385,
            746390,
            746401,
            746432,
            746451,
            746454,
            746472,
            746474,
            746477,
            746479,
            746490,
            746496,
            746505,
            746530,
            746549,
            746550,
            746556,
            746562,
            746565,
            746612,
            746614,
            746615,
            746618,
            746627,
            746632,
            746639,
            746657,
            746665,
            746677,
            746678,
            746680,
            746681,
            746684,
            746686,
            746713,
            746736,
            746761,
            746769,
            746770,
            746778,
            746782,
            746806,
            746807,
            746813,
            746816,
            746844,
            746849,
            746854,
            746859,
            746899,
            746900,
            746902,
            746917,
            746952,
            746970,
            746987,
            747010,
            747018,
            747020,
            747034,
            747036,
            747038,
            747042,
            747045,
            747047,
            747048,
            747054,
            747063,
            747079,
            747083,
            747092,
            747134,
            747148,
            747156,
            747173,
            747174,
            747205,
            747221
          ]
        },
        "mean_total_all": 10.279127212844791,
        "mean_total_no_detected_fault": 10.130514705882353
      }
    ],
    "simulation_changed": false,
    "headline_metrics_include_flagged_games": true,
    "note": "Diagnostic only. No detected fault is not certification of legal completion; observed lineup/staff policy and other modelling limitations remain. Filtered means are a sensitivity check, not an unbiased replacement benchmark."
  },
  "rate_export": {
    "path": "data/eval2/prod_rates_v27b_abcd_bayesian_s97.npz",
    "players": 543,
    "max_pa_per_game": 90,
    "note": "Generated-outcome rates on the selected observed 2024 PA denominator."
  },
  "arrays_export": {
    "path": "data/eval2/calib_v27b_abcd_bayesian_s97-observed-schedule_arrays.npz",
    "games": 2429,
    "reps": 5,
    "note": "Observed lineup/staff schedule; source rows cycle only if a generated half outlives its observed PA schedule. Not a pre-game roster/staff simulation."
  },
  "note": "Generated game state on observed lineup/staff schedule; a half that outlives its observed PA sources cycles those sources until a generated third out. Continuation PAs are excluded from the paired fixed-cohort rate export; not a pre-game roster/staff simulation.",
  "player_stats": {
    "n_batters": 382,
    "min_pa": 150,
    "stats": {
      "AVG": {
        "real_mean": 0.23902044238541253,
        "sim_mean": 0.24984346279059233,
        "mae": 0.02767801432058582,
        "corr": 0.2802362384402316
      },
      "OBP": {
        "real_mean": 0.3096612606472928,
        "sim_mean": 0.35455664243779156,
        "mae": 0.04934995656392208,
        "corr": 0.17800668939934952
      },
      "SLG": {
        "real_mean": 0.39053884214042284,
        "sim_mean": 0.4126005224479338,
        "mae": 0.062025473205860104,
        "corr": 0.15106233277081252
      },
      "K%": {
        "real_mean": 0.2260079387708535,
        "sim_mean": 0.19508930009987893,
        "mae": 0.044193356420834704,
        "corr": 0.6488307990580258
      },
      "BB%": {
        "real_mean": 0.08142517113076207,
        "sim_mean": 0.12704392528922456,
        "mae": 0.04710243630017185,
        "corr": 0.43836104653600094
      },
      "HR%": {
        "real_mean": 0.029203748068456624,
        "sim_mean": 0.03300034339480034,
        "mae": 0.01228347043499967,
        "corr": 0.11503854020290803
      }
    },
    "coverage": {
      "AVG": {
        "50": 24.083769633507853,
        "90": 48.952879581151834,
        "95": 51.047120418848166
      },
      "OBP": {
        "50": 12.827225130890053,
        "90": 24.083769633507853,
        "95": 26.439790575916227
      },
      "SLG": {
        "50": 23.56020942408377,
        "90": 47.90575916230366,
        "95": 51.832460732984295
      },
      "K%": {
        "50": 14.921465968586386,
        "90": 29.84293193717277,
        "95": 32.72251308900523
      },
      "BB%": {
        "50": 6.544502617801047,
        "90": 14.921465968586386,
        "95": 15.706806282722512
      },
      "HR%": {
        "50": 21.465968586387437,
        "90": 42.40837696335078,
        "95": 43.97905759162304
      }
    }
  },
  "per_rep": {
    "total_mean": [
      10.326883491148621,
      10.267188143268834,
      10.258954302181968,
      10.384932070811033,
      10.279127212844791
    ],
    "home_win_rate": [
      0.5088513791683821,
      0.48291477974475094,
      0.5022643062988884,
      0.500617538081515,
      0.4981473857554549
    ],
    "walkoff_rate": [
      0.06175380815150268,
      0.06587072869493618,
      0.07204610951008646,
      0.07616303005351997,
      0.07533964594483326
    ],
    "extra_rate": [
      0.07492795389048991,
      0.08439687114038699,
      0.08275010292301359,
      0.08233841086867023,
      0.09633594071634417
    ]
  }
}
saved -> data/runs/six_v27b_abcd_bayesian_s97/games.json
