Preparing immutable observed pitch schedules...

--- Rep 1/5 (seed=42) ---

--- Rep 2/5 (seed=1000045) ---

--- Rep 3/5 (seed=2000048) ---

--- Rep 4/5 (seed=3000051) ---

--- Rep 5/5 (seed=4000054) ---

=== Held-out next-pitch resolution (B+D) ===
  n=708908  NLL=0.6595  Brier=0.3285
  conditioning: observed pitch + prior history; launch marginalized; includes continuation

=== Marginal outcome calibration ===
  outcome   real%    sim%   ratio      recal
       K   22.58   22.88   1.013    -0.0131
      BB    8.18   11.61   1.419    -0.3499
     HBP    1.11    1.29   1.165    -0.1529
      1B   14.20   12.91   0.909     0.0954
      2B    4.26    3.13   0.734     0.3092
      3B    0.38    0.23   0.602     0.5083
      HR    2.99    2.69   0.899     0.1065
     out   46.30   45.27   0.978     0.0225
       E    0.00    0.00     nan        nan

=== Score distribution ===
                   real      sim
  mean             8.63 8.10 +/- 0.08
  std              4.27     4.19
  median            8.0      7.0
  shutout%         13.4     17.7
  blowout%         28.3     26.8

=== Runs-by-inning fraction (fatigue shape test) ===
  inning   1    2    3    4    5    6    7    8    9   | late(6-9)
  real  11.7 10.8 11.7 11.8 11.9 11.8 11.0 11.0  8.2  | 42.0%
  sim   12.9 10.9 11.2 11.8 11.3 11.7 11.7 11.5  6.9  | 41.9%

=== ABCD PITCHFORMER GAME EVAL (2429 games, 5 reps, 5402s) ===
  runs/game   real 8.63   sim 8.10 +/- 0.08
  home runs/g 3.96 +/- 0.06   away 4.14 +/- 0.06   home-win 50.1 +/- 1.3%  (ties 0)
  extras      real 8.9%   sim 10.2 +/- 0.4%   walk-offs 7.8 +/- 0.6%
  truncated half-innings: 23
  extra half-innings: 10.8   unresolved: 0.2

=== Sampling consistency only (generated B+D, 179744 terminal PAs) ===
  mean=0.4997  std=0.2888  (ideal: mean=0.5, std=0.2887)
  KS stat=0.0019  p=0.5043
  PIT histogram (10 bins, expected 17974 each):
    17911  18015  18226  17961  17860  17920  17995  17970  17823  18063
     1.00   1.00   1.01   1.00   0.99   1.00   1.00   1.00   0.99   1.00

=== Player-level via ABCD game eval (382 batters >= 150 PA) ===
  stat      real      sim      MAE    corr
  AVG     0.2390   0.2284   0.0269   0.324
  OBP     0.3097   0.3295   0.0312   0.417
  SLG     0.3905   0.3678   0.0563   0.330
  K%      0.2260   0.2135   0.0325   0.762
  BB%     0.0814   0.1171   0.0372   0.663
  HR%     0.0292   0.0277   0.0099   0.480

=== Coverage (5 reps, 382 batters) ===
  stat    cov50%   cov90%   cov95%
  AVG       26.2     53.9     56.0
  OBP       23.8     47.1     49.5
  SLG       24.9     52.9     54.7
  K%        21.2     39.5     42.4
  BB%        7.9     18.1     19.9
  HR%       24.9     47.6     49.2
saved paired-rate artifact -> data/eval2/prod_rates_v27a_pa_abcd_s42_abcd.npz
saved benchmark arrays -> data/eval2/calib_v27a_pa_abcd_s42_abcd-observed-schedule_arrays.npz
{
  "tag": "v27a_pa_abcd_s42",
  "season": 2024,
  "c_events": true,
  "games": 2429,
  "reps": 5,
  "elapsed_s": 5401.829548358917,
  "truncated_half_innings": 23,
  "batch_games": 256,
  "total_mean": 8.09847673939893,
  "total_std": 0.07942025249690242,
  "home_mean": 3.9590778097982713,
  "away_mean": 4.139398929600659,
  "home_win_rate": 0.5005351996706464,
  "real_total_mean": 8.634829147797447,
  "score_dist": {
    "sim_std": 4.194766503699362,
    "sim_median": 7.0,
    "sim_shutout_rate": 17.653355290242896,
    "sim_blowout_rate": 26.801152737752158,
    "real_std": 4.270741335866924,
    "real_median": 8.0,
    "real_shutout_rate": 13.421160971593249,
    "real_blowout_rate": 28.324413338822563
  },
  "pa_outcomes_sim": {
    "K": 41736.8,
    "BB": 21181.4,
    "HBP": 2353.4,
    "1B": 23543.2,
    "2B": 5703.4,
    "3B": 419.2,
    "HR": 4901.6,
    "out": 82586.2,
    "E": 0.0
  },
  "pa_outcomes_real": {
    "K": 41197.0,
    "BB": 14929.0,
    "HBP": 2020.0,
    "1B": 25902.0,
    "2B": 7771.0,
    "3B": 697.0,
    "HR": 5453.0,
    "out": 84480.0,
    "E": 0.0
  },
  "runs_by_inning_frac_sim": [
    0.1294680581375697,
    0.10878612472536758,
    0.11218734155822205,
    0.1179440594896062,
    0.11277885752915329,
    0.11738423187426059,
    0.11701453439242858,
    0.11521886090924453,
    0.06921793138414736
  ],
  "runs_by_inning_frac_real": [
    0.11716795054217163,
    0.10794367302880134,
    0.11741327707178255,
    0.1183945831902262,
    0.11927775869682547,
    0.11760953829547127,
    0.11020067710122172,
    0.11044600363083264,
    0.0815465384426672
  ],
  "extra_runs_per_game": 0.3033347056401811,
  "sim_extra_rate": 10.209962947715109,
  "real_extra_rate": 8.892548373816386,
  "walkoff_rate": 7.780979827089338,
  "n_ties_mean": 0.2,
  "n_extra_half_innings_mean": 10.8,
  "n_unresolved_mean": 0.2,
  "events": [
    1388.6,
    246.8,
    113.8,
    3276.6,
    373.6,
    9234.2,
    44.0,
    186.4
  ],
  "simulation_consistency": {
    "n": 179744,
    "histogram": [
      17911,
      18015,
      18226,
      17961,
      17860,
      17920,
      17995,
      17970,
      17823,
      18063
    ],
    "bin_edges": [
      0.0,
      0.1,
      0.2,
      0.30000000000000004,
      0.4,
      0.5,
      0.6000000000000001,
      0.7000000000000001,
      0.8,
      0.9,
      1.0
    ],
    "chi2": 6.476566672601032,
    "ks_stat": 0.0019447039636127372,
    "ks_pvalue": 0.5042532177163799,
    "mean": 0.49974109798212113,
    "std": 0.28877510184112487
  },
  "heldout_pitch_calibration": {
    "scope": "heldout_next_pitch_resolution",
    "n": 708908,
    "conditioning": "observed pitch and prior history; launch marginalized; includes continuation",
    "nll": 0.6594768735953097,
    "brier": 0.3285395166485117,
    "pit_histogram": [
      76259,
      70663,
      69802,
      69882,
      70331,
      70518,
      69840,
      70741,
      70690,
      70182
    ],
    "predicted_rates": [
      0.05886978549573828,
      0.020012777694629155,
      0.0026718970425747297,
      0.03390011054647375,
      0.008127124685390927,
      0.0005921776030044661,
      0.006938804206756313,
      0.11921720650913092,
      1.871851617861935e-09,
      0.7496701143444328
    ],
    "observed_rates": [
      0.05803150761452826,
      0.02027625587523346,
      0.0028494529614562117,
      0.036518137755533864,
      0.010961930179938722,
      0.0009817917134522392,
      0.007687880514819977,
      0.11912829309303886,
      0.0,
      0.7435647502919984
    ],
    "launch_samples": 16
  },
  "skill_policy": {
    "mode": "fixed",
    "resample_per_rep": false,
    "skill_seeds": [],
    "calibration_mode": "fixed_checkpoint",
    "source_world": null
  },
  "completion_diagnostics": {
    "per_rep": [
      {
        "flagged_games": 282,
        "no_detected_completion_fault": 2147,
        "flagged_fraction": 0.11609715932482503,
        "reasons": {
          "regulation_truncated": [
            744820,
            744865,
            745023,
            745231,
            745391,
            745503,
            745582,
            745655,
            745785,
            745884,
            746009,
            746044,
            746052,
            746056,
            746202,
            746228,
            746351,
            746362,
            746534,
            746572,
            746803,
            746873,
            747041,
            747127,
            747214
          ],
          "extra_truncated": [],
          "unresolved_tie": [],
          "skipped_extra_innings": [
            744808,
            744817,
            744825,
            744829,
            744830,
            744833,
            744872,
            744874,
            744878,
            744879,
            744885,
            744912,
            744918,
            744933,
            744936,
            744944,
            744960,
            744961,
            744978,
            744985,
            744991,
            744996,
            744997,
            745000,
            745008,
            745010,
            745019,
            745032,
            745045,
            745066,
            745081,
            745083,
            745111,
            745113,
            745114,
            745123,
            745124,
            745125,
            745126,
            745129,
            745136,
            745150,
            745152,
            745172,
            745181,
            745182,
            745188,
            745190,
            745195,
            745202,
            745208,
            745211,
            745219,
            745223,
            745230,
            745239,
            745241,
            745244,
            745249,
            745252,
            745255,
            745265,
            745268,
            745284,
            745292,
            745297,
            745302,
            745303,
            745330,
            745331,
            745342,
            745356,
            745358,
            745374,
            745379,
            745386,
            745388,
            745390,
            745393,
            745394,
            745405,
            745430,
            745435,
            745459,
            745460,
            745465,
            745467,
            745498,
            745524,
            745527,
            745529,
            745531,
            745540,
            745545,
            745546,
            745584,
            745598,
            745605,
            745610,
            745611,
            745622,
            745629,
            745639,
            745654,
            745675,
            745685,
            745720,
            745725,
            745733,
            745734,
            745759,
            745779,
            745789,
            745815,
            745832,
            745840,
            745841,
            745848,
            745857,
            745868,
            745875,
            745879,
            745886,
            745887,
            745888,
            745890,
            745908,
            745911,
            745916,
            745929,
            745940,
            745948,
            745952,
            745962,
            745965,
            745975,
            746003,
            746017,
            746024,
            746036,
            746066,
            746076,
            746084,
            746085,
            746115,
            746118,
            746122,
            746148,
            746151,
            746177,
            746182,
            746187,
            746214,
            746215,
            746240,
            746249,
            746258,
            746271,
            746281,
            746285,
            746288,
            746290,
            746300,
            746328,
            746329,
            746332,
            746335,
            746337,
            746343,
            746345,
            746348,
            746352,
            746370,
            746373,
            746376,
            746388,
            746389,
            746396,
            746400,
            746416,
            746423,
            746427,
            746434,
            746448,
            746452,
            746454,
            746478,
            746491,
            746509,
            746530,
            746568,
            746589,
            746598,
            746612,
            746617,
            746641,
            746664,
            746675,
            746679,
            746680,
            746684,
            746695,
            746699,
            746703,
            746717,
            746732,
            746758,
            746762,
            746787,
            746789,
            746803,
            746813,
            746816,
            746820,
            746821,
            746822,
            746836,
            746853,
            746863,
            746882,
            746888,
            746890,
            746893,
            746894,
            746913,
            746914,
            746931,
            746942,
            746943,
            746944,
            746947,
            746949,
            746955,
            746959,
            746960,
            746982,
            746990,
            746994,
            747021,
            747022,
            747028,
            747029,
            747032,
            747041,
            747046,
            747054,
            747055,
            747056,
            747059,
            747066,
            747071,
            747076,
            747079,
            747103,
            747109,
            747120,
            747128,
            747212,
            747214,
            747217
          ]
        },
        "mean_total_all": 8.123095924248663,
        "mean_total_no_detected_fault": 7.994876571960876
      },
      {
        "flagged_games": 264,
        "no_detected_completion_fault": 2165,
        "flagged_fraction": 0.10868670234664471,
        "reasons": {
          "regulation_truncated": [
            744813,
            744820,
            744843,
            744865,
            745032,
            745066,
            745373,
            745643,
            745761,
            745910,
            746009,
            746044,
            746048,
            746202,
            746473,
            746572,
            746678,
            746885,
            747013,
            747104,
            747127
          ],
          "extra_truncated": [],
          "unresolved_tie": [],
          "skipped_extra_innings": [
            744812,
            744816,
            744823,
            744824,
            744848,
            744851,
            744853,
            744865,
            744874,
            744888,
            744891,
            744903,
            744905,
            744913,
            744921,
            744926,
            744929,
            744937,
            744939,
            744966,
            744985,
            744986,
            744987,
            744992,
            744994,
            744995,
            745000,
            745010,
            745014,
            745015,
            745038,
            745040,
            745047,
            745095,
            745097,
            745116,
            745117,
            745122,
            745139,
            745164,
            745182,
            745189,
            745194,
            745195,
            745196,
            745199,
            745204,
            745208,
            745214,
            745216,
            745241,
            745254,
            745255,
            745293,
            745306,
            745309,
            745321,
            745326,
            745330,
            745346,
            745350,
            745361,
            745369,
            745370,
            745381,
            745391,
            745394,
            745399,
            745404,
            745437,
            745439,
            745452,
            745458,
            745459,
            745466,
            745470,
            745493,
            745521,
            745536,
            745567,
            745572,
            745602,
            745611,
            745612,
            745618,
            745624,
            745644,
            745647,
            745655,
            745656,
            745657,
            745682,
            745683,
            745699,
            745704,
            745710,
            745716,
            745719,
            745720,
            745721,
            745730,
            745737,
            745740,
            745749,
            745765,
            745769,
            745810,
            745811,
            745812,
            745840,
            745865,
            745871,
            745879,
            745882,
            745885,
            745904,
            745910,
            745914,
            745919,
            745924,
            745936,
            745937,
            745942,
            745951,
            745963,
            745975,
            745982,
            745992,
            745993,
            746011,
            746021,
            746023,
            746028,
            746037,
            746058,
            746060,
            746063,
            746066,
            746067,
            746068,
            746075,
            746087,
            746089,
            746117,
            746129,
            746146,
            746159,
            746167,
            746174,
            746203,
            746231,
            746268,
            746270,
            746277,
            746283,
            746328,
            746346,
            746348,
            746355,
            746357,
            746363,
            746366,
            746387,
            746389,
            746409,
            746412,
            746416,
            746418,
            746420,
            746422,
            746427,
            746429,
            746430,
            746443,
            746446,
            746454,
            746469,
            746470,
            746491,
            746492,
            746497,
            746511,
            746512,
            746514,
            746532,
            746538,
            746555,
            746561,
            746571,
            746572,
            746575,
            746580,
            746589,
            746599,
            746616,
            746640,
            746642,
            746653,
            746664,
            746666,
            746681,
            746693,
            746710,
            746715,
            746718,
            746725,
            746738,
            746751,
            746756,
            746795,
            746852,
            746862,
            746863,
            746878,
            746887,
            746891,
            746898,
            746899,
            746914,
            746921,
            746936,
            746944,
            746946,
            746953,
            746971,
            746972,
            746975,
            746987,
            747003,
            747021,
            747035,
            747051,
            747052,
            747054,
            747070,
            747072,
            747099,
            747136,
            747138,
            747141,
            747143,
            747156,
            747157,
            747160,
            747162,
            747199
          ]
        },
        "mean_total_all": 8.061753808151503,
        "mean_total_no_detected_fault": 7.989838337182448
      },
      {
        "flagged_games": 275,
        "no_detected_completion_fault": 2154,
        "flagged_fraction": 0.11321531494442157,
        "reasons": {
          "regulation_truncated": [
            744798,
            744865,
            744954,
            745066,
            745112,
            745151,
            745249,
            745503,
            745535,
            745655,
            745785,
            745821,
            745969,
            746108,
            746269,
            746367,
            746394,
            746409,
            746832,
            746843,
            746873,
            746885,
            746892,
            747041,
            747168
          ],
          "extra_truncated": [],
          "unresolved_tie": [],
          "skipped_extra_innings": [
            744800,
            744807,
            744821,
            744823,
            744828,
            744850,
            744855,
            744861,
            744872,
            744875,
            744877,
            744879,
            744881,
            744904,
            744907,
            744913,
            744920,
            744924,
            744931,
            744933,
            744937,
            744944,
            744946,
            744961,
            744984,
            744988,
            745055,
            745076,
            745077,
            745084,
            745089,
            745100,
            745103,
            745113,
            745118,
            745123,
            745138,
            745139,
            745141,
            745144,
            745149,
            745162,
            745165,
            745170,
            745172,
            745176,
            745179,
            745181,
            745183,
            745191,
            745193,
            745234,
            745242,
            745250,
            745261,
            745273,
            745278,
            745280,
            745286,
            745298,
            745299,
            745300,
            745316,
            745320,
            745330,
            745356,
            745370,
            745373,
            745385,
            745396,
            745401,
            745404,
            745405,
            745409,
            745412,
            745414,
            745423,
            745425,
            745433,
            745438,
            745441,
            745444,
            745449,
            745454,
            745469,
            745472,
            745482,
            745490,
            745518,
            745529,
            745544,
            745570,
            745576,
            745587,
            745590,
            745592,
            745600,
            745607,
            745610,
            745615,
            745616,
            745617,
            745619,
            745622,
            745631,
            745634,
            745636,
            745647,
            745662,
            745676,
            745681,
            745690,
            745710,
            745717,
            745735,
            745743,
            745754,
            745757,
            745761,
            745771,
            745781,
            745793,
            745795,
            745798,
            745811,
            745818,
            745821,
            745823,
            745864,
            745884,
            745890,
            745898,
            745926,
            745942,
            745956,
            745964,
            745967,
            745969,
            745973,
            745999,
            746021,
            746028,
            746032,
            746038,
            746070,
            746092,
            746102,
            746130,
            746133,
            746145,
            746147,
            746154,
            746161,
            746189,
            746204,
            746225,
            746226,
            746240,
            746263,
            746274,
            746275,
            746286,
            746298,
            746304,
            746318,
            746320,
            746337,
            746341,
            746361,
            746369,
            746372,
            746374,
            746388,
            746404,
            746407,
            746412,
            746415,
            746420,
            746421,
            746422,
            746423,
            746435,
            746442,
            746461,
            746475,
            746477,
            746482,
            746492,
            746500,
            746507,
            746511,
            746514,
            746518,
            746553,
            746580,
            746610,
            746612,
            746639,
            746640,
            746648,
            746666,
            746685,
            746687,
            746706,
            746715,
            746735,
            746744,
            746746,
            746750,
            746777,
            746778,
            746783,
            746799,
            746832,
            746835,
            746836,
            746840,
            746858,
            746861,
            746885,
            746886,
            746936,
            746948,
            746950,
            746964,
            746990,
            746994,
            747004,
            747024,
            747027,
            747033,
            747035,
            747040,
            747041,
            747049,
            747051,
            747061,
            747073,
            747079,
            747082,
            747083,
            747096,
            747102,
            747105,
            747106,
            747110,
            747141,
            747149,
            747161,
            747165,
            747166,
            747168,
            747171,
            747172,
            747191,
            747218
          ]
        },
        "mean_total_all": 8.219020172910662,
        "mean_total_no_detected_fault": 8.162952646239555
      },
      {
        "flagged_games": 259,
        "no_detected_completion_fault": 2170,
        "flagged_fraction": 0.10662824207492795,
        "reasons": {
          "regulation_truncated": [
            744865,
            744889,
            744981,
            745051,
            745248,
            745429,
            745582,
            745620,
            745655,
            745761,
            745853,
            745910,
            745982,
            745995,
            746052,
            746416,
            746502,
            746698,
            746850,
            746864,
            746873,
            746885,
            747018,
            747041,
            747168,
            747185
          ],
          "extra_truncated": [],
          "unresolved_tie": [
            745084
          ],
          "skipped_extra_innings": [
            744801,
            744810,
            744813,
            744815,
            744831,
            744834,
            744859,
            744862,
            744867,
            744882,
            744885,
            744890,
            744919,
            744933,
            744934,
            744951,
            744987,
            744992,
            744994,
            745016,
            745025,
            745029,
            745034,
            745037,
            745041,
            745044,
            745054,
            745061,
            745075,
            745079,
            745084,
            745087,
            745089,
            745092,
            745099,
            745104,
            745105,
            745126,
            745135,
            745142,
            745146,
            745150,
            745161,
            745168,
            745175,
            745176,
            745177,
            745179,
            745196,
            745221,
            745222,
            745238,
            745256,
            745264,
            745273,
            745287,
            745305,
            745329,
            745330,
            745339,
            745343,
            745357,
            745372,
            745386,
            745408,
            745410,
            745411,
            745413,
            745416,
            745427,
            745431,
            745433,
            745439,
            745458,
            745480,
            745488,
            745499,
            745519,
            745520,
            745530,
            745542,
            745545,
            745550,
            745561,
            745595,
            745598,
            745636,
            745637,
            745647,
            745659,
            745663,
            745666,
            745682,
            745693,
            745706,
            745711,
            745712,
            745716,
            745721,
            745734,
            745765,
            745769,
            745792,
            745793,
            745805,
            745810,
            745816,
            745849,
            745855,
            745859,
            745866,
            745878,
            745889,
            745905,
            745925,
            745944,
            745946,
            745947,
            745952,
            745958,
            745968,
            745990,
            745999,
            746024,
            746025,
            746070,
            746075,
            746088,
            746102,
            746108,
            746120,
            746141,
            746143,
            746146,
            746168,
            746211,
            746227,
            746235,
            746237,
            746243,
            746254,
            746264,
            746275,
            746281,
            746282,
            746290,
            746293,
            746310,
            746312,
            746325,
            746335,
            746346,
            746354,
            746359,
            746371,
            746377,
            746386,
            746390,
            746396,
            746399,
            746405,
            746411,
            746419,
            746422,
            746427,
            746428,
            746432,
            746444,
            746446,
            746447,
            746465,
            746485,
            746514,
            746528,
            746530,
            746539,
            746549,
            746551,
            746557,
            746562,
            746563,
            746570,
            746571,
            746599,
            746612,
            746638,
            746639,
            746649,
            746681,
            746709,
            746716,
            746718,
            746720,
            746738,
            746744,
            746752,
            746763,
            746771,
            746796,
            746818,
            746819,
            746835,
            746847,
            746872,
            746876,
            746904,
            746905,
            746914,
            746923,
            746928,
            746934,
            746938,
            746978,
            746984,
            746996,
            746999,
            747008,
            747023,
            747039,
            747074,
            747085,
            747088,
            747092,
            747103,
            747119,
            747124,
            747144,
            747146,
            747169,
            747189,
            747202,
            747217,
            747221
          ]
        },
        "mean_total_all": 7.976533552902429,
        "mean_total_no_detected_fault": 7.924884792626728
      },
      {
        "flagged_games": 262,
        "no_detected_completion_fault": 2167,
        "flagged_fraction": 0.10786331823795801,
        "reasons": {
          "regulation_truncated": [
            744813,
            744865,
            745364,
            745503,
            745527,
            745535,
            745655,
            745656,
            746052,
            746130,
            746141,
            746219,
            746371,
            746502,
            746678,
            746873,
            747168,
            747214
          ],
          "extra_truncated": [],
          "unresolved_tie": [],
          "skipped_extra_innings": [
            744795,
            744803,
            744825,
            744827,
            744828,
            744831,
            744832,
            744868,
            744876,
            744878,
            744880,
            744885,
            744886,
            744887,
            744888,
            744909,
            744921,
            744932,
            744936,
            744949,
            744951,
            744966,
            744983,
            744986,
            745003,
            745022,
            745037,
            745051,
            745052,
            745054,
            745055,
            745057,
            745058,
            745063,
            745064,
            745066,
            745068,
            745091,
            745120,
            745124,
            745126,
            745133,
            745135,
            745160,
            745172,
            745184,
            745212,
            745213,
            745215,
            745225,
            745231,
            745241,
            745246,
            745297,
            745299,
            745306,
            745309,
            745316,
            745321,
            745330,
            745333,
            745335,
            745349,
            745354,
            745363,
            745375,
            745381,
            745384,
            745385,
            745392,
            745396,
            745404,
            745428,
            745437,
            745452,
            745457,
            745463,
            745467,
            745473,
            745477,
            745480,
            745482,
            745504,
            745515,
            745524,
            745528,
            745533,
            745557,
            745558,
            745576,
            745579,
            745586,
            745607,
            745609,
            745613,
            745630,
            745638,
            745651,
            745666,
            745669,
            745674,
            745703,
            745707,
            745728,
            745734,
            745747,
            745813,
            745815,
            745824,
            745852,
            745853,
            745874,
            745883,
            745889,
            745890,
            745892,
            745898,
            745899,
            745923,
            745936,
            745939,
            745942,
            745962,
            746003,
            746023,
            746024,
            746028,
            746038,
            746039,
            746050,
            746057,
            746061,
            746067,
            746071,
            746088,
            746092,
            746099,
            746100,
            746103,
            746115,
            746146,
            746148,
            746149,
            746173,
            746176,
            746179,
            746186,
            746189,
            746193,
            746204,
            746221,
            746239,
            746245,
            746246,
            746247,
            746253,
            746290,
            746300,
            746309,
            746317,
            746329,
            746336,
            746357,
            746365,
            746372,
            746381,
            746382,
            746392,
            746401,
            746413,
            746414,
            746444,
            746456,
            746459,
            746482,
            746484,
            746505,
            746521,
            746524,
            746527,
            746532,
            746544,
            746555,
            746590,
            746604,
            746627,
            746630,
            746651,
            746654,
            746666,
            746668,
            746670,
            746674,
            746683,
            746684,
            746693,
            746698,
            746699,
            746702,
            746709,
            746728,
            746746,
            746751,
            746769,
            746786,
            746791,
            746797,
            746801,
            746804,
            746814,
            746817,
            746852,
            746869,
            746872,
            746888,
            746893,
            746894,
            746898,
            746918,
            746930,
            746950,
            746960,
            746962,
            746982,
            747003,
            747026,
            747027,
            747039,
            747062,
            747071,
            747076,
            747101,
            747105,
            747109,
            747123,
            747134,
            747151,
            747157,
            747165,
            747168,
            747172,
            747182,
            747183,
            747189,
            747222
          ]
        },
        "mean_total_all": 8.111980238781392,
        "mean_total_no_detected_fault": 8.029995385325334
      }
    ],
    "simulation_changed": false,
    "headline_metrics_include_flagged_games": true,
    "note": "Diagnostic only. No detected fault is not certification of legal completion; observed lineup/staff policy and other modelling limitations remain. Filtered means are a sensitivity check, not an unbiased replacement benchmark."
  },
  "rate_export": {
    "path": "data/eval2/prod_rates_v27a_pa_abcd_s42_abcd.npz",
    "players": 543,
    "max_pa_per_game": 90,
    "note": "Generated-outcome rates on the selected observed 2024 PA denominator."
  },
  "arrays_export": {
    "path": "data/eval2/calib_v27a_pa_abcd_s42_abcd-observed-schedule_arrays.npz",
    "games": 2429,
    "reps": 5,
    "note": "Observed lineup/staff schedule; source rows cycle only if a generated half outlives its observed PA schedule. Not a pre-game roster/staff simulation."
  },
  "note": "Generated game state on observed lineup/staff schedule; a half that outlives its observed PA sources cycles those sources until a generated third out. Continuation PAs are excluded from the paired fixed-cohort rate export; not a pre-game roster/staff simulation.",
  "player_stats": {
    "n_batters": 382,
    "min_pa": 150,
    "stats": {
      "AVG": {
        "real_mean": 0.23902044238541253,
        "sim_mean": 0.2284193633309398,
        "mae": 0.026853671624574298,
        "corr": 0.32359241986820886
      },
      "OBP": {
        "real_mean": 0.3096612606472928,
        "sim_mean": 0.3294908192575923,
        "mae": 0.0312319098137889,
        "corr": 0.416721589471814
      },
      "SLG": {
        "real_mean": 0.39053884214042284,
        "sim_mean": 0.3677719470968425,
        "mae": 0.056260364110862306,
        "corr": 0.32958959817288763
      },
      "K%": {
        "real_mean": 0.2260079387708535,
        "sim_mean": 0.21349484195306676,
        "mae": 0.032528912473535475,
        "corr": 0.7615015416758758
      },
      "BB%": {
        "real_mean": 0.08142517113076207,
        "sim_mean": 0.11713632942717184,
        "mae": 0.037220444693140675,
        "corr": 0.6629069320209139
      },
      "HR%": {
        "real_mean": 0.029203748068456624,
        "sim_mean": 0.027731111308324653,
        "mae": 0.009860818084008608,
        "corr": 0.4800495906758194
      }
    },
    "coverage": {
      "AVG": {
        "50": 26.17801047120419,
        "90": 53.92670157068062,
        "95": 56.02094240837696
      },
      "OBP": {
        "50": 23.82198952879581,
        "90": 47.12041884816754,
        "95": 49.47643979057592
      },
      "SLG": {
        "50": 24.86910994764398,
        "90": 52.879581151832454,
        "95": 54.712041884816756
      },
      "K%": {
        "50": 21.20418848167539,
        "90": 39.52879581151832,
        "95": 42.40837696335078
      },
      "BB%": {
        "50": 7.853403141361256,
        "90": 18.06282722513089,
        "95": 19.895287958115183
      },
      "HR%": {
        "50": 24.86910994764398,
        "90": 47.64397905759162,
        "95": 49.21465968586388
      }
    }
  },
  "per_rep": {
    "total_mean": [
      8.123095924248663,
      8.061753808151503,
      8.219020172910662,
      7.976533552902429,
      8.111980238781392
    ],
    "home_win_rate": [
      0.5203787566899959,
      0.4849732400164677,
      0.491148620831618,
      0.4981473857554549,
      0.5080279950596953
    ],
    "walkoff_rate": [
      0.08892548373816385,
      0.07657472210786331,
      0.07533964594483326,
      0.07204610951008646,
      0.07616303005351997
    ],
    "extra_rate": [
      0.1070399341292713,
      0.10127624536846438,
      0.1053931659118979,
      0.09592424866200082,
      0.10086455331412104
    ]
  }
}
saved -> data/runs/joint_v27a_pa_abcd_s42/abcd_games.json
