Hybrid rollout: A/B/C generate pitches; the Model 7 PA head replaces D for in-play outcomes.
Preparing immutable observed pitch schedules...

--- Rep 1/5 (seed=42) ---

--- Rep 2/5 (seed=1000045) ---

--- Rep 3/5 (seed=2000048) ---

--- Rep 4/5 (seed=3000051) ---

--- Rep 5/5 (seed=4000054) ---

=== Held-out next-pitch resolution (B+D) ===
  not reported for the A/B/C + PA hybrid

=== Marginal outcome calibration ===
  outcome   real%    sim%   ratio      recal
       K   22.58   22.82   1.011    -0.0105
      BB    8.18   11.60   1.417    -0.3487
     HBP    1.11    1.32   1.194    -0.1770
      1B   14.20   13.09   0.922     0.0810
      2B    4.26    4.26   1.001    -0.0009
      3B    0.38    0.36   0.938     0.0645
      HR    2.99    3.11   1.039    -0.0387
     out   46.30   43.44   0.938     0.0638
       E    0.00    0.00     nan        nan

=== Score distribution ===
                   real      sim
  mean             8.63 9.67 +/- 0.07
  std              4.27     4.68
  median            8.0      9.0
  shutout%         13.4     11.2
  blowout%         28.3     31.4

=== Runs-by-inning fraction (fatigue shape test) ===
  inning   1    2    3    4    5    6    7    8    9   | late(6-9)
  real  11.7 10.8 11.7 11.8 11.9 11.8 11.0 11.0  8.2  | 42.0%
  sim   13.0 11.0 11.4 11.5 11.6 11.9 11.4 11.3  6.8  | 41.4%

=== PA + ABCD HYBRID GAME EVAL (2429 games, 5 reps, 4782s) ===
  runs/game   real 8.63   sim 9.67 +/- 0.07
  home runs/g 4.79 +/- 0.06   away 4.89 +/- 0.05   home-win 51.0 +/- 0.6%  (ties 1)
  extras      real 8.9%   sim 8.6 +/- 0.5%   walk-offs 7.1 +/- 0.5%
  truncated half-innings: 25
  extra half-innings: 10.4   unresolved: 0.6

=== Player-level via ABCD game eval (382 batters >= 150 PA) ===
  stat      real      sim      MAE    corr
  AVG     0.2390   0.2445   0.0267   0.355
  OBP     0.3097   0.3436   0.0401   0.427
  SLG     0.3905   0.4132   0.0577   0.435
  K%      0.2260   0.2126   0.0330   0.760
  BB%     0.0814   0.1170   0.0370   0.670
  HR%     0.0292   0.0316   0.0098   0.587

=== Coverage (5 reps, 382 batters) ===
  stat    cov50%   cov90%   cov95%
  AVG       23.0     50.8     53.1
  OBP       14.1     34.0     35.3
  SLG       23.8     49.0     51.0
  K%        18.8     37.2     40.3
  BB%        5.0     17.3     19.1
  HR%       29.3     51.0     52.6
saved paired-rate artifact -> data/eval2/prod_rates_v27a_pa_abcd_s42_hybrid.npz
saved benchmark arrays -> data/eval2/calib_v27a_pa_abcd_s42_hybrid-observed-schedule_arrays.npz
{
  "tag": "v27a_pa_abcd_s42",
  "season": 2024,
  "c_events": true,
  "games": 2429,
  "reps": 5,
  "elapsed_s": 4781.648316860199,
  "truncated_half_innings": 25,
  "batch_games": 256,
  "total_mean": 9.672622478386169,
  "total_std": 0.0704633050695666,
  "home_mean": 4.786908192671882,
  "away_mean": 4.885714285714286,
  "home_win_rate": 0.5098394400988061,
  "real_total_mean": 8.634829147797447,
  "score_dist": {
    "sim_std": 4.678519248755617,
    "sim_median": 9.0,
    "sim_shutout_rate": 11.214491560312887,
    "sim_blowout_rate": 31.44503911074516,
    "real_std": 4.270741335866924,
    "real_median": 8.0,
    "real_shutout_rate": 13.421160971593249,
    "real_blowout_rate": 28.324413338822563
  },
  "pa_outcomes_sim": {
    "K": 42662.2,
    "BB": 21681.2,
    "HBP": 2470.8,
    "1B": 24476.6,
    "2B": 7970.2,
    "3B": 669.6,
    "HR": 5808.4,
    "out": 81217.2,
    "E": 0.0
  },
  "pa_outcomes_real": {
    "K": 41197.0,
    "BB": 14929.0,
    "HBP": 2020.0,
    "1B": 25902.0,
    "2B": 7771.0,
    "3B": 697.0,
    "HR": 5453.0,
    "out": 84480.0,
    "E": 0.0
  },
  "runs_by_inning_frac_sim": [
    0.13037826823934445,
    0.11015185181932356,
    0.11442021412072614,
    0.11519308630698834,
    0.11593961057780977,
    0.11902231668437832,
    0.11376151623470722,
    0.11285690447124125,
    0.06827623154548089
  ],
  "runs_by_inning_frac_real": [
    0.11716795054217163,
    0.10794367302880134,
    0.11741327707178255,
    0.1183945831902262,
    0.11927775869682547,
    0.11760953829547127,
    0.11020067710122172,
    0.11044600363083264,
    0.0815465384426672
  ],
  "extra_runs_per_game": 0.2974886784685056,
  "sim_extra_rate": 8.645533141210375,
  "real_extra_rate": 8.892548373816386,
  "walkoff_rate": 7.1305063812268425,
  "n_ties_mean": 0.6,
  "n_extra_half_innings_mean": 10.4,
  "n_unresolved_mean": 0.6,
  "events": [
    1473.4,
    260.8,
    117.2,
    3294.4,
    367.6,
    9030.6,
    39.6,
    202.2
  ],
  "simulation_consistency": null,
  "heldout_pitch_calibration": {
    "n": 0,
    "scope": "not_applicable_pa_replaces_d",
    "reason": "Native B+D held-out resolution is not a score for an A/B/C+PA hybrid."
  },
  "skill_policy": {
    "mode": "fixed",
    "resample_per_rep": false,
    "skill_seeds": [],
    "calibration_mode": "fixed_checkpoint",
    "source_world": null
  },
  "completion_diagnostics": {
    "per_rep": [
      {
        "flagged_games": 247,
        "no_detected_completion_fault": 2182,
        "flagged_fraction": 0.10168793742280774,
        "reasons": {
          "regulation_truncated": [
            744820,
            745282,
            745291,
            745429,
            745503,
            745536,
            745655,
            745883,
            746097,
            746326,
            746362,
            746374,
            746479,
            746543,
            746685,
            746741,
            746803,
            746873,
            746885,
            747041,
            747104,
            747132,
            747168
          ],
          "extra_truncated": [],
          "unresolved_tie": [
            745690,
            746189
          ],
          "skipped_extra_innings": [
            744804,
            744810,
            744814,
            744823,
            744827,
            744849,
            744860,
            744861,
            744869,
            744885,
            744895,
            744896,
            744899,
            744920,
            744923,
            744947,
            744964,
            744997,
            745007,
            745032,
            745062,
            745065,
            745067,
            745097,
            745107,
            745117,
            745122,
            745145,
            745147,
            745150,
            745155,
            745163,
            745169,
            745170,
            745172,
            745182,
            745199,
            745202,
            745217,
            745222,
            745247,
            745249,
            745255,
            745270,
            745279,
            745294,
            745295,
            745300,
            745330,
            745333,
            745334,
            745339,
            745371,
            745376,
            745377,
            745411,
            745421,
            745422,
            745463,
            745465,
            745481,
            745483,
            745484,
            745485,
            745492,
            745502,
            745509,
            745535,
            745571,
            745574,
            745583,
            745587,
            745588,
            745595,
            745603,
            745608,
            745635,
            745639,
            745641,
            745655,
            745658,
            745665,
            745673,
            745677,
            745678,
            745690,
            745712,
            745713,
            745715,
            745767,
            745783,
            745789,
            745791,
            745796,
            745830,
            745847,
            745849,
            745861,
            745862,
            745874,
            745881,
            745882,
            745888,
            745898,
            745899,
            745900,
            745902,
            745927,
            745931,
            745948,
            745958,
            745968,
            745969,
            745995,
            746022,
            746029,
            746033,
            746070,
            746088,
            746101,
            746120,
            746140,
            746142,
            746157,
            746162,
            746164,
            746173,
            746183,
            746189,
            746197,
            746204,
            746228,
            746231,
            746236,
            746238,
            746239,
            746245,
            746247,
            746265,
            746267,
            746269,
            746296,
            746306,
            746314,
            746318,
            746327,
            746337,
            746339,
            746341,
            746354,
            746357,
            746362,
            746377,
            746380,
            746389,
            746400,
            746402,
            746432,
            746436,
            746439,
            746449,
            746458,
            746482,
            746490,
            746496,
            746537,
            746548,
            746552,
            746558,
            746560,
            746561,
            746582,
            746586,
            746597,
            746611,
            746627,
            746632,
            746640,
            746647,
            746664,
            746681,
            746684,
            746686,
            746700,
            746714,
            746717,
            746734,
            746735,
            746736,
            746741,
            746764,
            746769,
            746802,
            746809,
            746814,
            746817,
            746820,
            746828,
            746848,
            746888,
            746890,
            746903,
            746923,
            746926,
            746930,
            746960,
            746968,
            746975,
            746995,
            747001,
            747007,
            747018,
            747029,
            747041,
            747043,
            747044,
            747055,
            747056,
            747068,
            747095,
            747097,
            747100,
            747104,
            747114,
            747122,
            747132,
            747138,
            747157,
            747167,
            747205
          ]
        },
        "mean_total_all": 9.6315356113627,
        "mean_total_no_detected_fault": 9.56736938588451
      },
      {
        "flagged_games": 238,
        "no_detected_completion_fault": 2191,
        "flagged_fraction": 0.09798270893371758,
        "reasons": {
          "regulation_truncated": [
            744813,
            744820,
            745066,
            745112,
            745141,
            745384,
            745503,
            745683,
            745884,
            745893,
            745921,
            745990,
            746052,
            746192,
            746255,
            746521,
            746528,
            746600,
            746640,
            746803,
            747136,
            747168
          ],
          "extra_truncated": [],
          "unresolved_tie": [],
          "skipped_extra_innings": [
            744796,
            744797,
            744816,
            744817,
            744843,
            744850,
            744864,
            744868,
            744876,
            744880,
            744883,
            744929,
            744958,
            744985,
            744994,
            744997,
            744999,
            745015,
            745046,
            745047,
            745049,
            745050,
            745051,
            745060,
            745081,
            745082,
            745093,
            745144,
            745151,
            745154,
            745162,
            745166,
            745169,
            745193,
            745203,
            745215,
            745251,
            745259,
            745264,
            745285,
            745287,
            745313,
            745318,
            745322,
            745344,
            745348,
            745356,
            745361,
            745384,
            745393,
            745404,
            745411,
            745455,
            745475,
            745485,
            745497,
            745511,
            745512,
            745519,
            745537,
            745540,
            745559,
            745574,
            745602,
            745608,
            745622,
            745624,
            745629,
            745632,
            745639,
            745652,
            745653,
            745657,
            745676,
            745677,
            745693,
            745705,
            745720,
            745727,
            745729,
            745752,
            745761,
            745791,
            745807,
            745812,
            745824,
            745828,
            745839,
            745849,
            745861,
            745862,
            745864,
            745874,
            745877,
            745891,
            745903,
            745904,
            745908,
            745922,
            745938,
            745946,
            745948,
            745950,
            745957,
            746017,
            746040,
            746044,
            746048,
            746061,
            746070,
            746079,
            746081,
            746093,
            746098,
            746117,
            746120,
            746127,
            746169,
            746181,
            746195,
            746205,
            746207,
            746220,
            746229,
            746241,
            746242,
            746246,
            746277,
            746297,
            746307,
            746312,
            746319,
            746324,
            746334,
            746350,
            746378,
            746386,
            746404,
            746411,
            746422,
            746429,
            746441,
            746453,
            746456,
            746462,
            746480,
            746484,
            746501,
            746529,
            746532,
            746552,
            746553,
            746557,
            746582,
            746592,
            746598,
            746608,
            746610,
            746611,
            746630,
            746632,
            746639,
            746647,
            746656,
            746681,
            746684,
            746686,
            746699,
            746701,
            746719,
            746720,
            746727,
            746734,
            746767,
            746769,
            746797,
            746832,
            746839,
            746849,
            746867,
            746887,
            746893,
            746908,
            746924,
            746930,
            746943,
            746961,
            746964,
            746973,
            746987,
            746997,
            747001,
            747007,
            747013,
            747017,
            747021,
            747034,
            747054,
            747060,
            747064,
            747065,
            747075,
            747087,
            747090,
            747094,
            747105,
            747110,
            747111,
            747112,
            747119,
            747149,
            747163,
            747173,
            747176,
            747213,
            747217,
            747222
          ]
        },
        "mean_total_all": 9.70769864141622,
        "mean_total_no_detected_fault": 9.60702875399361
      },
      {
        "flagged_games": 233,
        "no_detected_completion_fault": 2196,
        "flagged_fraction": 0.09592424866200082,
        "reasons": {
          "regulation_truncated": [
            744951,
            744954,
            745066,
            745089,
            745108,
            745482,
            745503,
            745655,
            745744,
            745753,
            745910,
            746052,
            746256,
            746367,
            746399,
            746412,
            746421,
            746458,
            746473,
            746502,
            746640,
            746873,
            747013,
            747043,
            747168,
            747200
          ],
          "extra_truncated": [],
          "unresolved_tie": [],
          "skipped_extra_innings": [
            744797,
            744802,
            744850,
            744854,
            744861,
            744895,
            744901,
            744904,
            744922,
            744923,
            744924,
            744925,
            744947,
            744949,
            744971,
            744986,
            744997,
            745016,
            745029,
            745038,
            745041,
            745053,
            745067,
            745076,
            745097,
            745110,
            745120,
            745145,
            745151,
            745161,
            745165,
            745169,
            745178,
            745181,
            745201,
            745203,
            745210,
            745229,
            745237,
            745252,
            745275,
            745283,
            745290,
            745301,
            745310,
            745312,
            745314,
            745330,
            745337,
            745346,
            745385,
            745406,
            745414,
            745426,
            745427,
            745469,
            745485,
            745494,
            745506,
            745514,
            745517,
            745520,
            745523,
            745524,
            745547,
            745586,
            745588,
            745601,
            745619,
            745636,
            745644,
            745656,
            745664,
            745686,
            745687,
            745691,
            745693,
            745708,
            745724,
            745732,
            745733,
            745747,
            745761,
            745769,
            745774,
            745783,
            745803,
            745804,
            745805,
            745809,
            745821,
            745857,
            745869,
            745872,
            745876,
            745886,
            745894,
            745900,
            745904,
            745922,
            745929,
            745965,
            745988,
            745990,
            746021,
            746023,
            746024,
            746027,
            746057,
            746067,
            746073,
            746075,
            746079,
            746084,
            746090,
            746096,
            746102,
            746114,
            746119,
            746127,
            746130,
            746151,
            746154,
            746158,
            746161,
            746164,
            746181,
            746188,
            746201,
            746206,
            746265,
            746270,
            746279,
            746284,
            746290,
            746292,
            746306,
            746324,
            746333,
            746334,
            746407,
            746408,
            746417,
            746420,
            746422,
            746429,
            746430,
            746448,
            746461,
            746463,
            746472,
            746509,
            746513,
            746519,
            746534,
            746546,
            746586,
            746599,
            746602,
            746608,
            746616,
            746625,
            746626,
            746639,
            746642,
            746659,
            746679,
            746688,
            746705,
            746706,
            746709,
            746720,
            746729,
            746766,
            746834,
            746846,
            746857,
            746864,
            746866,
            746873,
            746886,
            746906,
            746909,
            746924,
            746930,
            746931,
            746946,
            746954,
            746955,
            746960,
            746961,
            746967,
            746974,
            746987,
            746988,
            747000,
            747009,
            747033,
            747034,
            747066,
            747071,
            747075,
            747084,
            747143,
            747161,
            747167,
            747181,
            747223
          ]
        },
        "mean_total_all": 9.720049403046522,
        "mean_total_no_detected_fault": 9.651639344262295
      },
      {
        "flagged_games": 228,
        "no_detected_completion_fault": 2201,
        "flagged_fraction": 0.09386578839028406,
        "reasons": {
          "regulation_truncated": [
            744813,
            744865,
            744924,
            745066,
            745503,
            745534,
            745614,
            745655,
            745753,
            745758,
            745796,
            745821,
            745904,
            745910,
            745990,
            745995,
            746052,
            746130,
            746169,
            746255,
            746340,
            746362,
            746473,
            746568,
            746885,
            746990,
            747127,
            747168,
            747185,
            747214
          ],
          "extra_truncated": [],
          "unresolved_tie": [
            746203
          ],
          "skipped_extra_innings": [
            744815,
            744823,
            744861,
            744863,
            744880,
            744894,
            744912,
            744913,
            744935,
            744956,
            744977,
            744981,
            744993,
            744996,
            745002,
            745003,
            745016,
            745029,
            745036,
            745037,
            745040,
            745054,
            745068,
            745085,
            745107,
            745147,
            745156,
            745177,
            745186,
            745190,
            745197,
            745198,
            745201,
            745203,
            745227,
            745258,
            745266,
            745267,
            745278,
            745283,
            745296,
            745298,
            745306,
            745309,
            745319,
            745323,
            745338,
            745378,
            745384,
            745394,
            745397,
            745404,
            745425,
            745433,
            745436,
            745446,
            745455,
            745463,
            745481,
            745507,
            745517,
            745527,
            745529,
            745531,
            745536,
            745549,
            745563,
            745569,
            745591,
            745593,
            745604,
            745609,
            745633,
            745636,
            745674,
            745676,
            745686,
            745688,
            745703,
            745709,
            745713,
            745714,
            745730,
            745759,
            745764,
            745770,
            745772,
            745779,
            745782,
            745786,
            745788,
            745799,
            745815,
            745821,
            745836,
            745843,
            745878,
            745890,
            745898,
            745911,
            745913,
            745937,
            745938,
            745971,
            745984,
            745987,
            745988,
            746065,
            746075,
            746083,
            746131,
            746170,
            746185,
            746188,
            746199,
            746203,
            746214,
            746220,
            746225,
            746229,
            746241,
            746247,
            746256,
            746274,
            746276,
            746278,
            746288,
            746295,
            746304,
            746337,
            746353,
            746357,
            746401,
            746409,
            746421,
            746429,
            746438,
            746448,
            746472,
            746478,
            746485,
            746495,
            746496,
            746507,
            746546,
            746553,
            746573,
            746574,
            746578,
            746580,
            746596,
            746621,
            746630,
            746631,
            746638,
            746639,
            746641,
            746669,
            746715,
            746738,
            746752,
            746756,
            746789,
            746792,
            746794,
            746806,
            746809,
            746823,
            746827,
            746847,
            746849,
            746852,
            746858,
            746863,
            746867,
            746890,
            746893,
            746915,
            746917,
            746919,
            746923,
            746961,
            746964,
            746979,
            746985,
            746986,
            746995,
            747026,
            747031,
            747032,
            747033,
            747053,
            747057,
            747076,
            747117,
            747134,
            747147,
            747182,
            747204
          ]
        },
        "mean_total_all": 9.748867846850557,
        "mean_total_no_detected_fault": 9.62199000454339
      },
      {
        "flagged_games": 218,
        "no_detected_completion_fault": 2211,
        "flagged_fraction": 0.08974886784685056,
        "reasons": {
          "regulation_truncated": [
            744924,
            744927,
            744964,
            745482,
            745485,
            745543,
            745643,
            745655,
            746076,
            746097,
            746304,
            746326,
            746362,
            746402,
            746506,
            746540,
            746568,
            746627,
            746640,
            747064,
            747104,
            747168,
            747214
          ],
          "extra_truncated": [],
          "unresolved_tie": [],
          "skipped_extra_innings": [
            744803,
            744843,
            744851,
            744873,
            744874,
            744903,
            744937,
            744940,
            744974,
            744976,
            745003,
            745005,
            745035,
            745046,
            745057,
            745106,
            745116,
            745130,
            745135,
            745142,
            745151,
            745171,
            745175,
            745185,
            745196,
            745198,
            745204,
            745215,
            745219,
            745233,
            745248,
            745259,
            745280,
            745282,
            745293,
            745300,
            745303,
            745320,
            745366,
            745370,
            745373,
            745376,
            745377,
            745378,
            745393,
            745413,
            745433,
            745441,
            745444,
            745456,
            745506,
            745510,
            745513,
            745545,
            745554,
            745560,
            745562,
            745573,
            745581,
            745586,
            745617,
            745619,
            745625,
            745628,
            745656,
            745669,
            745711,
            745767,
            745769,
            745771,
            745779,
            745792,
            745799,
            745814,
            745833,
            745840,
            745860,
            745862,
            745867,
            745870,
            745881,
            745882,
            745899,
            745914,
            745935,
            745939,
            745964,
            746001,
            746012,
            746017,
            746044,
            746061,
            746073,
            746098,
            746105,
            746125,
            746138,
            746156,
            746157,
            746159,
            746162,
            746176,
            746177,
            746188,
            746193,
            746226,
            746232,
            746239,
            746250,
            746254,
            746255,
            746259,
            746281,
            746282,
            746291,
            746293,
            746308,
            746317,
            746336,
            746361,
            746364,
            746365,
            746368,
            746376,
            746389,
            746411,
            746429,
            746439,
            746467,
            746485,
            746517,
            746529,
            746535,
            746550,
            746629,
            746632,
            746633,
            746636,
            746652,
            746662,
            746672,
            746675,
            746677,
            746681,
            746706,
            746714,
            746721,
            746743,
            746745,
            746750,
            746758,
            746760,
            746774,
            746781,
            746805,
            746809,
            746830,
            746837,
            746847,
            746851,
            746853,
            746854,
            746861,
            746867,
            746897,
            746906,
            746922,
            746923,
            746934,
            746938,
            746941,
            746949,
            746958,
            746964,
            746965,
            746988,
            746999,
            747013,
            747022,
            747040,
            747100,
            747104,
            747114,
            747115,
            747120,
            747122,
            747137,
            747144,
            747146,
            747148,
            747152,
            747156,
            747182,
            747188,
            747197,
            747212
          ]
        },
        "mean_total_all": 9.554960889254838,
        "mean_total_no_detected_fault": 9.442786069651742
      }
    ],
    "simulation_changed": false,
    "headline_metrics_include_flagged_games": true,
    "note": "Diagnostic only. No detected fault is not certification of legal completion; observed lineup/staff policy and other modelling limitations remain. Filtered means are a sensitivity check, not an unbiased replacement benchmark."
  },
  "rate_export": {
    "path": "data/eval2/prod_rates_v27a_pa_abcd_s42_hybrid.npz",
    "players": 543,
    "max_pa_per_game": 90,
    "note": "Generated-outcome rates on the selected observed 2024 PA denominator."
  },
  "arrays_export": {
    "path": "data/eval2/calib_v27a_pa_abcd_s42_hybrid-observed-schedule_arrays.npz",
    "games": 2429,
    "reps": 5,
    "note": "Observed lineup/staff schedule; source rows cycle only if a generated half outlives its observed PA schedule. Not a pre-game roster/staff simulation."
  },
  "note": "Generated game state on observed lineup/staff schedule; a half that outlives its observed PA sources cycles those sources until a generated third out. Continuation PAs are excluded from the paired fixed-cohort rate export; this is not pre-game roster selection. Hybrid mode generates pitches with A/B/C and replaces D's in-play outcome with the Model 7 PA head.",
  "hybrid_pa_checkpoint": "checkpoints/pa_abcd/pa_v27a_pa_abcd_s42.pkl",
  "hybrid_pa_skill_mode": "mean",
  "player_stats": {
    "n_batters": 382,
    "min_pa": 150,
    "stats": {
      "AVG": {
        "real_mean": 0.23902044238541253,
        "sim_mean": 0.24450899903818793,
        "mae": 0.02670714356745259,
        "corr": 0.3546818436711883
      },
      "OBP": {
        "real_mean": 0.3096612606472928,
        "sim_mean": 0.3436381327173314,
        "mae": 0.04005739067807663,
        "corr": 0.4272435042666589
      },
      "SLG": {
        "real_mean": 0.39053884214042284,
        "sim_mean": 0.41319415120977593,
        "mae": 0.05773919847589104,
        "corr": 0.4354007636727681
      },
      "K%": {
        "real_mean": 0.2260079387708535,
        "sim_mean": 0.21262046914022983,
        "mae": 0.03303800099178601,
        "corr": 0.7596912762638418
      },
      "BB%": {
        "real_mean": 0.08142517113076207,
        "sim_mean": 0.11698578372748336,
        "mae": 0.03695770356766815,
        "corr": 0.6695186377434005
      },
      "HR%": {
        "real_mean": 0.029203748068456624,
        "sim_mean": 0.031617970259007755,
        "mae": 0.009769028181449509,
        "corr": 0.5869722069506275
      }
    },
    "coverage": {
      "AVG": {
        "50": 23.036649214659686,
        "90": 50.78534031413613,
        "95": 53.141361256544506
      },
      "OBP": {
        "50": 14.136125654450263,
        "90": 34.031413612565444,
        "95": 35.340314136125656
      },
      "SLG": {
        "50": 23.82198952879581,
        "90": 48.952879581151834,
        "95": 51.047120418848166
      },
      "K%": {
        "50": 18.848167539267017,
        "90": 37.17277486910995,
        "95": 40.31413612565445
      },
      "BB%": {
        "50": 4.973821989528796,
        "90": 17.277486910994764,
        "95": 19.10994764397906
      },
      "HR%": {
        "50": 29.31937172774869,
        "90": 51.047120418848166,
        "95": 52.617801047120416
      }
    }
  },
  "per_rep": {
    "total_mean": [
      9.6315356113627,
      9.70769864141622,
      9.720049403046522,
      9.748867846850557,
      9.554960889254838
    ],
    "home_win_rate": [
      0.5183202964182791,
      0.5121449156031289,
      0.5010292301358584,
      0.5104981473857555,
      0.5072046109510087
    ],
    "walkoff_rate": [
      0.07739810621655002,
      0.07657472210786331,
      0.06257719226018937,
      0.0683408810209963,
      0.0716344174557431
    ],
    "extra_rate": [
      0.09468917249897077,
      0.0893371757925072,
      0.08563194730341704,
      0.08192671881432688,
      0.08069164265129683
    ]
  }
}
saved -> data/runs/joint_v27a_pa_abcd_s42/hybrid_games.json
