/home/jaden/Documents/Baseball/diamondworldjax/scripts/simulator_benchmarks.py:40: RuntimeWarning: divide by zero encountered in scalar divide
  return np.where(ml > 0, 100.0 / (ml + 100.0), -ml / (-ml + 100.0))
SIMULATOR BENCHMARKS (v27a_pa_abcd_s42_hybrid-observed-schedule) — 2429 games, 2376 decided

1. WIN PROBABILITY (home), lower log-loss / Brier better, higher AUC better:
   model                       n   logloss    brier     AUC     ECE
   base rate (home 0.521)   2376    0.6923   0.2496       -       -
   DiamondWorld sim         2376    1.3348   0.3149   0.477   0.221
   Log5 (Pythagorean)       2376    0.6709   0.2391   0.617   0.019
   Market (devig close)     2302    0.6707   0.2391   0.614   0.019
   (common set n=2302: sim logloss 1.3321, Log5 0.6700, market 0.6707)

2. RUN-TOTAL DISTRIBUTION. mean/variance and how well each covers reality:
   real total: mean 8.63  var 18.24
   model                        mean     var  P(>=10)  P(<=5)  logscore
   real (empirical)             8.63   18.24    0.366   0.261         -
   DiamondWorld sim             9.67   16.49    0.466   0.201     2.991
   independent 2-Poisson        9.65    7.73    0.479   0.135     2.990
   league neg-binomial          8.68   14.66    0.379   0.243     2.994

   central-interval coverage (should equal the nominal level):
   model                          50%     80%     90%
   DiamondWorld sim             0.401   0.571   0.615
   independent 2-Poisson        0.293   0.395   0.434
   league neg-binomial          0.413   0.568   0.620

   randomized-PIT uniformity (KS distance from Uniform, lower = better calibrated):
   DiamondWorld sim           KS 0.1881
   independent 2-Poisson      KS 0.2907
   league neg-binomial        KS 0.1481

   overdispersion: sim within-game total variance is 1.70x the independent-Poisson
   value (var = mean); real is 2.11x. The summed model cannot produce this.
