/home/jaden/Documents/Baseball/diamondworldjax/scripts/simulator_benchmarks.py:40: RuntimeWarning: divide by zero encountered in scalar divide
  return np.where(ml > 0, 100.0 / (ml + 100.0), -ml / (-ml + 100.0))
SIMULATOR BENCHMARKS (v27a_pa_abcd_s42_pa-pregame-leakfree) — 2429 games, 2376 decided

1. WIN PROBABILITY (home), lower log-loss / Brier better, higher AUC better:
   model                       n   logloss    brier     AUC     ECE
   base rate (home 0.521)   2376    0.6923   0.2496       -       -
   DiamondWorld sim         2376    0.6890   0.2476   0.572   0.035
   Log5 (Pythagorean)       2376    0.6709   0.2391   0.617   0.019
   Market (devig close)     2302    0.6707   0.2391   0.614   0.019
   (common set n=2302: sim logloss 0.6885, Log5 0.6700, market 0.6707)

2. RUN-TOTAL DISTRIBUTION. mean/variance and how well each covers reality:
   real total: mean 8.63  var 18.24
   model                        mean     var  P(>=10)  P(<=5)  logscore
   real (empirical)             8.63   18.24    0.366   0.261         -
   DiamondWorld sim             8.90   18.19    0.393   0.242     2.863
   independent 2-Poisson        8.91    8.85    0.400   0.137     2.911
   league neg-binomial          8.64   18.21    0.372   0.248     2.853

   central-interval coverage (should equal the nominal level):
   model                          50%     80%     90%
   DiamondWorld sim             0.561   0.823   0.908
   independent 2-Poisson        0.422   0.667   0.772
   league neg-binomial          0.548   0.827   0.920

   randomized-PIT uniformity (KS distance from Uniform, lower = better calibrated):
   DiamondWorld sim           KS 0.0326
   independent 2-Poisson      KS 0.1350
   league neg-binomial        KS 0.0125

   overdispersion: sim within-game total variance is 2.04x the independent-Poisson
   value (var = mean); real is 2.11x. The summed model cannot produce this.
