loading train seasons [2015, 2016, 2017, 2018, 2019, 2020, 2021, 2022, 2023], test 2024
pitchers=2257 batters=2498 parks=31 (index 0 reserved for unknown)
events table: 183,608 rows
game context file absent, running without environment
train seqs (58818, 160), pitches 7,241,262
test  seqs (7034, 160), pitches 859,258
C transition support coverage: {'train': {'eligible': 4467848, 'unsupported': 0}, 'test': {'eligible': 529133, 'unsupported': 7}}
baselines (test NLL): {'type': 1.9533794153352149, 'swing': 0.6611971050615835, 'contact': 0.5414490731373509, 'foul': 0.6920674288190509, 'hbp': 0.03379258994767147, 'swing_marginal': 0.470123827457428}
D baselines: {'outcome': 0.9294074220728962, 'hr': 0.18019937752272222, 'launch': 3.0469807775732347, 'p_outcome': [0.6732682762857661, 0.20959105596950794, 0.06508426808922381, 0.0061777924219965875, 0.04587860723350555, 0.0]}
[shared] 8,079,206 total parameters (256,960 shared embeddings)
[shared] step 200/4000 all heads loss 811.3945 (213s)
[shared] step 400/4000 all heads loss 794.2147 (393s)
[shared] step 600/4000 all heads loss 754.1315 (574s)
[shared] step 800/4000 all heads loss 701.7264 (755s)
[shared] step 1000/4000 all heads loss 651.7739 (936s)
[shared] step 1200/4000 all heads loss 620.1271 (1117s)
[shared] step 1400/4000 all heads loss 644.0820 (1299s)
[shared] step 1600/4000 all heads loss 651.9662 (1480s)
[shared] step 1800/4000 all heads loss 526.2515 (1661s)
[shared] step 2000/4000 all heads loss 675.1144 (1842s)
[shared] step 2200/4000 all heads loss 597.6371 (2023s)
[shared] step 2400/4000 all heads loss 625.4004 (2204s)
[shared] step 2600/4000 all heads loss 547.3107 (2386s)
[shared] step 2800/4000 all heads loss 603.2990 (2567s)
[shared] step 3000/4000 all heads loss 606.7563 (2748s)
[shared] step 3200/4000 all heads loss 567.3251 (2929s)
[shared] step 3400/4000 all heads loss 491.4643 (3110s)
[shared] step 3600/4000 all heads loss 587.9589 (3291s)
[shared] step 3800/4000 all heads loss 532.9875 (3472s)
[shared] step 4000/4000 all heads loss 498.7536 (3654s)
[shared/a] held-out: {'nll_stuff': 2.5177950240792573, 'nll_type': 1.4542396266350854, 'loss': 3.9720346507143427, 'target_counts': {'nll_stuff': 709224.0, 'nll_type': 709224.0}}
[shared/b] held-out: {'nll_contact': 0.43177832518134, 'nll_foul': 0.6608322259365473, 'nll_hbp': 0.01425153243274355, 'nll_swing': 0.4329566592012635, 'loss': 1.5398187427518943, 'target_counts': {'nll_contact': 340405.0, 'nll_foul': 261499.0, 'nll_hbp': 371493.0, 'nll_swing': 711898.0}}
[shared/c] held-out: {'nll_bundle': 0.10247573448259249, 'loss': 0.10247573448259249, 'target_counts': {'nll_bundle': 529126.0}}
[shared/d] held-out: {'nll_hr': 0.057806106469390044, 'nll_launch': 2.802576062970599, 'nll_outcome': 0.5721844804390899, 'loss': 3.374760543409689, 'target_counts': {'nll_hr': 124207.0, 'nll_launch': 123830.0, 'nll_outcome': 124207.0}}

=== HELD-OUT IMPROVEMENT OVER BASELINE (nats/pitch, higher better) ===
  type      +0.4991
  swing     +0.2282
  contact   +0.1097
  foul      +0.0312
  hbp       +0.0195
  bundle    +0.0427
  outcome   +0.3572
  hr        +0.1224
  launch    +0.2444
saved -> data/eval2/pitchformer_v26b_abcd_id_s97.json
