6,014 sequences x 160
  64/6014
  1344/6014
  2624/6014
  3904/6014
  5184/6014
{
  "n_batters": 382,
  "K_corr": 0.5099477372025,
  "BB_corr": 0.2048325435759759,
  "sim_K_rate": 0.20664253827750917,
  "real_K_rate": 0.22560414351867594,
  "sim_BB_rate": 0.25849370366022123,
  "real_BB_rate": 0.08128395486968511,
  "sim_in_zone_rate": 0.4513848894083141,
  "real_in_zone_rate": 0.477,
  "reference_v16": {
    "K": 0.792,
    "BB": 0.651
  }
}
saved -> data/eval2/pitchlevel_playercorr_abcd_s42.json
