loading train seasons [2015, 2016, 2017, 2018, 2019, 2021, 2022, 2023], test 2024
pitchers=2228 batters=2492 parks=31 (index 0 reserved for unknown)
events table: 183,608 rows
game context file absent, running without environment
train seqs (48997, 160), pitches 5,745,512
test  seqs (6014, 160), pitches 711,898
baselines (test NLL): {'type': 1.952772844243765, 'swing': 0.6611885271734869, 'contact': 0.541457189141538, 'foul': 0.6920739219037795, 'hbp': 0.03379550622068845, 'swing_marginal': 0.4705803394317627}
[A_abcd_hbp_e_s42] 2,248,712 parameters
[A_abcd_hbp_e_s42] step 200/6000 loss 6.9099 (12s)
[A_abcd_hbp_e_s42] step 400/6000 loss 6.6418 (14s)
[A_abcd_hbp_e_s42] step 600/6000 loss 6.4697 (16s)
[A_abcd_hbp_e_s42] step 800/6000 loss 6.3448 (18s)
[A_abcd_hbp_e_s42] step 1000/6000 loss 5.8919 (19s)
[A_abcd_hbp_e_s42] step 1200/6000 loss 6.0938 (21s)
[A_abcd_hbp_e_s42] step 1400/6000 loss 5.5055 (23s)
[A_abcd_hbp_e_s42] step 1600/6000 loss 5.6874 (25s)
[A_abcd_hbp_e_s42] step 1800/6000 loss 5.2990 (27s)
[A_abcd_hbp_e_s42] step 2000/6000 loss 5.3223 (28s)
[A_abcd_hbp_e_s42] step 2200/6000 loss 5.3630 (30s)
[A_abcd_hbp_e_s42] step 2400/6000 loss 5.1133 (32s)
[A_abcd_hbp_e_s42] step 2600/6000 loss 5.2555 (34s)
[A_abcd_hbp_e_s42] step 2800/6000 loss 5.1572 (35s)
[A_abcd_hbp_e_s42] step 3000/6000 loss 4.8915 (37s)
[A_abcd_hbp_e_s42] step 3200/6000 loss 4.9659 (39s)
[A_abcd_hbp_e_s42] step 3400/6000 loss 4.8864 (41s)
[A_abcd_hbp_e_s42] step 3600/6000 loss 4.9483 (43s)
[A_abcd_hbp_e_s42] step 3800/6000 loss 4.8502 (44s)
[A_abcd_hbp_e_s42] step 4000/6000 loss 4.8060 (46s)
[A_abcd_hbp_e_s42] step 4200/6000 loss 4.9402 (48s)
[A_abcd_hbp_e_s42] step 4400/6000 loss 4.8919 (50s)
[A_abcd_hbp_e_s42] step 4600/6000 loss 4.5791 (51s)
[A_abcd_hbp_e_s42] step 4800/6000 loss 4.5323 (53s)
[A_abcd_hbp_e_s42] step 5000/6000 loss 4.6480 (55s)
[A_abcd_hbp_e_s42] step 5200/6000 loss 4.6553 (57s)
[A_abcd_hbp_e_s42] step 5400/6000 loss 4.7526 (59s)
[A_abcd_hbp_e_s42] step 5600/6000 loss 4.3803 (61s)
[A_abcd_hbp_e_s42] step 5800/6000 loss 4.6065 (63s)
[A_abcd_hbp_e_s42] step 6000/6000 loss 4.7425 (65s)
[A_abcd_hbp_e_s42] held-out: {'loss': 5.2600544914204805, 'nll_stuff': 3.5772312516197164, 'nll_type': 1.6828232315134874}
[B_abcd_hbp_e_s42] 2,309,108 parameters
[B_abcd_hbp_e_s42] step 200/6000 loss 1.6998 (9s)
[B_abcd_hbp_e_s42] step 400/6000 loss 1.6339 (11s)
[B_abcd_hbp_e_s42] step 600/6000 loss 1.6142 (13s)
[B_abcd_hbp_e_s42] step 800/6000 loss 1.5878 (15s)
[B_abcd_hbp_e_s42] step 1000/6000 loss 1.5654 (17s)
[B_abcd_hbp_e_s42] step 1200/6000 loss 1.5837 (19s)
[B_abcd_hbp_e_s42] step 1400/6000 loss 1.5908 (21s)
[B_abcd_hbp_e_s42] step 1600/6000 loss 1.5851 (23s)
[B_abcd_hbp_e_s42] step 1800/6000 loss 1.5564 (25s)
[B_abcd_hbp_e_s42] step 2000/6000 loss 1.5646 (27s)
[B_abcd_hbp_e_s42] step 2200/6000 loss 1.5581 (29s)
[B_abcd_hbp_e_s42] step 2400/6000 loss 1.5472 (31s)
[B_abcd_hbp_e_s42] step 2600/6000 loss 1.5144 (33s)
[B_abcd_hbp_e_s42] step 2800/6000 loss 1.5682 (35s)
[B_abcd_hbp_e_s42] step 3000/6000 loss 1.5288 (37s)
[B_abcd_hbp_e_s42] step 3200/6000 loss 1.5850 (38s)
[B_abcd_hbp_e_s42] step 3400/6000 loss 1.5335 (40s)
[B_abcd_hbp_e_s42] step 3600/6000 loss 1.5327 (42s)
[B_abcd_hbp_e_s42] step 3800/6000 loss 1.5049 (44s)
[B_abcd_hbp_e_s42] step 4000/6000 loss 1.5316 (46s)
[B_abcd_hbp_e_s42] step 4200/6000 loss 1.5361 (48s)
[B_abcd_hbp_e_s42] step 4400/6000 loss 1.5188 (50s)
[B_abcd_hbp_e_s42] step 4600/6000 loss 1.5377 (52s)
[B_abcd_hbp_e_s42] step 4800/6000 loss 1.5143 (54s)
[B_abcd_hbp_e_s42] step 5000/6000 loss 1.4973 (56s)
[B_abcd_hbp_e_s42] step 5200/6000 loss 1.4742 (58s)
[B_abcd_hbp_e_s42] step 5400/6000 loss 1.5047 (59s)
[B_abcd_hbp_e_s42] step 5600/6000 loss 1.5078 (61s)
[B_abcd_hbp_e_s42] step 5800/6000 loss 1.5399 (63s)
[B_abcd_hbp_e_s42] step 6000/6000 loss 1.5285 (65s)
[B_abcd_hbp_e_s42] held-out: {'loss': 1.5410311783061308, 'nll_contact': 0.42878534704606164, 'nll_foul': 0.6604506679397216, 'nll_hbp': 0.013726206668179463, 'nll_swing': 0.4380689526305479}
[C_abcd_hbp_e_s42] 2,310,456 parameters
[C_abcd_hbp_e_s42] step 200/6000 loss 0.1051 (9s)
[C_abcd_hbp_e_s42] step 400/6000 loss 0.1007 (11s)
[C_abcd_hbp_e_s42] step 600/6000 loss 0.0711 (13s)
[C_abcd_hbp_e_s42] step 800/6000 loss 0.0981 (15s)
[C_abcd_hbp_e_s42] step 1000/6000 loss 0.0730 (16s)
[C_abcd_hbp_e_s42] step 1200/6000 loss 0.0872 (18s)
[C_abcd_hbp_e_s42] step 1400/6000 loss 0.0767 (20s)
[C_abcd_hbp_e_s42] step 1600/6000 loss 0.0872 (22s)
[C_abcd_hbp_e_s42] step 1800/6000 loss 0.0669 (24s)
[C_abcd_hbp_e_s42] step 2000/6000 loss 0.0754 (26s)
[C_abcd_hbp_e_s42] step 2200/6000 loss 0.0781 (28s)
[C_abcd_hbp_e_s42] step 2400/6000 loss 0.0649 (30s)
[C_abcd_hbp_e_s42] step 2600/6000 loss 0.0804 (31s)
[C_abcd_hbp_e_s42] step 2800/6000 loss 0.0704 (33s)
[C_abcd_hbp_e_s42] step 3000/6000 loss 0.0761 (35s)
[C_abcd_hbp_e_s42] step 3200/6000 loss 0.0607 (37s)
[C_abcd_hbp_e_s42] step 3400/6000 loss 0.0698 (39s)
[C_abcd_hbp_e_s42] step 3600/6000 loss 0.0636 (41s)
[C_abcd_hbp_e_s42] step 3800/6000 loss 0.0800 (43s)
[C_abcd_hbp_e_s42] step 4000/6000 loss 0.0718 (44s)
[C_abcd_hbp_e_s42] step 4200/6000 loss 0.0747 (46s)
[C_abcd_hbp_e_s42] step 4400/6000 loss 0.0823 (47s)
[C_abcd_hbp_e_s42] step 4600/6000 loss 0.0742 (48s)
[C_abcd_hbp_e_s42] step 4800/6000 loss 0.0936 (50s)
[C_abcd_hbp_e_s42] step 5000/6000 loss 0.0759 (51s)
[C_abcd_hbp_e_s42] step 5200/6000 loss 0.0954 (53s)
[C_abcd_hbp_e_s42] step 5400/6000 loss 0.0874 (54s)
[C_abcd_hbp_e_s42] step 5600/6000 loss 0.0811 (56s)
[C_abcd_hbp_e_s42] step 5800/6000 loss 0.0890 (57s)
[C_abcd_hbp_e_s42] step 6000/6000 loss 0.0906 (59s)
[C_abcd_hbp_e_s42] held-out: {'loss': 0.07662953633595915, 'nll_balk': 0.0014206171875030804, 'nll_caught_stealing': 0.00346718468895695, 'nll_defensive_indiff': 0.0015516854987862143, 'nll_error': 0.0005386246378483116, 'nll_passed_ball': 0.0023134136737453788, 'nll_pickoff': 0.04051954287258699, 'nll_steal': 0.020055927390999654, 'nll_wild_pitch': 0.0067625406402397285}
D baselines: outcome 0.9294  hr 0.1802  launch 3.0473
[D_abcd_hbp_e_s42] 2,366,330 parameters
[D_abcd_hbp_e_s42] step 200/6000 loss 3.5395 (10s)
[D_abcd_hbp_e_s42] step 400/6000 loss 3.5291 (12s)
[D_abcd_hbp_e_s42] step 600/6000 loss 3.4848 (13s)
[D_abcd_hbp_e_s42] step 800/6000 loss 3.4638 (15s)
[D_abcd_hbp_e_s42] step 1000/6000 loss 3.3031 (16s)
[D_abcd_hbp_e_s42] step 1200/6000 loss 3.3426 (18s)
[D_abcd_hbp_e_s42] step 1400/6000 loss 3.2928 (20s)
[D_abcd_hbp_e_s42] step 1600/6000 loss 3.4756 (21s)
[D_abcd_hbp_e_s42] step 1800/6000 loss 3.2579 (23s)
[D_abcd_hbp_e_s42] step 2000/6000 loss 3.4080 (24s)
[D_abcd_hbp_e_s42] step 2200/6000 loss 3.3430 (26s)
[D_abcd_hbp_e_s42] step 2400/6000 loss 3.3107 (27s)
[D_abcd_hbp_e_s42] step 2600/6000 loss 3.2733 (29s)
[D_abcd_hbp_e_s42] step 2800/6000 loss 3.2591 (30s)
[D_abcd_hbp_e_s42] step 3000/6000 loss 3.4118 (32s)
[D_abcd_hbp_e_s42] step 3200/6000 loss 3.2906 (33s)
[D_abcd_hbp_e_s42] step 3400/6000 loss 3.2791 (34s)
[D_abcd_hbp_e_s42] step 3600/6000 loss 3.3118 (36s)
[D_abcd_hbp_e_s42] step 3800/6000 loss 3.2505 (38s)
[D_abcd_hbp_e_s42] step 4000/6000 loss 3.1445 (39s)
[D_abcd_hbp_e_s42] step 4200/6000 loss 3.1642 (41s)
[D_abcd_hbp_e_s42] step 4400/6000 loss 3.3079 (42s)
[D_abcd_hbp_e_s42] step 4600/6000 loss 3.2675 (44s)
[D_abcd_hbp_e_s42] step 4800/6000 loss 3.1601 (45s)
[D_abcd_hbp_e_s42] step 5000/6000 loss 3.1531 (47s)
[D_abcd_hbp_e_s42] step 5200/6000 loss 3.1861 (48s)
[D_abcd_hbp_e_s42] step 5400/6000 loss 3.1633 (50s)
[D_abcd_hbp_e_s42] step 5600/6000 loss 3.2894 (51s)
[D_abcd_hbp_e_s42] step 5800/6000 loss 3.2249 (53s)
[D_abcd_hbp_e_s42] step 6000/6000 loss 3.2562 (54s)
[D_abcd_hbp_e_s42] held-out: {'loss': 3.3466741809232987, 'nll_hr': 0.05574321953012025, 'nll_launch': 2.787172300930329, 'nll_outcome': 0.5595018758493311}

=== HELD-OUT IMPROVEMENT OVER BASELINE (nats/pitch, higher better) ===
  type      +0.2699
  swing     +0.2231
  contact   +0.1127
  foul      +0.0316
  hbp       +0.0201
  wild_pitch +0.0070
  passed_ball +0.0004
  balk      +0.0002
  steal     +0.0085
  caught_stealing +0.0011
  pickoff   +0.0177
  error     +0.0001
  defensive_indiff +0.0019
  outcome   +0.3699
  hr        +0.1244
  launch    +0.2602
saved -> data/eval2/pitchformer_abcd_hbp_e_s42.json
