loading train seasons [2015, 2016, 2017, 2018, 2019, 2020, 2021, 2022, 2023], test 2024
pitchers=2257 batters=2498 parks=31 (index 0 reserved for unknown)
events table: 183,608 rows
game context file absent, running without environment
train seqs (58818, 160), pitches 7,241,262
test  seqs (7034, 160), pitches 859,258
C transition support coverage: {'train': {'eligible': 4467848, 'unsupported': 0}, 'test': {'eligible': 529133, 'unsupported': 7}}
baselines (test NLL): {'type': 1.9533794153352149, 'swing': 0.6611971050615835, 'contact': 0.5414490731373509, 'foul': 0.6920674288190509, 'hbp': 0.03379258994767147, 'swing_marginal': 0.470123827457428}
D baselines: {'outcome': 0.9294074220728962, 'hr': 0.18019937752272222, 'launch': 3.0469807775732347, 'p_outcome': [0.6732682762857661, 0.20959105596950794, 0.06508426808922381, 0.0061777924219965875, 0.04587860723350555, 0.0]}
[shared] 7,546,710 total parameters (28,720 shared embeddings)
[shared] step 200/4000 all heads loss 843.9467 (194s)
[shared] step 400/4000 all heads loss 695.3786 (353s)
[shared] step 600/4000 all heads loss 711.9007 (513s)
[shared] step 800/4000 all heads loss 686.5496 (674s)
[shared] step 1000/4000 all heads loss 728.1086 (834s)
[shared] step 1200/4000 all heads loss 557.8239 (996s)
[shared] step 1400/4000 all heads loss 562.7207 (1159s)
[shared] step 1600/4000 all heads loss 682.2600 (1321s)
[shared] step 1800/4000 all heads loss 564.0952 (1484s)
[shared] step 2000/4000 all heads loss 611.0440 (1647s)
[shared] step 2200/4000 all heads loss 595.1307 (1809s)
[shared] step 2400/4000 all heads loss 542.7903 (1972s)
[shared] step 2600/4000 all heads loss 473.6594 (2135s)
[shared] step 2800/4000 all heads loss 587.9530 (2297s)
[shared] step 3000/4000 all heads loss 598.5155 (2459s)
[shared] step 3200/4000 all heads loss 593.2855 (2621s)
[shared] step 3400/4000 all heads loss 622.8088 (2783s)
[shared] step 3600/4000 all heads loss 561.0256 (2945s)
[shared] step 3800/4000 all heads loss 629.5831 (3107s)
[shared] step 4000/4000 all heads loss 578.3328 (3270s)
[shared/a] held-out: {'nll_stuff': 2.535052801248417, 'nll_type': 1.4532950021066935, 'loss': 3.9883478033551105, 'target_counts': {'nll_stuff': 709224.0, 'nll_type': 709224.0}}
[shared/b] held-out: {'nll_contact': 0.4352530243855309, 'nll_foul': 0.6603760540115444, 'nll_hbp': 0.014199677240198447, 'nll_swing': 0.4413074929742221, 'loss': 1.551136248611496, 'target_counts': {'nll_contact': 340405.0, 'nll_foul': 261499.0, 'nll_hbp': 371493.0, 'nll_swing': 711898.0}}
[shared/c] held-out: {'nll_bundle': 0.10209093365687605, 'loss': 0.10209093365687605, 'target_counts': {'nll_bundle': 529126.0}}
[shared/d] held-out: {'nll_hr': 0.057195073047127926, 'nll_launch': 2.8111343416327816, 'nll_outcome': 0.5679548178934215, 'loss': 3.3790891595262034, 'target_counts': {'nll_hr': 124207.0, 'nll_launch': 123830.0, 'nll_outcome': 124207.0}}

=== HELD-OUT IMPROVEMENT OVER BASELINE (nats/pitch, higher better) ===
  type      +0.5001
  swing     +0.2199
  contact   +0.1062
  foul      +0.0317
  hbp       +0.0196
  bundle    +0.0431
  outcome   +0.3615
  hr        +0.1230
  launch    +0.2358
saved -> data/eval2/pitchformer_v24a_abcd_none_s42.json
