Preparing immutable observed pitch schedules...

--- Rep 1/5 (seed=42) ---

--- Rep 2/5 (seed=1000045) ---

--- Rep 3/5 (seed=2000048) ---

--- Rep 4/5 (seed=3000051) ---

--- Rep 5/5 (seed=4000054) ---

=== Held-out next-pitch resolution (B+D) ===
  n=708908  NLL=0.6886  Brier=0.3320
  conditioning: observed pitch + prior history; launch marginalized; includes continuation

=== Marginal outcome calibration ===
  outcome   real%    sim%   ratio      recal
       K   22.58   22.50   0.997     0.0034
      BB    8.18   11.78   1.440    -0.3647
     HBP    1.11    1.33   1.199    -0.1816
      1B   14.20   13.20   0.930     0.0729
      2B    4.26    3.45   0.809     0.2119
      3B    0.38    0.21   0.558     0.5833
      HR    2.99    2.93   0.979     0.0209
     out   46.30   44.60   0.963     0.0375
       E    0.00    0.00     nan        nan

=== Score distribution ===
                   real      sim
  mean             8.63 8.81 +/- 0.06
  std              4.27     4.44
  median            8.0      8.0
  shutout%         13.4     15.5
  blowout%         28.3     29.7

=== Runs-by-inning fraction (fatigue shape test) ===
  inning   1    2    3    4    5    6    7    8    9   | late(6-9)
  real  11.7 10.8 11.7 11.8 11.9 11.8 11.0 11.0  8.2  | 42.0%
  sim   13.1 10.7 11.3 11.6 11.6 11.5 11.5 11.4  7.1  | 41.5%

=== ABCD PITCHFORMER GAME EVAL (2429 games, 5 reps, 7645s) ===
  runs/game   real 8.63   sim 8.81 +/- 0.06
  home runs/g 4.32 +/- 0.03   away 4.49 +/- 0.04   home-win 50.0 +/- 0.9%  (ties 0)
  extras      real 8.9%   sim 35.0 +/- 0.3%   walk-offs 7.2 +/- 0.4%
  truncated half-innings: 26
  extra half-innings: 11.2   unresolved: 0.4

=== Sampling consistency only (generated B+D, 181963 terminal PAs) ===
  mean=0.5006  std=0.2890  (ideal: mean=0.5, std=0.2887)
  KS stat=0.0021  p=0.3774
  PIT histogram (10 bins, expected 18196 each):
    18172  18232  18182  18133  18048  18090  18348  18275  18198  18285
     1.00   1.00   1.00   1.00   0.99   0.99   1.01   1.00   1.00   1.00

=== Player-level via ABCD game eval (382 batters >= 150 PA) ===
  stat      real      sim      MAE    corr
  AVG     0.2390   0.2396   0.0263   0.310
  OBP     0.3097   0.3407   0.0375   0.436
  SLG     0.3905   0.3922   0.0545   0.338
  K%      0.2260   0.2085   0.0339   0.773
  BB%     0.0814   0.1191   0.0390   0.642
  HR%     0.0292   0.0304   0.0100   0.480

=== Coverage (5 reps, 382 batters) ===
  stat    cov50%   cov90%   cov95%
  AVG       24.3     51.8     56.0
  OBP       19.4     37.4     39.3
  SLG       25.4     52.4     54.5
  K%        17.0     35.9     38.5
  BB%        7.3     15.2     16.2
  HR%       27.0     50.5     52.9
saved paired-rate artifact -> data/eval2/prod_rates_v26a_pa_abcd_s42_abcd.npz
saved benchmark arrays -> data/eval2/calib_v26a_pa_abcd_s42_abcd-observed-schedule_arrays.npz
{
  "tag": "v26a_pa_abcd_s42",
  "season": 2024,
  "c_events": true,
  "games": 2429,
  "reps": 5,
  "elapsed_s": 7644.774048089981,
  "truncated_half_innings": 26,
  "batch_games": 256,
  "total_mean": 8.809139563606422,
  "total_std": 0.05677506590502481,
  "home_mean": 4.316591189790037,
  "away_mean": 4.492548373816385,
  "home_win_rate": 0.4999588307945656,
  "real_total_mean": 8.634829147797447,
  "score_dist": {
    "sim_std": 4.437680506267346,
    "sim_median": 8.0,
    "sim_shutout_rate": 15.504322766570604,
    "sim_blowout_rate": 29.68299711815562,
    "real_std": 4.270741335866924,
    "real_median": 8.0,
    "real_shutout_rate": 13.421160971593249,
    "real_blowout_rate": 28.324413338822563
  },
  "pa_outcomes_sim": {
    "K": 41567.6,
    "BB": 21765.6,
    "HBP": 2452.4,
    "1B": 24379.4,
    "2B": 6365.4,
    "3B": 393.8,
    "HR": 5406.4,
    "out": 82382.0,
    "E": 0.0
  },
  "pa_outcomes_real": {
    "K": 41197.0,
    "BB": 14929.0,
    "HBP": 2020.0,
    "1B": 25902.0,
    "2B": 7771.0,
    "3B": 697.0,
    "HR": 5453.0,
    "out": 84480.0,
    "E": 0.0
  },
  "runs_by_inning_frac_sim": [
    0.13119446136589985,
    0.10733037449598234,
    0.11340275964764693,
    0.11625523356443204,
    0.116409944014156,
    0.11542366489716589,
    0.11531730146298066,
    0.11367350293466381,
    0.07099275761707229
  ],
  "runs_by_inning_frac_real": [
    0.11716795054217163,
    0.10794367302880134,
    0.11741327707178255,
    0.1183945831902262,
    0.11927775869682547,
    0.11760953829547127,
    0.11020067710122172,
    0.11044600363083264,
    0.0815465384426672
  ],
  "extra_runs_per_game": 0.2937834499794154,
  "sim_extra_rate": 34.977356937011116,
  "real_extra_rate": 8.892548373816386,
  "walkoff_rate": 7.1634417455743105,
  "n_ties_mean": 0.4,
  "n_extra_half_innings_mean": 11.2,
  "n_unresolved_mean": 0.4,
  "events": [
    1570.6,
    318.2,
    90.0,
    2941.8,
    379.4,
    8373.6,
    33.8,
    297.0
  ],
  "simulation_consistency": {
    "n": 181963,
    "histogram": [
      18172,
      18232,
      18182,
      18133,
      18048,
      18090,
      18348,
      18275,
      18198,
      18285
    ],
    "bin_edges": [
      0.0,
      0.1,
      0.2,
      0.30000000000000004,
      0.4,
      0.5,
      0.6000000000000001,
      0.7000000000000001,
      0.8,
      0.9,
      1.0
    ],
    "chi2": 4.201189252760177,
    "ks_stat": 0.002135273955336525,
    "ks_pvalue": 0.3774037687239843,
    "mean": 0.5005740541335568,
    "std": 0.2889952076333474
  },
  "heldout_pitch_calibration": {
    "scope": "heldout_next_pitch_resolution",
    "n": 708908,
    "conditioning": "observed pitch and prior history; launch marginalized; includes continuation",
    "nll": 0.6886133341981404,
    "brier": 0.3319676469560178,
    "pit_histogram": [
      76312,
      69517,
      68941,
      69051,
      70133,
      70475,
      70255,
      70935,
      71475,
      71814
    ],
    "predicted_rates": [
      0.059629787336698326,
      0.020453540324696155,
      0.0028443737802476654,
      0.03513138455122167,
      0.009182432880705823,
      0.0005664820448292776,
      0.007626811897576305,
      0.11974261786438285,
      8.161544911863074e-10,
      0.7448225685034914
    ],
    "observed_rates": [
      0.05803150761452826,
      0.02027625587523346,
      0.0028494529614562117,
      0.036518137755533864,
      0.010961930179938722,
      0.0009817917134522392,
      0.007687880514819977,
      0.11912829309303886,
      0.0,
      0.7435647502919984
    ],
    "launch_samples": 16
  },
  "skill_policy": {
    "mode": "fixed",
    "resample_per_rep": false,
    "skill_seeds": [],
    "calibration_mode": "fixed_checkpoint",
    "source_world": null
  },
  "completion_diagnostics": {
    "per_rep": [
      {
        "flagged_games": 227,
        "no_detected_completion_fault": 2202,
        "flagged_fraction": 0.09345409633594072,
        "reasons": {
          "regulation_truncated": [
            745112,
            745119,
            745140,
            745362,
            745380,
            745486,
            745503,
            745627,
            745655,
            745761,
            745921,
            745952,
            745956,
            745990,
            746052,
            746056,
            746069,
            746122,
            746527,
            746741,
            746780,
            746873,
            746885,
            747197
          ],
          "extra_truncated": [],
          "unresolved_tie": [],
          "skipped_extra_innings": [
            744801,
            744816,
            744817,
            744830,
            744840,
            744842,
            744846,
            744868,
            744878,
            744883,
            744895,
            744905,
            744927,
            744940,
            744944,
            744959,
            744962,
            744973,
            744991,
            744999,
            745009,
            745021,
            745036,
            745055,
            745066,
            745070,
            745078,
            745083,
            745103,
            745105,
            745108,
            745111,
            745113,
            745121,
            745124,
            745133,
            745140,
            745143,
            745145,
            745176,
            745181,
            745230,
            745233,
            745242,
            745253,
            745256,
            745274,
            745276,
            745282,
            745285,
            745293,
            745324,
            745329,
            745340,
            745393,
            745401,
            745437,
            745458,
            745464,
            745481,
            745525,
            745535,
            745551,
            745555,
            745564,
            745567,
            745595,
            745600,
            745622,
            745639,
            745644,
            745646,
            745678,
            745702,
            745716,
            745747,
            745754,
            745757,
            745768,
            745780,
            745784,
            745786,
            745787,
            745788,
            745797,
            745798,
            745801,
            745811,
            745812,
            745814,
            745838,
            745890,
            745897,
            745924,
            745931,
            745946,
            745996,
            746007,
            746008,
            746025,
            746044,
            746052,
            746071,
            746072,
            746076,
            746095,
            746107,
            746116,
            746123,
            746127,
            746148,
            746149,
            746152,
            746158,
            746159,
            746175,
            746192,
            746217,
            746231,
            746235,
            746248,
            746280,
            746285,
            746291,
            746294,
            746307,
            746309,
            746313,
            746317,
            746332,
            746364,
            746370,
            746393,
            746395,
            746399,
            746422,
            746427,
            746428,
            746429,
            746445,
            746455,
            746461,
            746463,
            746493,
            746494,
            746509,
            746513,
            746516,
            746527,
            746535,
            746549,
            746550,
            746559,
            746565,
            746580,
            746589,
            746627,
            746644,
            746661,
            746672,
            746680,
            746684,
            746687,
            746720,
            746722,
            746728,
            746732,
            746733,
            746747,
            746763,
            746772,
            746776,
            746788,
            746800,
            746804,
            746811,
            746827,
            746833,
            746857,
            746871,
            746889,
            746890,
            746900,
            746906,
            746909,
            746935,
            746944,
            746955,
            746989,
            747008,
            747011,
            747012,
            747034,
            747035,
            747052,
            747057,
            747113,
            747139,
            747141,
            747155,
            747175,
            747181,
            747191,
            747200,
            747206,
            747218
          ]
        },
        "mean_total_all": 8.716344174557431,
        "mean_total_no_detected_fault": 8.565849227974569
      },
      {
        "flagged_games": 240,
        "no_detected_completion_fault": 2189,
        "flagged_fraction": 0.09880609304240429,
        "reasons": {
          "regulation_truncated": [
            744865,
            745066,
            745141,
            745143,
            745355,
            745503,
            745535,
            745655,
            745702,
            746053,
            746069,
            746162,
            746172,
            746174,
            746426,
            746506,
            746568,
            746741,
            746803,
            746885,
            746914,
            747147,
            747168
          ],
          "extra_truncated": [],
          "unresolved_tie": [],
          "skipped_extra_innings": [
            744797,
            744828,
            744846,
            744849,
            744867,
            744881,
            744882,
            744911,
            744919,
            744921,
            744939,
            745007,
            745016,
            745027,
            745037,
            745038,
            745045,
            745050,
            745056,
            745077,
            745079,
            745083,
            745088,
            745089,
            745096,
            745102,
            745107,
            745117,
            745126,
            745127,
            745156,
            745175,
            745179,
            745187,
            745213,
            745214,
            745215,
            745216,
            745221,
            745243,
            745252,
            745258,
            745265,
            745275,
            745281,
            745292,
            745300,
            745315,
            745318,
            745325,
            745327,
            745390,
            745391,
            745392,
            745395,
            745396,
            745413,
            745416,
            745426,
            745428,
            745445,
            745468,
            745490,
            745502,
            745507,
            745553,
            745566,
            745567,
            745583,
            745605,
            745606,
            745613,
            745627,
            745670,
            745677,
            745680,
            745688,
            745697,
            745710,
            745716,
            745728,
            745733,
            745751,
            745774,
            745795,
            745799,
            745815,
            745825,
            745837,
            745868,
            745886,
            745898,
            745901,
            745913,
            745933,
            745937,
            745946,
            745957,
            745968,
            745977,
            745982,
            745985,
            745994,
            745996,
            746024,
            746029,
            746051,
            746054,
            746063,
            746073,
            746079,
            746126,
            746164,
            746184,
            746204,
            746206,
            746244,
            746251,
            746257,
            746262,
            746264,
            746272,
            746277,
            746296,
            746309,
            746312,
            746313,
            746342,
            746359,
            746364,
            746366,
            746379,
            746383,
            746444,
            746446,
            746453,
            746460,
            746469,
            746472,
            746489,
            746492,
            746508,
            746512,
            746514,
            746519,
            746528,
            746530,
            746570,
            746573,
            746583,
            746587,
            746591,
            746596,
            746598,
            746605,
            746606,
            746609,
            746611,
            746613,
            746614,
            746617,
            746626,
            746632,
            746638,
            746639,
            746655,
            746675,
            746689,
            746700,
            746701,
            746707,
            746708,
            746752,
            746766,
            746776,
            746778,
            746786,
            746812,
            746813,
            746830,
            746832,
            746839,
            746843,
            746844,
            746849,
            746875,
            746881,
            746888,
            746905,
            746917,
            746924,
            746944,
            746958,
            746969,
            746981,
            746982,
            747018,
            747036,
            747048,
            747052,
            747059,
            747061,
            747077,
            747082,
            747086,
            747096,
            747107,
            747134,
            747140,
            747159,
            747164,
            747168,
            747170,
            747172,
            747177,
            747180,
            747188,
            747203
          ]
        },
        "mean_total_all": 8.87855084396871,
        "mean_total_no_detected_fault": 8.829145728643216
      },
      {
        "flagged_games": 247,
        "no_detected_completion_fault": 2182,
        "flagged_fraction": 0.10168793742280774,
        "reasons": {
          "regulation_truncated": [
            744820,
            744865,
            745009,
            745091,
            745264,
            745364,
            745373,
            745503,
            745506,
            745548,
            745643,
            745821,
            746039,
            746149,
            746158,
            746207,
            746412,
            746640,
            746853,
            746873,
            746895,
            746925,
            747041,
            747104,
            747168
          ],
          "extra_truncated": [],
          "unresolved_tie": [],
          "skipped_extra_innings": [
            744804,
            744822,
            744845,
            744857,
            744862,
            744890,
            744901,
            744906,
            744908,
            744912,
            744920,
            744925,
            744944,
            744947,
            744950,
            744953,
            744967,
            744971,
            744976,
            744979,
            744985,
            744987,
            744999,
            745036,
            745043,
            745050,
            745060,
            745063,
            745065,
            745069,
            745072,
            745085,
            745093,
            745125,
            745129,
            745132,
            745140,
            745141,
            745147,
            745156,
            745157,
            745202,
            745211,
            745217,
            745226,
            745248,
            745263,
            745281,
            745282,
            745291,
            745302,
            745322,
            745340,
            745361,
            745375,
            745384,
            745388,
            745396,
            745397,
            745398,
            745402,
            745404,
            745409,
            745414,
            745475,
            745489,
            745500,
            745512,
            745516,
            745518,
            745536,
            745541,
            745547,
            745554,
            745563,
            745566,
            745567,
            745575,
            745588,
            745609,
            745617,
            745629,
            745634,
            745636,
            745665,
            745682,
            745686,
            745688,
            745700,
            745704,
            745708,
            745709,
            745715,
            745733,
            745734,
            745739,
            745743,
            745744,
            745752,
            745754,
            745780,
            745798,
            745808,
            745817,
            745822,
            745842,
            745859,
            745860,
            745862,
            745870,
            745871,
            745872,
            745876,
            745879,
            745886,
            745889,
            745905,
            745907,
            745910,
            745916,
            745917,
            745928,
            745932,
            745933,
            745938,
            745953,
            745970,
            745973,
            745974,
            745979,
            745996,
            746004,
            746008,
            746029,
            746044,
            746062,
            746073,
            746117,
            746120,
            746126,
            746128,
            746148,
            746187,
            746216,
            746218,
            746220,
            746225,
            746226,
            746232,
            746242,
            746254,
            746267,
            746269,
            746299,
            746306,
            746315,
            746320,
            746345,
            746349,
            746356,
            746359,
            746433,
            746434,
            746437,
            746466,
            746474,
            746486,
            746513,
            746515,
            746541,
            746549,
            746554,
            746559,
            746565,
            746574,
            746612,
            746614,
            746626,
            746628,
            746632,
            746638,
            746650,
            746693,
            746696,
            746702,
            746707,
            746729,
            746741,
            746748,
            746756,
            746760,
            746795,
            746799,
            746806,
            746815,
            746833,
            746883,
            746903,
            746918,
            746937,
            746947,
            746976,
            746977,
            746984,
            746990,
            747029,
            747040,
            747061,
            747064,
            747069,
            747077,
            747079,
            747102,
            747114,
            747130,
            747178,
            747179,
            747182,
            747190,
            747193,
            747206,
            747215
          ]
        },
        "mean_total_all": 8.855496088925484,
        "mean_total_no_detected_fault": 8.795142071494043
      },
      {
        "flagged_games": 240,
        "no_detected_completion_fault": 2189,
        "flagged_fraction": 0.09880609304240429,
        "reasons": {
          "regulation_truncated": [
            744865,
            744866,
            744924,
            745013,
            745429,
            745503,
            745655,
            745729,
            745761,
            745836,
            745865,
            745893,
            745898,
            745908,
            745910,
            745921,
            745960,
            745992,
            746044,
            746108,
            746412,
            746479,
            746533,
            746543,
            746693,
            746873,
            746885,
            746903,
            746940,
            747041,
            747168,
            747193,
            747214
          ],
          "extra_truncated": [],
          "unresolved_tie": [
            745984
          ],
          "skipped_extra_innings": [
            744816,
            744820,
            744841,
            744870,
            744883,
            744890,
            744899,
            744903,
            744940,
            744956,
            744963,
            744989,
            744994,
            745000,
            745022,
            745024,
            745038,
            745043,
            745048,
            745058,
            745082,
            745084,
            745099,
            745110,
            745113,
            745115,
            745150,
            745162,
            745166,
            745179,
            745187,
            745196,
            745212,
            745223,
            745230,
            745235,
            745239,
            745263,
            745265,
            745273,
            745292,
            745305,
            745310,
            745318,
            745326,
            745336,
            745344,
            745345,
            745362,
            745385,
            745387,
            745388,
            745406,
            745421,
            745423,
            745425,
            745440,
            745445,
            745452,
            745469,
            745486,
            745491,
            745501,
            745520,
            745557,
            745558,
            745563,
            745595,
            745603,
            745608,
            745655,
            745674,
            745676,
            745720,
            745721,
            745722,
            745724,
            745731,
            745753,
            745756,
            745769,
            745774,
            745777,
            745788,
            745802,
            745831,
            745834,
            745840,
            745849,
            745863,
            745886,
            745892,
            745895,
            745896,
            745902,
            745905,
            745907,
            745917,
            745918,
            745927,
            745940,
            745951,
            745958,
            745964,
            745969,
            745984,
            746015,
            746035,
            746042,
            746049,
            746058,
            746067,
            746090,
            746111,
            746115,
            746121,
            746123,
            746130,
            746138,
            746149,
            746181,
            746192,
            746214,
            746223,
            746228,
            746235,
            746242,
            746256,
            746264,
            746269,
            746285,
            746307,
            746312,
            746317,
            746321,
            746332,
            746345,
            746348,
            746362,
            746363,
            746374,
            746375,
            746402,
            746404,
            746412,
            746433,
            746435,
            746437,
            746453,
            746459,
            746465,
            746466,
            746472,
            746474,
            746495,
            746502,
            746505,
            746506,
            746515,
            746534,
            746549,
            746551,
            746578,
            746591,
            746601,
            746606,
            746624,
            746635,
            746650,
            746652,
            746653,
            746659,
            746669,
            746670,
            746681,
            746694,
            746717,
            746718,
            746735,
            746754,
            746759,
            746761,
            746784,
            746816,
            746841,
            746900,
            746911,
            746915,
            746939,
            746943,
            746951,
            746954,
            747001,
            747008,
            747012,
            747031,
            747037,
            747057,
            747079,
            747085,
            747086,
            747087,
            747106,
            747113,
            747130,
            747136,
            747146,
            747156,
            747168,
            747188
          ]
        },
        "mean_total_all": 8.809386578839028,
        "mean_total_no_detected_fault": 8.678391959798995
      },
      {
        "flagged_games": 259,
        "no_detected_completion_fault": 2170,
        "flagged_fraction": 0.10662824207492795,
        "reasons": {
          "regulation_truncated": [
            744820,
            744865,
            745191,
            745244,
            745364,
            745503,
            745655,
            745785,
            745821,
            745859,
            746052,
            746074,
            746228,
            746285,
            746362,
            746397,
            746490,
            746685,
            746709,
            746763,
            746873,
            746885,
            747041,
            747068,
            747180,
            747214
          ],
          "extra_truncated": [],
          "unresolved_tie": [
            744827
          ],
          "skipped_extra_innings": [
            744797,
            744801,
            744821,
            744827,
            744838,
            744848,
            744850,
            744855,
            744887,
            744888,
            744903,
            744908,
            744929,
            744937,
            744939,
            744940,
            744958,
            744975,
            744986,
            744998,
            745004,
            745014,
            745015,
            745035,
            745040,
            745046,
            745056,
            745071,
            745091,
            745094,
            745102,
            745109,
            745111,
            745131,
            745154,
            745172,
            745181,
            745184,
            745200,
            745210,
            745213,
            745216,
            745217,
            745227,
            745244,
            745248,
            745249,
            745256,
            745257,
            745263,
            745267,
            745290,
            745313,
            745320,
            745325,
            745332,
            745335,
            745358,
            745369,
            745382,
            745384,
            745390,
            745416,
            745425,
            745429,
            745437,
            745438,
            745443,
            745450,
            745459,
            745476,
            745478,
            745483,
            745486,
            745490,
            745493,
            745500,
            745513,
            745525,
            745531,
            745557,
            745570,
            745577,
            745607,
            745614,
            745621,
            745648,
            745661,
            745684,
            745686,
            745696,
            745700,
            745706,
            745716,
            745717,
            745731,
            745746,
            745761,
            745762,
            745771,
            745778,
            745791,
            745794,
            745796,
            745815,
            745823,
            745828,
            745845,
            745850,
            745868,
            745870,
            745874,
            745884,
            745904,
            745910,
            745918,
            745920,
            745944,
            745960,
            745979,
            746005,
            746007,
            746017,
            746018,
            746027,
            746029,
            746031,
            746038,
            746063,
            746079,
            746092,
            746097,
            746111,
            746120,
            746128,
            746129,
            746143,
            746167,
            746174,
            746182,
            746186,
            746201,
            746219,
            746246,
            746262,
            746264,
            746282,
            746286,
            746291,
            746292,
            746298,
            746327,
            746335,
            746337,
            746348,
            746352,
            746356,
            746357,
            746392,
            746398,
            746410,
            746416,
            746417,
            746432,
            746437,
            746440,
            746444,
            746446,
            746450,
            746472,
            746475,
            746488,
            746497,
            746498,
            746506,
            746510,
            746514,
            746534,
            746574,
            746582,
            746584,
            746592,
            746608,
            746619,
            746634,
            746668,
            746683,
            746687,
            746689,
            746698,
            746704,
            746716,
            746733,
            746751,
            746756,
            746762,
            746767,
            746801,
            746806,
            746811,
            746821,
            746840,
            746857,
            746867,
            746868,
            746897,
            746904,
            746923,
            746935,
            746937,
            746948,
            746962,
            746966,
            746988,
            747001,
            747011,
            747016,
            747035,
            747037,
            747048,
            747053,
            747055,
            747065,
            747089,
            747093,
            747112,
            747118,
            747134,
            747140,
            747145,
            747151,
            747160,
            747200,
            747224
          ]
        },
        "mean_total_all": 8.785920131741458,
        "mean_total_no_detected_fault": 8.741935483870968
      }
    ],
    "simulation_changed": false,
    "headline_metrics_include_flagged_games": true,
    "note": "Diagnostic only. No detected fault is not certification of legal completion; observed lineup/staff policy and other modelling limitations remain. Filtered means are a sensitivity check, not an unbiased replacement benchmark."
  },
  "rate_export": {
    "path": "data/eval2/prod_rates_v26a_pa_abcd_s42_abcd.npz",
    "players": 543,
    "max_pa_per_game": 90,
    "note": "Generated-outcome rates on the selected observed 2024 PA denominator."
  },
  "arrays_export": {
    "path": "data/eval2/calib_v26a_pa_abcd_s42_abcd-observed-schedule_arrays.npz",
    "games": 2429,
    "reps": 5,
    "note": "Observed lineup/staff schedule; source rows cycle only if a generated half outlives its observed PA schedule. Not a pre-game roster/staff simulation."
  },
  "note": "Generated game state on observed lineup/staff schedule; a half that outlives its observed PA sources cycles those sources until a generated third out. Continuation PAs are excluded from the paired fixed-cohort rate export; not a pre-game roster/staff simulation.",
  "player_stats": {
    "n_batters": 382,
    "min_pa": 150,
    "stats": {
      "AVG": {
        "real_mean": 0.23902044238541253,
        "sim_mean": 0.23958765874713697,
        "mae": 0.02625676063819707,
        "corr": 0.3103199956667889
      },
      "OBP": {
        "real_mean": 0.3096612606472928,
        "sim_mean": 0.34068000851770497,
        "mae": 0.03753732627564482,
        "corr": 0.43570949928347924
      },
      "SLG": {
        "real_mean": 0.39053884214042284,
        "sim_mean": 0.3922101093052076,
        "mae": 0.05448748021812799,
        "corr": 0.33838673229286054
      },
      "K%": {
        "real_mean": 0.2260079387708535,
        "sim_mean": 0.2084780653491115,
        "mae": 0.03390372421947001,
        "corr": 0.7734154056954976
      },
      "BB%": {
        "real_mean": 0.08142517113076207,
        "sim_mean": 0.11912886193727401,
        "mae": 0.03904264025052839,
        "corr": 0.6423943398498245
      },
      "HR%": {
        "real_mean": 0.029203748068456624,
        "sim_mean": 0.03038073124488505,
        "mae": 0.010046847713979522,
        "corr": 0.4802159494584115
      }
    },
    "coverage": {
      "AVG": {
        "50": 24.345549738219894,
        "90": 51.832460732984295,
        "95": 56.02094240837696
      },
      "OBP": {
        "50": 19.3717277486911,
        "90": 37.43455497382199,
        "95": 39.26701570680628
      },
      "SLG": {
        "50": 25.392670157068064,
        "90": 52.35602094240838,
        "95": 54.45026178010471
      },
      "K%": {
        "50": 17.015706806282722,
        "90": 35.86387434554974,
        "95": 38.481675392670155
      },
      "BB%": {
        "50": 7.329842931937172,
        "90": 15.18324607329843,
        "95": 16.230366492146597
      },
      "HR%": {
        "50": 26.96335078534031,
        "90": 50.523560209424076,
        "95": 52.879581151832454
      }
    }
  },
  "per_rep": {
    "total_mean": [
      8.716344174557431,
      8.87855084396871,
      8.855496088925484,
      8.809386578839028,
      8.785920131741458
    ],
    "home_win_rate": [
      0.4956772334293948,
      0.49032523672293127,
      0.49444215726636476,
      0.5150267599835323,
      0.5043227665706052
    ],
    "walkoff_rate": [
      0.06875257307533965,
      0.0675174969123096,
      0.07204610951008646,
      0.07822149032523672,
      0.0716344174557431
    ],
    "extra_rate": [
      0.3515850144092219,
      0.3524083985179086,
      0.3515850144092219,
      0.3433511733223549,
      0.3499382461918485
    ]
  }
}
saved -> data/runs/joint_v26a_pa_abcd_s42/abcd_games.json
