Hybrid rollout: A/B/C generate pitches; the Model 7 PA head replaces D for in-play outcomes.
Preparing immutable observed pitch schedules...

--- Rep 1/5 (seed=42) ---

--- Rep 2/5 (seed=1000045) ---

--- Rep 3/5 (seed=2000048) ---

--- Rep 4/5 (seed=3000051) ---

--- Rep 5/5 (seed=4000054) ---

=== Held-out next-pitch resolution (B+D) ===
  not reported for the A/B/C + PA hybrid

=== Marginal outcome calibration ===
  outcome   real%    sim%   ratio      recal
       K   22.58   22.48   0.996     0.0043
      BB    8.18   11.77   1.438    -0.3634
     HBP    1.11    1.32   1.191    -0.1748
      1B   14.20   12.32   0.868     0.1416
      2B    4.26    4.04   0.948     0.0530
      3B    0.38    0.32   0.845     0.1682
      HR    2.99    3.11   1.042    -0.0408
     out   46.30   44.63   0.964     0.0368
       E    0.00    0.00     nan        nan

=== Score distribution ===
                   real      sim
  mean             8.63 9.13 +/- 0.12
  std              4.27     4.60
  median            8.0      9.0
  shutout%         13.4     13.5
  blowout%         28.3     30.1

=== Runs-by-inning fraction (fatigue shape test) ===
  inning   1    2    3    4    5    6    7    8    9   | late(6-9)
  real  11.7 10.8 11.7 11.8 11.9 11.8 11.0 11.0  8.2  | 42.0%
  sim   13.3 11.0 11.6 11.5 11.4 11.5 11.3 11.3  7.1  | 41.2%

=== PA + ABCD HYBRID GAME EVAL (2429 games, 5 reps, 5746s) ===
  runs/game   real 8.63   sim 9.13 +/- 0.12
  home runs/g 4.49 +/- 0.05   away 4.64 +/- 0.08   home-win 50.7 +/- 0.9%  (ties 0)
  extras      real 8.9%   sim 9.1 +/- 0.4%   walk-offs 7.4 +/- 0.2%
  truncated half-innings: 23
  extra half-innings: 11.6   unresolved: 0.4

=== Player-level via ABCD game eval (382 batters >= 150 PA) ===
  stat      real      sim      MAE    corr
  AVG     0.2390   0.2333   0.0269   0.339
  OBP     0.3097   0.3353   0.0342   0.452
  SLG     0.3905   0.3984   0.0567   0.400
  K%      0.2260   0.2081   0.0340   0.780
  BB%     0.0814   0.1193   0.0391   0.644
  HR%     0.0292   0.0316   0.0101   0.562

=== Coverage (5 reps, 382 batters) ===
  stat    cov50%   cov90%   cov95%
  AVG       26.2     50.3     52.1
  OBP       20.7     38.2     39.8
  SLG       25.1     51.3     55.0
  K%        17.8     36.9     40.3
  BB%        5.8     16.0     17.5
  HR%       26.2     49.7     51.8
saved paired-rate artifact -> data/eval2/prod_rates_v26a_pa_abcd_s42_hybrid.npz
saved benchmark arrays -> data/eval2/calib_v26a_pa_abcd_s42_hybrid-observed-schedule_arrays.npz
{
  "tag": "v26a_pa_abcd_s42",
  "season": 2024,
  "c_events": true,
  "games": 2429,
  "reps": 5,
  "elapsed_s": 5746.271470069885,
  "truncated_half_innings": 23,
  "batch_games": 256,
  "total_mean": 9.133882256072459,
  "total_std": 0.12358372843469767,
  "home_mean": 4.490983944009881,
  "away_mean": 4.642898312062577,
  "home_win_rate": 0.50712227254014,
  "real_total_mean": 8.634829147797447,
  "score_dist": {
    "sim_std": 4.595093839981955,
    "sim_median": 9.0,
    "sim_shutout_rate": 13.478797859201316,
    "sim_blowout_rate": 30.144092219020173,
    "real_std": 4.270741335866924,
    "real_median": 8.0,
    "real_shutout_rate": 13.421160971593249,
    "real_blowout_rate": 28.324413338822563
  },
  "pa_outcomes_sim": {
    "K": 41528.0,
    "BB": 21736.4,
    "HBP": 2435.6,
    "1B": 22760.6,
    "2B": 7461.2,
    "3B": 596.4,
    "HR": 5750.2,
    "out": 82434.4,
    "E": 0.0
  },
  "pa_outcomes_real": {
    "K": 41197.0,
    "BB": 14929.0,
    "HBP": 2020.0,
    "1B": 25902.0,
    "2B": 7771.0,
    "3B": 697.0,
    "HR": 5453.0,
    "out": 84480.0,
    "E": 0.0
  },
  "runs_by_inning_frac_sim": [
    0.13251835105640683,
    0.11044126266432218,
    0.11612567101137812,
    0.11453478095025443,
    0.11406960841776213,
    0.11523253974899289,
    0.11308344264887846,
    0.11314856680342739,
    0.0708457766985775
  ],
  "runs_by_inning_frac_real": [
    0.11716795054217163,
    0.10794367302880134,
    0.11741327707178255,
    0.1183945831902262,
    0.11927775869682547,
    0.11760953829547127,
    0.11020067710122172,
    0.11044600363083264,
    0.0815465384426672
  ],
  "extra_runs_per_game": 0.28357348703170027,
  "sim_extra_rate": 9.065459036640593,
  "real_extra_rate": 8.892548373816386,
  "walkoff_rate": 7.426924660354055,
  "n_ties_mean": 0.4,
  "n_extra_half_innings_mean": 11.6,
  "n_unresolved_mean": 0.4,
  "events": [
    1593.8,
    318.2,
    92.4,
    2856.2,
    357.6,
    8084.0,
    34.8,
    290.6
  ],
  "simulation_consistency": null,
  "heldout_pitch_calibration": {
    "n": 0,
    "scope": "not_applicable_pa_replaces_d",
    "reason": "Native B+D held-out resolution is not a score for an A/B/C+PA hybrid."
  },
  "skill_policy": {
    "mode": "fixed",
    "resample_per_rep": false,
    "skill_seeds": [],
    "calibration_mode": "fixed_checkpoint",
    "source_world": null
  },
  "completion_diagnostics": {
    "per_rep": [
      {
        "flagged_games": 235,
        "no_detected_completion_fault": 2194,
        "flagged_fraction": 0.09674763277068753,
        "reasons": {
          "regulation_truncated": [
            744842,
            744844,
            744849,
            745147,
            745444,
            745485,
            745503,
            745582,
            745655,
            745741,
            745892,
            745992,
            746326,
            746341,
            746362,
            746685,
            746885,
            747041,
            747168
          ],
          "extra_truncated": [],
          "unresolved_tie": [
            746249
          ],
          "skipped_extra_innings": [
            744796,
            744805,
            744812,
            744833,
            744839,
            744850,
            744852,
            744864,
            744869,
            744884,
            744892,
            744906,
            744912,
            744921,
            744944,
            744946,
            744947,
            744995,
            745001,
            745011,
            745016,
            745036,
            745047,
            745054,
            745055,
            745057,
            745061,
            745074,
            745077,
            745079,
            745089,
            745104,
            745105,
            745109,
            745110,
            745115,
            745120,
            745148,
            745154,
            745163,
            745169,
            745180,
            745190,
            745192,
            745210,
            745214,
            745223,
            745239,
            745254,
            745272,
            745281,
            745284,
            745292,
            745295,
            745309,
            745311,
            745321,
            745338,
            745360,
            745367,
            745384,
            745399,
            745404,
            745406,
            745428,
            745482,
            745518,
            745527,
            745528,
            745529,
            745530,
            745531,
            745569,
            745574,
            745583,
            745590,
            745595,
            745598,
            745615,
            745617,
            745619,
            745622,
            745656,
            745661,
            745683,
            745687,
            745696,
            745712,
            745723,
            745732,
            745733,
            745754,
            745755,
            745762,
            745769,
            745795,
            745802,
            745805,
            745826,
            745852,
            745857,
            745861,
            745864,
            745881,
            745885,
            745887,
            745897,
            745906,
            745931,
            745932,
            745945,
            745955,
            745959,
            745970,
            745982,
            745993,
            746008,
            746019,
            746038,
            746039,
            746059,
            746062,
            746118,
            746120,
            746156,
            746176,
            746193,
            746195,
            746208,
            746210,
            746216,
            746224,
            746226,
            746238,
            746246,
            746249,
            746253,
            746263,
            746277,
            746279,
            746281,
            746282,
            746306,
            746309,
            746318,
            746325,
            746341,
            746344,
            746361,
            746362,
            746375,
            746400,
            746401,
            746407,
            746420,
            746433,
            746435,
            746440,
            746456,
            746462,
            746471,
            746472,
            746505,
            746509,
            746528,
            746547,
            746585,
            746593,
            746602,
            746607,
            746609,
            746612,
            746617,
            746623,
            746625,
            746638,
            746688,
            746703,
            746711,
            746752,
            746759,
            746766,
            746771,
            746780,
            746783,
            746804,
            746809,
            746828,
            746831,
            746835,
            746884,
            746887,
            746890,
            746894,
            746899,
            746900,
            746936,
            746945,
            746946,
            746961,
            746965,
            746979,
            746984,
            747003,
            747006,
            747022,
            747023,
            747049,
            747053,
            747064,
            747065,
            747074,
            747124,
            747159,
            747162,
            747171,
            747217,
            747224
          ]
        },
        "mean_total_all": 8.998353231782627,
        "mean_total_no_detected_fault": 8.977666362807657
      },
      {
        "flagged_games": 247,
        "no_detected_completion_fault": 2182,
        "flagged_fraction": 0.10168793742280774,
        "reasons": {
          "regulation_truncated": [
            744820,
            745201,
            745289,
            745503,
            745523,
            745535,
            745655,
            745661,
            745678,
            745857,
            745871,
            745969,
            746052,
            746149,
            746161,
            746207,
            746221,
            746362,
            746431,
            746477,
            746490,
            746502,
            746685,
            746709,
            746885,
            747069,
            747104,
            747168
          ],
          "extra_truncated": [],
          "unresolved_tie": [],
          "skipped_extra_innings": [
            744795,
            744803,
            744808,
            744810,
            744817,
            744833,
            744840,
            744874,
            744875,
            744880,
            744886,
            744902,
            744904,
            744906,
            744916,
            744918,
            744924,
            744925,
            744944,
            744972,
            744978,
            744984,
            744990,
            744997,
            745000,
            745009,
            745024,
            745051,
            745053,
            745064,
            745077,
            745092,
            745100,
            745102,
            745110,
            745119,
            745132,
            745154,
            745156,
            745158,
            745168,
            745175,
            745189,
            745190,
            745202,
            745213,
            745218,
            745236,
            745240,
            745251,
            745264,
            745274,
            745287,
            745295,
            745300,
            745304,
            745307,
            745313,
            745316,
            745322,
            745326,
            745329,
            745335,
            745336,
            745340,
            745347,
            745348,
            745354,
            745361,
            745376,
            745385,
            745388,
            745407,
            745438,
            745465,
            745503,
            745537,
            745548,
            745562,
            745602,
            745618,
            745626,
            745627,
            745642,
            745644,
            745665,
            745673,
            745676,
            745695,
            745710,
            745721,
            745748,
            745753,
            745772,
            745804,
            745814,
            745825,
            745836,
            745845,
            745848,
            745856,
            745858,
            745859,
            745867,
            745885,
            745898,
            745911,
            745914,
            745926,
            745935,
            745940,
            745943,
            745961,
            745984,
            745991,
            746031,
            746046,
            746053,
            746072,
            746074,
            746105,
            746117,
            746127,
            746164,
            746169,
            746174,
            746179,
            746181,
            746189,
            746198,
            746199,
            746203,
            746217,
            746241,
            746252,
            746255,
            746266,
            746272,
            746285,
            746288,
            746306,
            746309,
            746319,
            746328,
            746344,
            746347,
            746362,
            746381,
            746382,
            746386,
            746423,
            746424,
            746430,
            746437,
            746451,
            746458,
            746465,
            746487,
            746503,
            746518,
            746527,
            746532,
            746535,
            746539,
            746559,
            746579,
            746586,
            746609,
            746610,
            746611,
            746635,
            746647,
            746649,
            746657,
            746660,
            746688,
            746722,
            746738,
            746741,
            746758,
            746766,
            746798,
            746800,
            746801,
            746810,
            746823,
            746826,
            746840,
            746847,
            746853,
            746863,
            746882,
            746891,
            746892,
            746899,
            746906,
            746987,
            746991,
            746995,
            747001,
            747002,
            747017,
            747025,
            747032,
            747036,
            747055,
            747072,
            747077,
            747083,
            747096,
            747110,
            747111,
            747130,
            747142,
            747153,
            747181,
            747184,
            747189,
            747194,
            747198,
            747205
          ]
        },
        "mean_total_all": 9.093042404281597,
        "mean_total_no_detected_fault": 9.045371219065078
      },
      {
        "flagged_games": 258,
        "no_detected_completion_fault": 2171,
        "flagged_fraction": 0.1062165500205846,
        "reasons": {
          "regulation_truncated": [
            744865,
            744889,
            745133,
            745136,
            745373,
            745484,
            745503,
            745548,
            745655,
            745695,
            745761,
            745821,
            745884,
            745982,
            746052,
            746073,
            746145,
            746228,
            746412,
            746640,
            746698,
            746873,
            746995,
            747048,
            747104,
            747180
          ],
          "extra_truncated": [],
          "unresolved_tie": [],
          "skipped_extra_innings": [
            744800,
            744822,
            744826,
            744831,
            744841,
            744857,
            744861,
            744865,
            744889,
            744899,
            744902,
            744913,
            744917,
            744921,
            744933,
            744944,
            744951,
            744971,
            745023,
            745024,
            745030,
            745032,
            745045,
            745048,
            745061,
            745062,
            745069,
            745077,
            745078,
            745111,
            745116,
            745122,
            745124,
            745159,
            745172,
            745177,
            745185,
            745204,
            745234,
            745251,
            745282,
            745285,
            745288,
            745315,
            745324,
            745335,
            745341,
            745346,
            745354,
            745357,
            745361,
            745371,
            745384,
            745393,
            745394,
            745404,
            745421,
            745422,
            745433,
            745436,
            745442,
            745454,
            745456,
            745466,
            745471,
            745476,
            745498,
            745503,
            745535,
            745539,
            745548,
            745553,
            745584,
            745587,
            745610,
            745613,
            745620,
            745626,
            745641,
            745647,
            745654,
            745668,
            745678,
            745692,
            745708,
            745715,
            745724,
            745741,
            745744,
            745766,
            745769,
            745772,
            745779,
            745784,
            745815,
            745822,
            745851,
            745868,
            745880,
            745885,
            745897,
            745901,
            745909,
            745910,
            745912,
            745913,
            745930,
            745944,
            745948,
            745954,
            745957,
            745982,
            746016,
            746026,
            746040,
            746041,
            746045,
            746052,
            746059,
            746093,
            746102,
            746116,
            746127,
            746145,
            746157,
            746180,
            746181,
            746185,
            746193,
            746205,
            746208,
            746217,
            746221,
            746245,
            746251,
            746274,
            746281,
            746303,
            746304,
            746309,
            746313,
            746316,
            746317,
            746324,
            746327,
            746330,
            746334,
            746355,
            746358,
            746369,
            746372,
            746381,
            746382,
            746388,
            746399,
            746400,
            746402,
            746403,
            746422,
            746429,
            746430,
            746456,
            746457,
            746476,
            746480,
            746484,
            746498,
            746508,
            746516,
            746517,
            746542,
            746548,
            746549,
            746553,
            746555,
            746586,
            746591,
            746599,
            746621,
            746631,
            746643,
            746649,
            746657,
            746686,
            746688,
            746691,
            746711,
            746725,
            746747,
            746749,
            746786,
            746826,
            746828,
            746834,
            746835,
            746855,
            746870,
            746877,
            746887,
            746889,
            746900,
            746910,
            746912,
            746918,
            746919,
            746940,
            746941,
            746950,
            746957,
            746964,
            746965,
            746966,
            747001,
            747002,
            747005,
            747019,
            747020,
            747022,
            747028,
            747029,
            747055,
            747063,
            747072,
            747082,
            747091,
            747092,
            747103,
            747133,
            747143,
            747148,
            747161,
            747173,
            747174,
            747186,
            747188,
            747200,
            747208,
            747211,
            747213
          ]
        },
        "mean_total_all": 9.335117332235487,
        "mean_total_no_detected_fault": 9.164900967296177
      },
      {
        "flagged_games": 240,
        "no_detected_completion_fault": 2189,
        "flagged_fraction": 0.09880609304240429,
        "reasons": {
          "regulation_truncated": [
            744820,
            744885,
            745263,
            745429,
            745486,
            745487,
            745655,
            745661,
            745830,
            745853,
            745889,
            745905,
            745960,
            746052,
            746067,
            746207,
            746509,
            746563,
            746640,
            746833,
            746885,
            747015
          ],
          "extra_truncated": [],
          "unresolved_tie": [
            745890
          ],
          "skipped_extra_innings": [
            744796,
            744809,
            744817,
            744828,
            744843,
            744863,
            744875,
            744884,
            744907,
            744922,
            744925,
            744930,
            744941,
            744945,
            744946,
            744963,
            744974,
            744977,
            744978,
            744996,
            744998,
            745005,
            745008,
            745009,
            745019,
            745027,
            745029,
            745034,
            745046,
            745049,
            745054,
            745064,
            745073,
            745076,
            745078,
            745103,
            745117,
            745130,
            745131,
            745133,
            745146,
            745155,
            745167,
            745180,
            745184,
            745192,
            745220,
            745223,
            745232,
            745233,
            745245,
            745253,
            745287,
            745288,
            745291,
            745303,
            745310,
            745336,
            745338,
            745349,
            745359,
            745364,
            745375,
            745399,
            745414,
            745423,
            745424,
            745436,
            745439,
            745453,
            745463,
            745483,
            745490,
            745498,
            745499,
            745505,
            745532,
            745543,
            745555,
            745557,
            745564,
            745592,
            745593,
            745601,
            745605,
            745614,
            745623,
            745641,
            745642,
            745688,
            745705,
            745712,
            745723,
            745731,
            745734,
            745739,
            745750,
            745757,
            745764,
            745778,
            745790,
            745797,
            745801,
            745811,
            745813,
            745814,
            745832,
            745836,
            745837,
            745838,
            745865,
            745875,
            745890,
            745891,
            745892,
            745906,
            745910,
            745922,
            745926,
            745958,
            745994,
            746011,
            746033,
            746060,
            746100,
            746106,
            746111,
            746115,
            746135,
            746156,
            746159,
            746170,
            746178,
            746186,
            746194,
            746208,
            746234,
            746240,
            746249,
            746255,
            746269,
            746283,
            746286,
            746295,
            746304,
            746323,
            746327,
            746333,
            746344,
            746367,
            746371,
            746394,
            746406,
            746415,
            746441,
            746444,
            746453,
            746459,
            746464,
            746469,
            746470,
            746497,
            746503,
            746508,
            746556,
            746581,
            746607,
            746619,
            746622,
            746628,
            746630,
            746631,
            746647,
            746651,
            746661,
            746668,
            746686,
            746687,
            746689,
            746690,
            746696,
            746704,
            746752,
            746767,
            746778,
            746782,
            746793,
            746805,
            746808,
            746848,
            746870,
            746873,
            746886,
            746899,
            746906,
            746918,
            746922,
            746924,
            746932,
            746954,
            746959,
            746968,
            746972,
            746984,
            746985,
            747020,
            747028,
            747038,
            747055,
            747056,
            747069,
            747089,
            747145,
            747146,
            747156,
            747164,
            747192,
            747223
          ]
        },
        "mean_total_all": 9.033347056401812,
        "mean_total_no_detected_fault": 8.941068981269986
      },
      {
        "flagged_games": 226,
        "no_detected_completion_fault": 2203,
        "flagged_fraction": 0.09304240428159737,
        "reasons": {
          "regulation_truncated": [
            745112,
            745134,
            745310,
            745364,
            745429,
            745484,
            745503,
            745551,
            745566,
            745655,
            745688,
            745888,
            746097,
            746124,
            746162,
            746186,
            746228,
            746326,
            746664,
            746741,
            747160,
            747214
          ],
          "extra_truncated": [],
          "unresolved_tie": [],
          "skipped_extra_innings": [
            744798,
            744822,
            744828,
            744836,
            744841,
            744844,
            744851,
            744858,
            744869,
            744880,
            744881,
            744891,
            744899,
            744901,
            744904,
            744937,
            744946,
            744950,
            744969,
            744972,
            744976,
            744996,
            745037,
            745055,
            745068,
            745073,
            745083,
            745090,
            745092,
            745102,
            745128,
            745131,
            745135,
            745137,
            745138,
            745196,
            745197,
            745215,
            745217,
            745220,
            745228,
            745236,
            745240,
            745258,
            745321,
            745322,
            745323,
            745324,
            745328,
            745330,
            745339,
            745340,
            745345,
            745347,
            745364,
            745375,
            745394,
            745407,
            745445,
            745454,
            745488,
            745490,
            745497,
            745511,
            745514,
            745521,
            745525,
            745531,
            745563,
            745572,
            745586,
            745607,
            745618,
            745633,
            745654,
            745656,
            745658,
            745668,
            745673,
            745679,
            745689,
            745700,
            745715,
            745730,
            745743,
            745756,
            745762,
            745766,
            745786,
            745796,
            745801,
            745817,
            745822,
            745869,
            745882,
            745893,
            745894,
            745896,
            745916,
            745933,
            745955,
            745960,
            745975,
            745986,
            746007,
            746016,
            746020,
            746024,
            746079,
            746127,
            746133,
            746148,
            746168,
            746181,
            746187,
            746203,
            746205,
            746227,
            746244,
            746256,
            746257,
            746262,
            746264,
            746275,
            746283,
            746296,
            746303,
            746349,
            746352,
            746355,
            746362,
            746372,
            746374,
            746408,
            746410,
            746422,
            746454,
            746456,
            746470,
            746482,
            746485,
            746491,
            746519,
            746520,
            746524,
            746542,
            746548,
            746580,
            746581,
            746586,
            746587,
            746598,
            746603,
            746615,
            746642,
            746653,
            746658,
            746661,
            746675,
            746683,
            746686,
            746687,
            746691,
            746695,
            746702,
            746705,
            746733,
            746770,
            746773,
            746799,
            746800,
            746805,
            746806,
            746807,
            746813,
            746821,
            746838,
            746847,
            746886,
            746890,
            746901,
            746905,
            746917,
            746924,
            746937,
            746958,
            746961,
            746970,
            746995,
            747003,
            747007,
            747028,
            747045,
            747047,
            747050,
            747051,
            747085,
            747088,
            747096,
            747141,
            747151,
            747174,
            747195,
            747205,
            747220
          ]
        },
        "mean_total_all": 9.209551255660767,
        "mean_total_no_detected_fault": 9.147072174307763
      }
    ],
    "simulation_changed": false,
    "headline_metrics_include_flagged_games": true,
    "note": "Diagnostic only. No detected fault is not certification of legal completion; observed lineup/staff policy and other modelling limitations remain. Filtered means are a sensitivity check, not an unbiased replacement benchmark."
  },
  "rate_export": {
    "path": "data/eval2/prod_rates_v26a_pa_abcd_s42_hybrid.npz",
    "players": 543,
    "max_pa_per_game": 90,
    "note": "Generated-outcome rates on the selected observed 2024 PA denominator."
  },
  "arrays_export": {
    "path": "data/eval2/calib_v26a_pa_abcd_s42_hybrid-observed-schedule_arrays.npz",
    "games": 2429,
    "reps": 5,
    "note": "Observed lineup/staff schedule; source rows cycle only if a generated half outlives its observed PA schedule. Not a pre-game roster/staff simulation."
  },
  "note": "Generated game state on observed lineup/staff schedule; a half that outlives its observed PA sources cycles those sources until a generated third out. Continuation PAs are excluded from the paired fixed-cohort rate export; this is not pre-game roster selection. Hybrid mode generates pitches with A/B/C and replaces D's in-play outcome with the Model 7 PA head.",
  "hybrid_pa_checkpoint": "checkpoints/pa_abcd/pa_v26a_pa_abcd_s42.pkl",
  "hybrid_pa_skill_mode": "mean",
  "player_stats": {
    "n_batters": 382,
    "min_pa": 150,
    "stats": {
      "AVG": {
        "real_mean": 0.23902044238541253,
        "sim_mean": 0.23332118943569752,
        "mae": 0.02687570299600787,
        "corr": 0.3393746373711969
      },
      "OBP": {
        "real_mean": 0.3096612606472928,
        "sim_mean": 0.33533344629264816,
        "mae": 0.03415799691816496,
        "corr": 0.45192572376810686
      },
      "SLG": {
        "real_mean": 0.39053884214042284,
        "sim_mean": 0.3983532308128268,
        "mae": 0.05672158336083841,
        "corr": 0.40036566808830726
      },
      "K%": {
        "real_mean": 0.2260079387708535,
        "sim_mean": 0.20811362088433233,
        "mae": 0.03402609827411562,
        "corr": 0.77997884937907
      },
      "BB%": {
        "real_mean": 0.08142517113076207,
        "sim_mean": 0.11926946889705199,
        "mae": 0.039127051751678465,
        "corr": 0.6444045698786165
      },
      "HR%": {
        "real_mean": 0.029203748068456624,
        "sim_mean": 0.031579889938876095,
        "mae": 0.010110081529228035,
        "corr": 0.5615697158607975
      }
    },
    "coverage": {
      "AVG": {
        "50": 26.17801047120419,
        "90": 50.26178010471204,
        "95": 52.09424083769634
      },
      "OBP": {
        "50": 20.680628272251308,
        "90": 38.21989528795812,
        "95": 39.79057591623037
      },
      "SLG": {
        "50": 25.13089005235602,
        "90": 51.30890052356021,
        "95": 54.973821989528794
      },
      "K%": {
        "50": 17.801047120418847,
        "90": 36.910994764397905,
        "95": 40.31413612565445
      },
      "BB%": {
        "50": 5.7591623036649215,
        "90": 15.968586387434556,
        "95": 17.539267015706805
      },
      "HR%": {
        "50": 26.17801047120419,
        "90": 49.73821989528796,
        "95": 51.832460732984295
      }
    }
  },
  "per_rep": {
    "total_mean": [
      8.998353231782627,
      9.093042404281597,
      9.335117332235487,
      9.033347056401812,
      9.209551255660767
    ],
    "home_win_rate": [
      0.5150267599835323,
      0.49403046521202143,
      0.5043227665706052,
      0.5022643062988884,
      0.5199670646356526
    ],
    "walkoff_rate": [
      0.07286949361877315,
      0.07204610951008646,
      0.07863318237958007,
      0.07533964594483326,
      0.07245780156442981
    ],
    "extra_rate": [
      0.08974886784685056,
      0.09098394400988061,
      0.09839440098806093,
      0.08974886784685056,
      0.08439687114038699
    ]
  }
}
saved -> data/runs/joint_v26a_pa_abcd_s42/hybrid_games.json
