Hook dists: starter median 23 PA, reliever median 4 PA
Extracting lineups for 2429 games...
  2429 games usable

=== runs-by-inning fraction (fatigue shape test) ===
  inning   1    2    3    4    5    6    7    8    9   | late(6-9)
  real  11.7 10.8 11.7 11.8 11.9 11.8 11.0 11.0  8.2  | 42.0%
  sim   11.1 10.1 11.7 12.3 12.2 11.9 11.2 11.4  8.2  | 42.7%

=== TRUE SIMULATION v2 (2429 games, 48s, park) ===
  runs/game   real 8.63   sim 8.30
  occupancy   real 43.2%   sim 42.8%
  home runs/g 4.14   away 4.16   home-win 52.7%  (ties 0)
  extras      real 8.9%   sim 13.9%   walk-offs 9.3%   extra-inning runs 0.27/g
  saved per-game scores -> data/runs/joint_v26a_pa_abcd_s42/pa_scores_0.npz

=== Player-level via TRUE SIM (382 batters >= 150 PA) ===
  stat      real      sim      MAE    corr
  AVG     0.2390   0.2297   0.0312   0.341
  OBP     0.3097   0.3028   0.0321   0.432
  SLG     0.3905   0.3868   0.0640   0.373
  K%      0.2260   0.2463   0.0396   0.735
  HR%     0.0292   0.0313   0.0116   0.497
