Hook dists: starter median 23 PA, reliever median 4 PA
Extracting lineups for 2429 games...
  2429 games usable

=== runs-by-inning fraction (fatigue shape test) ===
  inning   1    2    3    4    5    6    7    8    9   | late(6-9)
  real  11.7 10.8 11.7 11.8 11.9 11.8 11.0 11.0  8.2  | 42.0%
  sim   11.0 10.7 12.0 11.4 11.3 11.5 11.9 11.7  8.5  | 43.5%

=== TRUE SIMULATION v2 (2429 games, 49s, park) ===
  runs/game   real 8.63   sim 8.52
  occupancy   real 43.2%   sim 42.9%
  home runs/g 4.21   away 4.31   home-win 52.4%  (ties 0)
  extras      real 8.9%   sim 14.2%   walk-offs 9.4%   extra-inning runs 0.25/g
  saved per-game scores -> data/runs/joint_v26a_pa_abcd_s42/pa_scores_2.npz

=== Player-level via TRUE SIM (382 batters >= 150 PA) ===
  stat      real      sim      MAE    corr
  AVG     0.2390   0.2320   0.0307   0.277
  OBP     0.3097   0.3056   0.0304   0.417
  SLG     0.3905   0.3929   0.0646   0.340
  K%      0.2260   0.2453   0.0385   0.737
  HR%     0.0292   0.0321   0.0116   0.473
