/home/jaden/Documents/Baseball/diamondworldjax/scripts/simulator_benchmarks.py:40: RuntimeWarning: divide by zero encountered in scalar divide
  return np.where(ml > 0, 100.0 / (ml + 100.0), -ml / (-ml + 100.0))
SIMULATOR BENCHMARKS (v25b_pa_gru_s97-pregame-leakfree) — 2429 games, 2376 decided

1. WIN PROBABILITY (home), lower log-loss / Brier better, higher AUC better:
   model                       n   logloss    brier     AUC     ECE
   base rate (home 0.521)   2376    0.6923   0.2496       -       -
   DiamondWorld sim         2376    0.7149   0.2563   0.562   0.078
   Log5 (Pythagorean)       2376    0.6709   0.2391   0.617   0.019
   Market (devig close)     2302    0.6707   0.2391   0.614   0.019
   (common set n=2302: sim logloss 0.7154, Log5 0.6700, market 0.6707)

2. RUN-TOTAL DISTRIBUTION. mean/variance and how well each covers reality:
   real total: mean 8.63  var 18.24
   model                        mean     var  P(>=10)  P(<=5)  logscore
   real (empirical)             8.63   18.24    0.366   0.261         -
   DiamondWorld sim             9.37   18.62    0.434   0.215     2.991
   independent 2-Poisson        9.38    8.87    0.456   0.121     2.965
   league neg-binomial          8.66   17.50    0.375   0.246     2.956

   central-interval coverage (should equal the nominal level):
   model                          50%     80%     90%
   DiamondWorld sim             0.479   0.757   0.840
   independent 2-Poisson        0.362   0.585   0.680
   league neg-binomial          0.499   0.752   0.843

   randomized-PIT uniformity (KS distance from Uniform, lower = better calibrated):
   DiamondWorld sim           KS 0.0806
   independent 2-Poisson      KS 0.1833
   league neg-binomial        KS 0.0420

   overdispersion: sim within-game total variance is 1.99x the independent-Poisson
   value (var = mean); real is 2.11x. The summed model cannot produce this.
